../Drivers/BSP/Components/st7789h2/st7789h2.c:132:6:ST7789H2_Init	24	static
../Drivers/BSP/Components/st7789h2/st7789h2.c:267:6:ST7789H2_SetOrientation	24	static
../Drivers/BSP/Components/st7789h2/st7789h2.c:309:6:ST7789H2_DisplayOn	8	static
../Drivers/BSP/Components/st7789h2/st7789h2.c:323:6:ST7789H2_DisplayOff	16	static
../Drivers/BSP/Components/st7789h2/st7789h2.c:340:10:ST7789H2_GetLcdPixelWidth	4	static
../Drivers/BSP/Components/st7789h2/st7789h2.c:350:10:ST7789H2_GetLcdPixelHeight	4	static
../Drivers/BSP/Components/st7789h2/st7789h2.c:360:10:ST7789H2_ReadID	8	static
../Drivers/BSP/Components/st7789h2/st7789h2.c:373:6:ST7789H2_SetCursor	24	static
../Drivers/BSP/Components/st7789h2/st7789h2.c:397:6:ST7789H2_WritePixel	16	static
../Drivers/BSP/Components/st7789h2/st7789h2.c:415:10:ST7789H2_ReadPixel	32	static
../Drivers/BSP/Components/st7789h2/st7789h2.c:444:6:ST7789H2_WriteReg	24	static
../Drivers/BSP/Components/st7789h2/st7789h2.c:463:9:ST7789H2_ReadReg	16	static
../Drivers/BSP/Components/st7789h2/st7789h2.c:483:6:ST7789H2_SetDisplayWindow	16	static
../Drivers/BSP/Components/st7789h2/st7789h2.c:530:6:ST7789H2_DrawHLine	32	static
../Drivers/BSP/Components/st7789h2/st7789h2.c:555:6:ST7789H2_DrawVLine	32	static
../Drivers/BSP/Components/st7789h2/st7789h2.c:579:6:ST7789H2_DrawBitmap	40	static
../Drivers/BSP/Components/st7789h2/st7789h2.c:616:6:ST7789H2_DrawRGBImage	32	static
../Drivers/BSP/Components/st7789h2/st7789h2.c:643:24:ST7789H2_ReadPixel_rgb888	32	static
../Drivers/BSP/Components/st7789h2/st7789h2.c:686:13:ST7789H2_DrawRGBHLine	40	static
