../Drivers/BSP/STM32F429I-Discovery/stm32f429i_discovery_lcd.c:162:9:BSP_LCD_Init_Flipped	8	static
../Drivers/BSP/STM32F429I-Discovery/stm32f429i_discovery_lcd.c:171:9:BSP_LCD_Init	8	static
../Drivers/BSP/STM32F429I-Discovery/stm32f429i_discovery_lcd.c:254:10:BSP_LCD_GetXSize	8	static
../Drivers/BSP/STM32F429I-Discovery/stm32f429i_discovery_lcd.c:263:10:BSP_LCD_GetYSize	8	static
../Drivers/BSP/STM32F429I-Discovery/stm32f429i_discovery_lcd.c:273:6:BSP_LCD_LayerDefaultInit	72	static
../Drivers/BSP/STM32F429I-Discovery/stm32f429i_discovery_lcd.c:308:6:BSP_LCD_SelectLayer	16	static
../Drivers/BSP/STM32F429I-Discovery/stm32f429i_discovery_lcd.c:319:6:BSP_LCD_SetLayerVisible	16	static
../Drivers/BSP/STM32F429I-Discovery/stm32f429i_discovery_lcd.c:341:6:BSP_LCD_SetLayerVisible_NoReload	16	static
../Drivers/BSP/STM32F429I-Discovery/stm32f429i_discovery_lcd.c:360:6:BSP_LCD_SetTransparency	16	static
../Drivers/BSP/STM32F429I-Discovery/stm32f429i_discovery_lcd.c:372:6:BSP_LCD_SetTransparency_NoReload	16	static
../Drivers/BSP/STM32F429I-Discovery/stm32f429i_discovery_lcd.c:382:6:BSP_LCD_SetLayerAddress	16	static
../Drivers/BSP/STM32F429I-Discovery/stm32f429i_discovery_lcd.c:393:6:BSP_LCD_SetLayerAddress_NoReload	16	static
../Drivers/BSP/STM32F429I-Discovery/stm32f429i_discovery_lcd.c:406:6:BSP_LCD_SetLayerWindow	24	static
../Drivers/BSP/STM32F429I-Discovery/stm32f429i_discovery_lcd.c:424:6:BSP_LCD_SetLayerWindow_NoReload	24	static
../Drivers/BSP/STM32F429I-Discovery/stm32f429i_discovery_lcd.c:438:6:BSP_LCD_SetColorKeying	16	static
../Drivers/BSP/STM32F429I-Discovery/stm32f429i_discovery_lcd.c:451:6:BSP_LCD_SetColorKeying_NoReload	16	static
../Drivers/BSP/STM32F429I-Discovery/stm32f429i_discovery_lcd.c:462:6:BSP_LCD_ResetColorKeying	16	static
../Drivers/BSP/STM32F429I-Discovery/stm32f429i_discovery_lcd.c:473:6:BSP_LCD_ResetColorKeying_NoReload	16	static
../Drivers/BSP/STM32F429I-Discovery/stm32f429i_discovery_lcd.c:486:6:BSP_LCD_Relaod	16	static
../Drivers/BSP/STM32F429I-Discovery/stm32f429i_discovery_lcd.c:495:10:BSP_LCD_GetTextColor	4	static
../Drivers/BSP/STM32F429I-Discovery/stm32f429i_discovery_lcd.c:504:10:BSP_LCD_GetBackColor	4	static
../Drivers/BSP/STM32F429I-Discovery/stm32f429i_discovery_lcd.c:513:6:BSP_LCD_SetTextColor	16	static
../Drivers/BSP/STM32F429I-Discovery/stm32f429i_discovery_lcd.c:522:6:BSP_LCD_SetBackColor	16	static
../Drivers/BSP/STM32F429I-Discovery/stm32f429i_discovery_lcd.c:531:6:BSP_LCD_SetFont	16	static
../Drivers/BSP/STM32F429I-Discovery/stm32f429i_discovery_lcd.c:540:8:BSP_LCD_GetFont	4	static
../Drivers/BSP/STM32F429I-Discovery/stm32f429i_discovery_lcd.c:551:10:BSP_LCD_ReadPixel	32	static
../Drivers/BSP/STM32F429I-Discovery/stm32f429i_discovery_lcd.c:585:6:BSP_LCD_Clear	40	static
../Drivers/BSP/STM32F429I-Discovery/stm32f429i_discovery_lcd.c:595:6:BSP_LCD_ClearStringLine	32	static
../Drivers/BSP/STM32F429I-Discovery/stm32f429i_discovery_lcd.c:613:6:BSP_LCD_DisplayChar	24	static
../Drivers/BSP/STM32F429I-Discovery/stm32f429i_discovery_lcd.c:630:6:BSP_LCD_DisplayStringAt	48	static
../Drivers/BSP/STM32F429I-Discovery/stm32f429i_discovery_lcd.c:684:6:BSP_LCD_DisplayStringAtLine	16	static
../Drivers/BSP/STM32F429I-Discovery/stm32f429i_discovery_lcd.c:695:6:BSP_LCD_DrawHLine	40	static
../Drivers/BSP/STM32F429I-Discovery/stm32f429i_discovery_lcd.c:712:6:BSP_LCD_DrawVLine	48	static
../Drivers/BSP/STM32F429I-Discovery/stm32f429i_discovery_lcd.c:730:6:BSP_LCD_DrawLine	56	static
../Drivers/BSP/STM32F429I-Discovery/stm32f429i_discovery_lcd.c:804:6:BSP_LCD_DrawRect	24	static
../Drivers/BSP/STM32F429I-Discovery/stm32f429i_discovery_lcd.c:821:6:BSP_LCD_DrawCircle	40	static
../Drivers/BSP/STM32F429I-Discovery/stm32f429i_discovery_lcd.c:860:6:BSP_LCD_DrawPolygon	32	static
../Drivers/BSP/STM32F429I-Discovery/stm32f429i_discovery_lcd.c:887:6:BSP_LCD_DrawEllipse	64	static
../Drivers/BSP/STM32F429I-Discovery/stm32f429i_discovery_lcd.c:919:6:BSP_LCD_DrawBitmap	56	static
../Drivers/BSP/STM32F429I-Discovery/stm32f429i_discovery_lcd.c:977:6:BSP_LCD_FillRect	48	static
../Drivers/BSP/STM32F429I-Discovery/stm32f429i_discovery_lcd.c:1004:6:BSP_LCD_FillCircle	32	static
../Drivers/BSP/STM32F429I-Discovery/stm32f429i_discovery_lcd.c:1055:6:BSP_LCD_FillTriangle	56	static
../Drivers/BSP/STM32F429I-Discovery/stm32f429i_discovery_lcd.c:1128:6:BSP_LCD_FillPolygon	64	static
../Drivers/BSP/STM32F429I-Discovery/stm32f429i_discovery_lcd.c:1196:6:BSP_LCD_FillEllipse	56	static
../Drivers/BSP/STM32F429I-Discovery/stm32f429i_discovery_lcd.c:1224:6:BSP_LCD_DisplayOn	8	static
../Drivers/BSP/STM32F429I-Discovery/stm32f429i_discovery_lcd.c:1235:6:BSP_LCD_DisplayOff	8	static
../Drivers/BSP/STM32F429I-Discovery/stm32f429i_discovery_lcd.c:1250:13:BSP_LCD_MspInit	64	static
../Drivers/BSP/STM32F429I-Discovery/stm32f429i_discovery_lcd.c:1335:6:BSP_LCD_DrawPixel	24	static
../Drivers/BSP/STM32F429I-Discovery/stm32f429i_discovery_lcd.c:1352:13:DrawChar	40	static
../Drivers/BSP/STM32F429I-Discovery/stm32f429i_discovery_lcd.c:1409:13:FillBuffer	32	static
../Drivers/BSP/STM32F429I-Discovery/stm32f429i_discovery_lcd.c:1440:13:ConvertLineToARGB8888	32	static
