Archive member included to satisfy reference by file (symbol)

/Applications/STM32CubeIDE.app/Contents/Eclipse/plugins/com.st.stm32cube.ide.mcu.externaltools.gnu-tools-for-stm32.10.3-2021.10.macos64_1.0.100.202210260954/tools/bin/../lib/gcc/arm-none-eabi/10.3.1/../../../../arm-none-eabi/lib/thumb/v7e-m+fp/hard/libc_nano.a(lib_a-exit.o)
                              /Applications/STM32CubeIDE.app/Contents/Eclipse/plugins/com.st.stm32cube.ide.mcu.externaltools.gnu-tools-for-stm32.10.3-2021.10.macos64_1.0.100.202210260954/tools/bin/../lib/gcc/arm-none-eabi/10.3.1/../../../../arm-none-eabi/lib/thumb/v7e-m+fp/hard/crt0.o (exit)
/Applications/STM32CubeIDE.app/Contents/Eclipse/plugins/com.st.stm32cube.ide.mcu.externaltools.gnu-tools-for-stm32.10.3-2021.10.macos64_1.0.100.202210260954/tools/bin/../lib/gcc/arm-none-eabi/10.3.1/../../../../arm-none-eabi/lib/thumb/v7e-m+fp/hard/libc_nano.a(lib_a-impure.o)
                              /Applications/STM32CubeIDE.app/Contents/Eclipse/plugins/com.st.stm32cube.ide.mcu.externaltools.gnu-tools-for-stm32.10.3-2021.10.macos64_1.0.100.202210260954/tools/bin/../lib/gcc/arm-none-eabi/10.3.1/../../../../arm-none-eabi/lib/thumb/v7e-m+fp/hard/libc_nano.a(lib_a-exit.o) (_global_impure_ptr)
/Applications/STM32CubeIDE.app/Contents/Eclipse/plugins/com.st.stm32cube.ide.mcu.externaltools.gnu-tools-for-stm32.10.3-2021.10.macos64_1.0.100.202210260954/tools/bin/../lib/gcc/arm-none-eabi/10.3.1/../../../../arm-none-eabi/lib/thumb/v7e-m+fp/hard/libc_nano.a(lib_a-init.o)
                              /Applications/STM32CubeIDE.app/Contents/Eclipse/plugins/com.st.stm32cube.ide.mcu.externaltools.gnu-tools-for-stm32.10.3-2021.10.macos64_1.0.100.202210260954/tools/bin/../lib/gcc/arm-none-eabi/10.3.1/../../../../arm-none-eabi/lib/thumb/v7e-m+fp/hard/crt0.o (__libc_init_array)
/Applications/STM32CubeIDE.app/Contents/Eclipse/plugins/com.st.stm32cube.ide.mcu.externaltools.gnu-tools-for-stm32.10.3-2021.10.macos64_1.0.100.202210260954/tools/bin/../lib/gcc/arm-none-eabi/10.3.1/../../../../arm-none-eabi/lib/thumb/v7e-m+fp/hard/libc_nano.a(lib_a-memset.o)
                              /Applications/STM32CubeIDE.app/Contents/Eclipse/plugins/com.st.stm32cube.ide.mcu.externaltools.gnu-tools-for-stm32.10.3-2021.10.macos64_1.0.100.202210260954/tools/bin/../lib/gcc/arm-none-eabi/10.3.1/../../../../arm-none-eabi/lib/thumb/v7e-m+fp/hard/crt0.o (memset)
/Applications/STM32CubeIDE.app/Contents/Eclipse/plugins/com.st.stm32cube.ide.mcu.externaltools.gnu-tools-for-stm32.10.3-2021.10.macos64_1.0.100.202210260954/tools/bin/../lib/gcc/arm-none-eabi/10.3.1/../../../../arm-none-eabi/lib/thumb/v7e-m+fp/hard/libc_nano.a(lib_a-snprintf.o)
                              ./Core/Src/measuring.o (snprintf)
/Applications/STM32CubeIDE.app/Contents/Eclipse/plugins/com.st.stm32cube.ide.mcu.externaltools.gnu-tools-for-stm32.10.3-2021.10.macos64_1.0.100.202210260954/tools/bin/../lib/gcc/arm-none-eabi/10.3.1/../../../../arm-none-eabi/lib/thumb/v7e-m+fp/hard/libc_nano.a(lib_a-nano-svfprintf.o)
                              /Applications/STM32CubeIDE.app/Contents/Eclipse/plugins/com.st.stm32cube.ide.mcu.externaltools.gnu-tools-for-stm32.10.3-2021.10.macos64_1.0.100.202210260954/tools/bin/../lib/gcc/arm-none-eabi/10.3.1/../../../../arm-none-eabi/lib/thumb/v7e-m+fp/hard/libc_nano.a(lib_a-snprintf.o) (_svfprintf_r)
/Applications/STM32CubeIDE.app/Contents/Eclipse/plugins/com.st.stm32cube.ide.mcu.externaltools.gnu-tools-for-stm32.10.3-2021.10.macos64_1.0.100.202210260954/tools/bin/../lib/gcc/arm-none-eabi/10.3.1/../../../../arm-none-eabi/lib/thumb/v7e-m+fp/hard/libc_nano.a(lib_a-nano-vfprintf_i.o)
                              /Applications/STM32CubeIDE.app/Contents/Eclipse/plugins/com.st.stm32cube.ide.mcu.externaltools.gnu-tools-for-stm32.10.3-2021.10.macos64_1.0.100.202210260954/tools/bin/../lib/gcc/arm-none-eabi/10.3.1/../../../../arm-none-eabi/lib/thumb/v7e-m+fp/hard/libc_nano.a(lib_a-nano-svfprintf.o) (_printf_i)
/Applications/STM32CubeIDE.app/Contents/Eclipse/plugins/com.st.stm32cube.ide.mcu.externaltools.gnu-tools-for-stm32.10.3-2021.10.macos64_1.0.100.202210260954/tools/bin/../lib/gcc/arm-none-eabi/10.3.1/../../../../arm-none-eabi/lib/thumb/v7e-m+fp/hard/libc_nano.a(lib_a-memchr.o)
                              /Applications/STM32CubeIDE.app/Contents/Eclipse/plugins/com.st.stm32cube.ide.mcu.externaltools.gnu-tools-for-stm32.10.3-2021.10.macos64_1.0.100.202210260954/tools/bin/../lib/gcc/arm-none-eabi/10.3.1/../../../../arm-none-eabi/lib/thumb/v7e-m+fp/hard/libc_nano.a(lib_a-nano-svfprintf.o) (memchr)
/Applications/STM32CubeIDE.app/Contents/Eclipse/plugins/com.st.stm32cube.ide.mcu.externaltools.gnu-tools-for-stm32.10.3-2021.10.macos64_1.0.100.202210260954/tools/bin/../lib/gcc/arm-none-eabi/10.3.1/../../../../arm-none-eabi/lib/thumb/v7e-m+fp/hard/libc_nano.a(lib_a-memcpy-stub.o)
[...]
Memory Configuration

Name             Origin             Length             Attributes
CCMRAM           0x0000000010000000 0x0000000000010000 xrw
RAM              0x0000000020000000 0x0000000000030000 xrw
FLASH            0x0000000008000000 0x0000000000200000 xr
*default*        0x0000000000000000 0xffffffffffffffff

Linker script and memory map

LOAD /Applications/STM32CubeIDE.app/Contents/Eclipse/plugins/com.st.stm32cube.ide.mcu.externaltools.gnu-tools-for-stm32.10.3-2021.10.macos64_1.0.100.202210260954/tools/bin/../lib/gcc/arm-none-eabi/10.3.1/thumb/v7e-m+fp/hard/crti.o
LOAD /Applications/STM32CubeIDE.app/Contents/Eclipse/plugins/com.st.stm32cube.ide.mcu.externaltools.gnu-tools-for-stm32.10.3-2021.10.macos64_1.0.100.202210260954/tools/bin/../lib/gcc/arm-none-eabi/10.3.1/thumb/v7e-m+fp/hard/crtbegin.o
LOAD /Applications/STM32CubeIDE.app/Contents/Eclipse/plugins/com.st.stm32cube.ide.mcu.externaltools.gnu-tools-for-stm32.10.3-2021.10.macos64_1.0.100.202210260954/tools/bin/../lib/gcc/arm-none-eabi/10.3.1/../../../../arm-none-eabi/lib/thumb/v7e-m+fp/hard/crt0.o
LOAD ./Core/Src/main.o
LOAD ./Core/Src/measuring.o
LOAD ./Core/Src/menu.o
LOAD ./Core/Src/pushbutton.o
LOAD ./Core/Src/stm32f4xx_it.o
LOAD ./Core/Src/system_stm32f4xx.o
LOAD ./Core/Startup/startup_stm32f429zitx.o
LOAD ./Drivers/BSP/Components/cs43l22/cs43l22.o
LOAD ./Drivers/BSP/Components/exc7200/exc7200.o
LOAD ./Drivers/BSP/Components/ft6x06/ft6x06.o
LOAD ./Drivers/BSP/Components/ili9325/ili9325.o
LOAD ./Drivers/BSP/Components/ili9341/ili9341.o
LOAD ./Drivers/BSP/Components/l3gd20/l3gd20.o
LOAD ./Drivers/BSP/Components/lis302dl/lis302dl.o
LOAD ./Drivers/BSP/Components/lis3dsh/lis3dsh.o
LOAD ./Drivers/BSP/Components/ls016b8uy/ls016b8uy.o
LOAD ./Drivers/BSP/Components/lsm303dlhc/lsm303dlhc.o
LOAD ./Drivers/BSP/Components/mfxstm32l152/mfxstm32l152.o
LOAD ./Drivers/BSP/Components/otm8009a/otm8009a.o
LOAD ./Drivers/BSP/Components/ov2640/ov2640.o
LOAD ./Drivers/BSP/Components/ov5640/ov5640.o
LOAD ./Drivers/BSP/Components/s5k5cag/s5k5cag.o
LOAD ./Drivers/BSP/Components/st7735/st7735.o
LOAD ./Drivers/BSP/Components/st7789h2/st7789h2.o
LOAD ./Drivers/BSP/Components/stmpe1600/stmpe1600.o
LOAD ./Drivers/BSP/Components/stmpe811/stmpe811.o
LOAD ./Drivers/BSP/Components/ts3510/ts3510.o
LOAD ./Drivers/BSP/Components/wm8994/wm8994.o
LOAD ./Drivers/BSP/STM32F429I-Discovery/stm32f429i_discovery.o
LOAD ./Drivers/BSP/STM32F429I-Discovery/stm32f429i_discovery_eeprom.o
LOAD ./Drivers/BSP/STM32F429I-Discovery/stm32f429i_discovery_gyroscope.o
LOAD ./Drivers/BSP/STM32F429I-Discovery/stm32f429i_discovery_io.o
LOAD ./Drivers/BSP/STM32F429I-Discovery/stm32f429i_discovery_lcd.o
LOAD ./Drivers/BSP/STM32F429I-Discovery/stm32f429i_discovery_sdram.o
LOAD ./Drivers/BSP/STM32F429I-Discovery/stm32f429i_discovery_ts.o
LOAD ./Drivers/STM32F4xx_HAL_Driver/Src/stm32f4xx_hal.o
LOAD ./Drivers/STM32F4xx_HAL_Driver/Src/stm32f4xx_hal_cortex.o
LOAD ./Drivers/STM32F4xx_HAL_Driver/Src/stm32f4xx_hal_crc.o
LOAD ./Drivers/STM32F4xx_HAL_Driver/Src/stm32f4xx_hal_dma.o
LOAD ./Drivers/STM32F4xx_HAL_Driver/Src/stm32f4xx_hal_dma2d.o
LOAD ./Drivers/STM32F4xx_HAL_Driver/Src/stm32f4xx_hal_dma_ex.o
LOAD ./Drivers/STM32F4xx_HAL_Driver/Src/stm32f4xx_hal_dsi.o
LOAD ./Drivers/STM32F4xx_HAL_Driver/Src/stm32f4xx_hal_exti.o
LOAD ./Drivers/STM32F4xx_HAL_Driver/Src/stm32f4xx_hal_flash.o
LOAD ./Drivers/STM32F4xx_HAL_Driver/Src/stm32f4xx_hal_flash_ex.o
LOAD ./Drivers/STM32F4xx_HAL_Driver/Src/stm32f4xx_hal_flash_ramfunc.o
LOAD ./Drivers/STM32F4xx_HAL_Driver/Src/stm32f4xx_hal_gpio.o
LOAD ./Drivers/STM32F4xx_HAL_Driver/Src/stm32f4xx_hal_hcd.o
LOAD ./Drivers/STM32F4xx_HAL_Driver/Src/stm32f4xx_hal_i2c.o
LOAD ./Drivers/STM32F4xx_HAL_Driver/Src/stm32f4xx_hal_i2c_ex.o
LOAD ./Drivers/STM32F4xx_HAL_Driver/Src/stm32f4xx_hal_ltdc.o
LOAD ./Drivers/STM32F4xx_HAL_Driver/Src/stm32f4xx_hal_ltdc_ex.o
LOAD ./Drivers/STM32F4xx_HAL_Driver/Src/stm32f4xx_hal_pwr.o
LOAD ./Drivers/STM32F4xx_HAL_Driver/Src/stm32f4xx_hal_pwr_ex.o
LOAD ./Drivers/STM32F4xx_HAL_Driver/Src/stm32f4xx_hal_rcc.o
LOAD ./Drivers/STM32F4xx_HAL_Driver/Src/stm32f4xx_hal_rcc_ex.o
LOAD ./Drivers/STM32F4xx_HAL_Driver/Src/stm32f4xx_hal_sdram.o
LOAD ./Drivers/STM32F4xx_HAL_Driver/Src/stm32f4xx_hal_spi.o
LOAD ./Drivers/STM32F4xx_HAL_Driver/Src/stm32f4xx_hal_tim.o
LOAD ./Drivers/STM32F4xx_HAL_Driver/Src/stm32f4xx_hal_tim_ex.o
LOAD ./Drivers/STM32F4xx_HAL_Driver/Src/stm32f4xx_hal_uart.o
LOAD ./Drivers/STM32F4xx_HAL_Driver/Src/stm32f4xx_ll_fmc.o
LOAD ./Drivers/STM32F4xx_HAL_Driver/Src/stm32f4xx_ll_usb.o
LOAD ../Drivers/CMSIS/Lib/GCC/libarm_cortexM4lf_math.a
START GROUP
LOAD /Applications/STM32CubeIDE.app/Contents/Eclipse/plugins/com.st.stm32cube.ide.mcu.externaltools.gnu-tools-for-stm32.10.3-2021.10.macos64_1.0.100.202210260954/tools/bin/../lib/gcc/arm-none-eabi/10.3.1/../../../../arm-none-eabi/lib/thumb/v7e-m+fp/hard/libc_nano.a
LOAD /Applications/STM32CubeIDE.app/Contents/Eclipse/plugins/com.st.stm32cube.ide.mcu.externaltools.gnu-tools-for-stm32.10.3-2021.10.macos64_1.0.100.202210260954/tools/bin/../lib/gcc/arm-none-eabi/10.3.1/../../../../arm-none-eabi/lib/thumb/v7e-m+fp/hard/libm.a
END GROUP
START GROUP
LOAD /Applications/STM32CubeIDE.app/Contents/Eclipse/plugins/com.st.stm32cube.ide.mcu.externaltools.gnu-tools-for-stm32.10.3-2021.10.macos64_1.0.100.202210260954/tools/bin/../lib/gcc/arm-none-eabi/10.3.1/thumb/v7e-m+fp/hard/libgcc.a
LOAD /Applications/STM32CubeIDE.app/Contents/Eclipse/plugins/com.st.stm32cube.ide.mcu.externaltools.gnu-tools-for-stm32.10.3-2021.10.macos64_1.0.100.202210260954/tools/bin/../lib/gcc/arm-none-eabi/10.3.1/../../../../arm-none-eabi/lib/thumb/v7e-m+fp/hard/libc_nano.a
END GROUP
START GROUP
LOAD /Applications/STM32CubeIDE.app/Contents/Eclipse/plugins/com.st.stm32cube.ide.mcu.externaltools.gnu-tools-for-stm32.10.3-2021.10.macos64_1.0.100.202210260954/tools/bin/../lib/gcc/arm-none-eabi/10.3.1/thumb/v7e-m+fp/hard/libgcc.a
LOAD /Applications/STM32CubeIDE.app/Contents/Eclipse/plugins/com.st.stm32cube.ide.mcu.externaltools.gnu-tools-for-stm32.10.3-2021.10.macos64_1.0.100.202210260954/tools/bin/../lib/gcc/arm-none-eabi/10.3.1/../../../../arm-none-eabi/lib/thumb/v7e-m+fp/hard/libc_nano.a
LOAD /Applications/STM32CubeIDE.app/Contents/Eclipse/plugins/com.st.stm32cube.ide.mcu.externaltools.gnu-tools-for-stm32.10.3-2021.10.macos64_1.0.100.202210260954/tools/bin/../lib/gcc/arm-none-eabi/10.3.1/../../../../arm-none-eabi/lib/thumb/v7e-m+fp/hard/libnosys.a
END GROUP
START GROUP
LOAD /Applications/STM32CubeIDE.app/Contents/Eclipse/plugins/com.st.stm32cube.ide.mcu.externaltools.gnu-tools-for-stm32.10.3-2021.10.macos64_1.0.100.202210260954/tools/bin/../lib/gcc/arm-none-eabi/10.3.1/thumb/v7e-m+fp/hard/libgcc.a
LOAD /Applications/STM32CubeIDE.app/Contents/Eclipse/plugins/com.st.stm32cube.ide.mcu.externaltools.gnu-tools-for-stm32.10.3-2021.10.macos64_1.0.100.202210260954/tools/bin/../lib/gcc/arm-none-eabi/10.3.1/../../../../arm-none-eabi/lib/thumb/v7e-m+fp/hard/libc_nano.a
LOAD /Applications/STM32CubeIDE.app/Contents/Eclipse/plugins/com.st.stm32cube.ide.mcu.externaltools.gnu-tools-for-stm32.10.3-2021.10.macos64_1.0.100.202210260954/tools/bin/../lib/gcc/arm-none-eabi/10.3.1/../../../../arm-none-eabi/lib/thumb/v7e-m+fp/hard/libnosys.a
END GROUP
LOAD /Applications/STM32CubeIDE.app/Contents/Eclipse/plugins/com.st.stm32cube.ide.mcu.externaltools.gnu-tools-for-stm32.10.3-2021.10.macos64_1.0.100.202210260954/tools/bin/../lib/gcc/arm-none-eabi/10.3.1/thumb/v7e-m+fp/hard/crtend.o
LOAD /Applications/STM32CubeIDE.app/Contents/Eclipse/plugins/com.st.stm32cube.ide.mcu.externaltools.gnu-tools-for-stm32.10.3-2021.10.macos64_1.0.100.202210260954/tools/bin/../lib/gcc/arm-none-eabi/10.3.1/thumb/v7e-m+fp/hard/crtn.o
                0x0000000020030000                _estack = (ORIGIN (RAM) + LENGTH (RAM))
                0x0000000000000200                _Min_Heap_Size = 0x200
                0x0000000000000400                _Min_Stack_Size = 0x400

.isr_vector     0x0000000008000000      0x1ac
                0x0000000008000000                . = ALIGN (0x4)
 *(.isr_vector)
 .isr_vector    0x0000000008000000      0x1ac ./Core/Startup/startup_stm32f429zitx.o
                0x0000000008000000                g_pfnVectors
                0x00000000080001ac                . = ALIGN (0x4)

.text           0x00000000080001b0     0x9de4
                0x00000000080001b0                . = ALIGN (0x4)
 *(.text)
 .text          0x00000000080001b0       0x40 /Applications/STM32CubeIDE.app/Contents/Eclipse/plugins/com.st.stm32cube.ide.mcu.externaltools.gnu-tools-for-stm32.10.3-2021.10.macos64_1.0.100.202210260954/tools/bin/../lib/gcc/arm-none-eabi/10.3.1/thumb/v7e-m+fp/hard/crtbegin.o
 .text          0x00000000080001f0       0xa0 /Applications/STM32CubeIDE.app/Contents/Eclipse/plugins/com.st.stm32cube.ide.mcu.externaltools.gnu-tools-for-stm32.10.3-2021.10.macos64_1.0.100.202210260954/tools/bin/../lib/gcc/arm-none-eabi/10.3.1/../../../../arm-none-eabi/lib/thumb/v7e-m+fp/hard/libc_nano.a(lib_a-memchr.o)
                0x00000000080001f0                memchr
 .text          0x0000000008000290      0x378 /Applications/STM32CubeIDE.app/Contents/Eclipse/plugins/com.st.stm32cube.ide.mcu.externaltools.gnu-tools-for-stm32.10.3-2021.10.macos64_1.0.100.202210260954/tools/bin/../lib/gcc/arm-none-eabi/10.3.1/thumb/v7e-m+fp/hard/libgcc.a(_arm_addsubdf3.o)
                0x0000000008000290                __aeabi_drsub
                0x0000000008000298                __subdf3
                0x0000000008000298                __aeabi_dsub
                0x000000000800029c                __aeabi_dadd
                0x000000000800029c                __adddf3
                0x0000000008000514                __aeabi_ui2d
                0x0000000008000514                __floatunsidf
                0x0000000008000534                __floatsidf
                0x0000000008000534                __aeabi_i2d
                0x0000000008000558                __extendsfdf2
                0x0000000008000558                __aeabi_f2d
                0x000000000800059c                __aeabi_ul2d
                0x000000000800059c                __floatundidf
                0x00000000080005ac                __aeabi_l2d
                0x00000000080005ac                __floatdidf
 .text          0x0000000008000608      0x424 /Applications/STM32CubeIDE.app/Contents/Eclipse/plugins/com.st.stm32cube.ide.mcu.externaltools.gnu-tools-for-stm32.10.3-2021.10.macos64_1.0.100.202210260954/tools/bin/../lib/gcc/arm-none-eabi/10.3.1/thumb/v7e-m+fp/hard/libgcc.a(_arm_muldivdf3.o)
                0x0000000008000608                __aeabi_dmul
                0x0000000008000608                __muldf3
                0x000000000800085c                __aeabi_ddiv
                0x000000000800085c                __divdf3
 .text          0x0000000008000a2c      0x110 /Applications/STM32CubeIDE.app/Contents/Eclipse/plugins/com.st.stm32cube.ide.mcu.externaltools.gnu-tools-for-stm32.10.3-2021.10.macos64_1.0.100.202210260954/tools/bin/../lib/gcc/arm-none-eabi/10.3.1/thumb/v7e-m+fp/hard/libgcc.a(_arm_cmpdf2.o)
                0x0000000008000a2c                __gedf2
                0x0000000008000a2c                __gtdf2
                0x0000000008000a34                __ledf2
                0x0000000008000a34                __ltdf2
                0x0000000008000a3c                __cmpdf2
                0x0000000008000a3c                __eqdf2
                0x0000000008000a3c                __nedf2
                0x0000000008000ab8                __aeabi_cdrcmple
                0x0000000008000ac8                __aeabi_cdcmple
                0x0000000008000ac8                __aeabi_cdcmpeq
                0x0000000008000ad8                __aeabi_dcmpeq
                0x0000000008000aec                __aeabi_dcmplt
                0x0000000008000b00                __aeabi_dcmple
                0x0000000008000b14                __aeabi_dcmpge
                0x0000000008000b28                __aeabi_dcmpgt
 .text          0x0000000008000b3c       0x2c /Applications/STM32CubeIDE.app/Contents/Eclipse/plugins/com.st.stm32cube.ide.mcu.externaltools.gnu-tools-for-stm32.10.3-2021.10.macos64_1.0.100.202210260954/tools/bin/../lib/gcc/arm-none-eabi/10.3.1/thumb/v7e-m+fp/hard/libgcc.a(_arm_unorddf2.o)
                0x0000000008000b3c                __aeabi_dcmpun
                0x0000000008000b3c                __unorddf2
 .text          0x0000000008000b68       0x50 /Applications/STM32CubeIDE.app/Contents/Eclipse/plugins/com.st.stm32cube.ide.mcu.externaltools.gnu-tools-for-stm32.10.3-2021.10.macos64_1.0.100.202210260954/tools/bin/../lib/gcc/arm-none-eabi/10.3.1/thumb/v7e-m+fp/hard/libgcc.a(_arm_fixdfsi.o)
                0x0000000008000b68                __fixdfsi
                0x0000000008000b68                __aeabi_d2iz
 .text          0x0000000008000bb8       0x30 /Applications/STM32CubeIDE.app/Contents/Eclipse/plugins/com.st.stm32cube.ide.mcu.externaltools.gnu-tools-for-stm32.10.3-2021.10.macos64_1.0.100.202210260954/tools/bin/../lib/gcc/arm-none-eabi/10.3.1/thumb/v7e-m+fp/hard/libgcc.a(_aeabi_uldivmod.o)
                0x0000000008000bb8                __aeabi_uldivmod
 .text          0x0000000008000be8      0x2d0 /Applications/STM32CubeIDE.app/Contents/Eclipse/plugins/com.st.stm32cube.ide.mcu.externaltools.gnu-tools-for-stm32.10.3-2021.10.macos64_1.0.100.202210260954/tools/bin/../lib/gcc/arm-none-eabi/10.3.1/thumb/v7e-m+fp/hard/libgcc.a(_udivmoddi4.o)
                0x0000000008000be8                __udivmoddi4
 .text          0x0000000008000eb8        0x4 /Applications/STM32CubeIDE.app/Contents/Eclipse/plugins/com.st.stm32cube.ide.mcu.externaltools.gnu-tools-for-stm32.10.3-2021.10.macos64_1.0.100.202210260954/tools/bin/../lib/gcc/arm-none-eabi/10.3.1/thumb/v7e-m+fp/hard/libgcc.a(_dvmd_tls.o)
                0x0000000008000eb8                __aeabi_ldiv0
                0x0000000008000eb8                __aeabi_idiv0
 *(.text*)
 .text.main     0x0000000008000ebc       0xf8 ./Core/Src/main.o
                0x0000000008000ebc                main
 .text.SystemClock_Config
                0x0000000008000fb4       0xfc ./Core/Src/main.o
 .text.gyro_disable
                0x00000000080010b0       0xc0 ./Core/Src/main.o
 .text.__NVIC_EnableIRQ
                0x0000000008001170       0x3c ./Core/Src/measuring.o
 .text.__NVIC_DisableIRQ
                0x00000000080011ac       0x48 ./Core/Src/measuring.o
 .text.__NVIC_ClearPendingIRQ
                0x00000000080011f4       0x3c ./Core/Src/measuring.o
 .text.orderSamples
                0x0000000008001230       0x90 ./Core/Src/measuring.o
                0x0000000008001230                orderSamples
 .text.rootMeanSquare
                0x00000000080012c0       0xec ./Core/Src/measuring.o
                0x00000000080012c0                rootMeanSquare
 .text.averageOfTwoArrays
                0x00000000080013ac       0x26 ./Core/Src/measuring.o
                0x00000000080013ac                averageOfTwoArrays
 *fill*         0x00000000080013d2        0x2 
 .text.findDistance
                0x00000000080013d4       0x40 ./Core/Src/measuring.o
                0x00000000080013d4                findDistance
 .text.MEAS_GPIO_analog_init
                0x0000000008001414       0x88 ./Core/Src/measuring.o
                0x0000000008001414                MEAS_GPIO_analog_init
 .text.DAC_reset
                0x000000000800149c       0x2c ./Core/Src/measuring.o
                0x000000000800149c                DAC_reset
 .text.DAC_init
                0x00000000080014c8       0x44 ./Core/Src/measuring.o
                0x00000000080014c8                DAC_init
 .text.DAC_increment
                0x000000000800150c       0x38 ./Core/Src/measuring.o
                0x000000000800150c                DAC_increment
 .text.ADC_reset
                0x0000000008001544       0x3c ./Core/Src/measuring.o
                0x0000000008001544                ADC_reset
 .text.MEAS_timer_init
                0x0000000008001580       0x6c ./Core/Src/measuring.o
                0x0000000008001580                MEAS_timer_init
 .text.ADC3_IN13_IN4_scan_init
                0x00000000080015ec      0x150 ./Core/Src/measuring.o
                0x00000000080015ec                ADC3_IN13_IN4_scan_init
 .text.ADC3_IN13_IN4_scan_start
                0x000000000800173c       0x44 ./Core/Src/measuring.o
                0x000000000800173c                ADC3_IN13_IN4_scan_start
 .text.TIM2_IRQHandler
                0x0000000008001780       0x28 ./Core/Src/measuring.o
                0x0000000008001780                TIM2_IRQHandler
 .text.ADC_IRQHandler
                0x00000000080017a8       0x68 ./Core/Src/measuring.o
                0x00000000080017a8                ADC_IRQHandler
 .text.DMA2_Stream1_IRQHandler
                0x0000000008001810       0x88 ./Core/Src/measuring.o
                0x0000000008001810                DMA2_Stream1_IRQHandler
 .text.DMA2_Stream3_IRQHandler
                0x0000000008001898       0x88 ./Core/Src/measuring.o
                0x0000000008001898                DMA2_Stream3_IRQHandler
 .text.DMA2_Stream4_IRQHandler
                0x0000000008001920       0x9c ./Core/Src/measuring.o
                0x0000000008001920                DMA2_Stream4_IRQHandler
 .text.MEAS_show_data
                0x00000000080019bc      0x320 ./Core/Src/measuring.o
                0x00000000080019bc                MEAS_show_data
 .text.MENU_draw
                0x0000000008001cdc      0x15c ./Core/Src/menu.o
                0x0000000008001cdc                MENU_draw
 .text.MENU_hint
                0x0000000008001e38       0x9c ./Core/Src/menu.o
                0x0000000008001e38                MENU_hint
 .text.MENU_get_transition
                0x0000000008001ed4       0x24 ./Core/Src/menu.o
                0x0000000008001ed4                MENU_get_transition
 .text.MENU_check_transition
                0x0000000008001ef8       0xdc ./Core/Src/menu.o
                0x0000000008001ef8                MENU_check_transition
 .text.EXTI15_10_IRQHandler
                0x0000000008001fd4       0x44 ./Core/Src/menu.o
                0x0000000008001fd4                EXTI15_10_IRQHandler
 .text.__NVIC_EnableIRQ
                0x0000000008002018       0x3c ./Core/Src/pushbutton.o
 .text.__NVIC_ClearPendingIRQ
                0x0000000008002054       0x3c ./Core/Src/pushbutton.o
 .text.PB_init  0x0000000008002090       0x40 ./Core/Src/pushbutton.o
                0x0000000008002090                PB_init
 .text.PB_enableIRQ
                0x00000000080020d0       0x64 ./Core/Src/pushbutton.o
                0x00000000080020d0                PB_enableIRQ
 .text.PB_pressed
                0x0000000008002134       0x24 ./Core/Src/pushbutton.o
                0x0000000008002134                PB_pressed
 .text.EXTI0_IRQHandler
                0x0000000008002158       0x34 ./Core/Src/pushbutton.o
                0x0000000008002158                EXTI0_IRQHandler
 .text.NMI_Handler
                0x000000000800218c        0xe ./Core/Src/stm32f4xx_it.o
                0x000000000800218c                NMI_Handler
 .text.HardFault_Handler
                0x000000000800219a        0x6 ./Core/Src/stm32f4xx_it.o
                0x000000000800219a                HardFault_Handler
 .text.MemManage_Handler
                0x00000000080021a0        0x6 ./Core/Src/stm32f4xx_it.o
                0x00000000080021a0                MemManage_Handler
 .text.BusFault_Handler
                0x00000000080021a6        0x6 ./Core/Src/stm32f4xx_it.o
                0x00000000080021a6                BusFault_Handler
 .text.UsageFault_Handler
                0x00000000080021ac        0x6 ./Core/Src/stm32f4xx_it.o
                0x00000000080021ac                UsageFault_Handler
 .text.SVC_Handler
                0x00000000080021b2        0xe ./Core/Src/stm32f4xx_it.o
                0x00000000080021b2                SVC_Handler
 .text.DebugMon_Handler
                0x00000000080021c0        0xe ./Core/Src/stm32f4xx_it.o
                0x00000000080021c0                DebugMon_Handler
 .text.PendSV_Handler
                0x00000000080021ce        0xe ./Core/Src/stm32f4xx_it.o
                0x00000000080021ce                PendSV_Handler
 .text.SysTick_Handler
                0x00000000080021dc        0xc ./Core/Src/stm32f4xx_it.o
                0x00000000080021dc                SysTick_Handler
 .text.SystemInit
                0x00000000080021e8       0x6c ./Core/Src/system_stm32f4xx.o
                0x00000000080021e8                SystemInit
 .text.Reset_Handler
                0x0000000008002254       0x50 ./Core/Startup/startup_stm32f429zitx.o
                0x0000000008002254                Reset_Handler
 .text.Default_Handler
                0x00000000080022a4        0x2 ./Core/Startup/startup_stm32f429zitx.o
                0x00000000080022a4                DMA1_Stream3_IRQHandler
                0x00000000080022a4                HASH_RNG_IRQHandler
                0x00000000080022a4                EXTI2_IRQHandler
                0x00000000080022a4                TIM8_CC_IRQHandler
                0x00000000080022a4                UART8_IRQHandler
                0x00000000080022a4                SPI4_IRQHandler
                0x00000000080022a4                TIM1_CC_IRQHandler
                0x00000000080022a4                DMA2_Stream5_IRQHandler
                0x00000000080022a4                DMA1_Stream5_IRQHandler
                0x00000000080022a4                PVD_IRQHandler
                0x00000000080022a4                SDIO_IRQHandler
                0x00000000080022a4                TAMP_STAMP_IRQHandler
                0x00000000080022a4                CAN2_RX1_IRQHandler
                0x00000000080022a4                EXTI3_IRQHandler
                0x00000000080022a4                TIM8_TRG_COM_TIM14_IRQHandler
                0x00000000080022a4                TIM1_UP_TIM10_IRQHandler
                0x00000000080022a4                TIM8_UP_TIM13_IRQHandler
                0x00000000080022a4                I2C3_ER_IRQHandler
                0x00000000080022a4                I2C2_EV_IRQHandler
                0x00000000080022a4                DMA1_Stream2_IRQHandler
                0x00000000080022a4                CAN1_RX0_IRQHandler
                0x00000000080022a4                FPU_IRQHandler
                0x00000000080022a4                OTG_HS_WKUP_IRQHandler
                0x00000000080022a4                LTDC_ER_IRQHandler
                0x00000000080022a4                CAN2_SCE_IRQHandler
                0x00000000080022a4                DMA2_Stream2_IRQHandler
                0x00000000080022a4                SPI1_IRQHandler
                0x00000000080022a4                TIM6_DAC_IRQHandler
                0x00000000080022a4                TIM1_BRK_TIM9_IRQHandler
                0x00000000080022a4                DCMI_IRQHandler
                0x00000000080022a4                CAN2_RX0_IRQHandler
                0x00000000080022a4                USART6_IRQHandler
                0x00000000080022a4                USART3_IRQHandler
                0x00000000080022a4                CAN1_RX1_IRQHandler
                0x00000000080022a4                UART5_IRQHandler
                0x00000000080022a4                DMA2_Stream0_IRQHandler
                0x00000000080022a4                TIM4_IRQHandler
                0x00000000080022a4                I2C1_EV_IRQHandler
                0x00000000080022a4                DMA1_Stream6_IRQHandler
                0x00000000080022a4                DMA1_Stream1_IRQHandler
                0x00000000080022a4                UART4_IRQHandler
                0x00000000080022a4                TIM3_IRQHandler
                0x00000000080022a4                RCC_IRQHandler
                0x00000000080022a4                TIM8_BRK_TIM12_IRQHandler
                0x00000000080022a4                Default_Handler
                0x00000000080022a4                DMA1_Stream7_IRQHandler
                0x00000000080022a4                SPI5_IRQHandler
                0x00000000080022a4                TIM7_IRQHandler
                0x00000000080022a4                CAN2_TX_IRQHandler
                0x00000000080022a4                TIM5_IRQHandler
                0x00000000080022a4                DMA2_Stream7_IRQHandler
                0x00000000080022a4                I2C3_EV_IRQHandler
                0x00000000080022a4                EXTI9_5_IRQHandler
                0x00000000080022a4                RTC_WKUP_IRQHandler
                0x00000000080022a4                LTDC_IRQHandler
                0x00000000080022a4                ETH_WKUP_IRQHandler
                0x00000000080022a4                SPI2_IRQHandler
                0x00000000080022a4                OTG_HS_EP1_IN_IRQHandler
                0x00000000080022a4                DMA1_Stream0_IRQHandler
                0x00000000080022a4                CAN1_TX_IRQHandler
                0x00000000080022a4                EXTI4_IRQHandler
                0x00000000080022a4                ETH_IRQHandler
                0x00000000080022a4                OTG_HS_EP1_OUT_IRQHandler
                0x00000000080022a4                WWDG_IRQHandler
                0x00000000080022a4                SPI6_IRQHandler
                0x00000000080022a4                OTG_FS_WKUP_IRQHandler
                0x00000000080022a4                TIM1_TRG_COM_TIM11_IRQHandler
                0x00000000080022a4                OTG_HS_IRQHandler
                0x00000000080022a4                DMA2D_IRQHandler
                0x00000000080022a4                EXTI1_IRQHandler
                0x00000000080022a4                UART7_IRQHandler
                0x00000000080022a4                USART2_IRQHandler
                0x00000000080022a4                I2C2_ER_IRQHandler
                0x00000000080022a4                CAN1_SCE_IRQHandler
                0x00000000080022a4                FLASH_IRQHandler
                0x00000000080022a4                USART1_IRQHandler
                0x00000000080022a4                OTG_FS_IRQHandler
                0x00000000080022a4                SPI3_IRQHandler
                0x00000000080022a4                DMA1_Stream4_IRQHandler
                0x00000000080022a4                I2C1_ER_IRQHandler
                0x00000000080022a4                FMC_IRQHandler
                0x00000000080022a4                DMA2_Stream6_IRQHandler
                0x00000000080022a4                SAI1_IRQHandler
                0x00000000080022a4                RTC_Alarm_IRQHandler
 .text.ili9341_Init
                0x00000000080022a6      0x294 ./Drivers/BSP/Components/ili9341/ili9341.o
                0x00000000080022a6                ili9341_Init
 .text.ili9341_ReadID
                0x000000000800253a       0x18 ./Drivers/BSP/Components/ili9341/ili9341.o
                0x000000000800253a                ili9341_ReadID
 .text.ili9341_DisplayOn
                0x0000000008002552        0xe ./Drivers/BSP/Components/ili9341/ili9341.o
                0x0000000008002552                ili9341_DisplayOn
 .text.ili9341_DisplayOff
                0x0000000008002560        0xe ./Drivers/BSP/Components/ili9341/ili9341.o
                0x0000000008002560                ili9341_DisplayOff
 .text.ili9341_WriteReg
                0x000000000800256e       0x1a ./Drivers/BSP/Components/ili9341/ili9341.o
                0x000000000800256e                ili9341_WriteReg
 .text.ili9341_WriteData
                0x0000000008002588       0x1a ./Drivers/BSP/Components/ili9341/ili9341.o
                0x0000000008002588                ili9341_WriteData
 .text.ili9341_ReadData
                0x00000000080025a2       0x26 ./Drivers/BSP/Components/ili9341/ili9341.o
                0x00000000080025a2                ili9341_ReadData
 .text.ili9341_GetLcdPixelWidth
                0x00000000080025c8       0x10 ./Drivers/BSP/Components/ili9341/ili9341.o
                0x00000000080025c8                ili9341_GetLcdPixelWidth
 .text.ili9341_GetLcdPixelHeight
                0x00000000080025d8       0x12 ./Drivers/BSP/Components/ili9341/ili9341.o
                0x00000000080025d8                ili9341_GetLcdPixelHeight
 *fill*         0x00000000080025ea        0x2 
 .text.stmpe811_Init
                0x00000000080025ec       0x50 ./Drivers/BSP/Components/stmpe811/stmpe811.o
                0x00000000080025ec                stmpe811_Init
 .text.stmpe811_Reset
                0x000000000800263c       0x3a ./Drivers/BSP/Components/stmpe811/stmpe811.o
                0x000000000800263c                stmpe811_Reset
 .text.stmpe811_ReadID
                0x0000000008002676       0x3e ./Drivers/BSP/Components/stmpe811/stmpe811.o
                0x0000000008002676                stmpe811_ReadID
 .text.stmpe811_EnableGlobalIT
                0x00000000080026b4       0x3c ./Drivers/BSP/Components/stmpe811/stmpe811.o
                0x00000000080026b4                stmpe811_EnableGlobalIT
 .text.stmpe811_DisableGlobalIT
                0x00000000080026f0       0x3c ./Drivers/BSP/Components/stmpe811/stmpe811.o
                0x00000000080026f0                stmpe811_DisableGlobalIT
 .text.stmpe811_EnableITSource
                0x000000000800272c       0x42 ./Drivers/BSP/Components/stmpe811/stmpe811.o
                0x000000000800272c                stmpe811_EnableITSource
 .text.stmpe811_DisableITSource
                0x000000000800276e       0x4c ./Drivers/BSP/Components/stmpe811/stmpe811.o
                0x000000000800276e                stmpe811_DisableITSource
 .text.stmpe811_ReadGITStatus
                0x00000000080027ba       0x2e ./Drivers/BSP/Components/stmpe811/stmpe811.o
                0x00000000080027ba                stmpe811_ReadGITStatus
 .text.stmpe811_ClearGlobalIT
                0x00000000080027e8       0x26 ./Drivers/BSP/Components/stmpe811/stmpe811.o
                0x00000000080027e8                stmpe811_ClearGlobalIT
 .text.stmpe811_IO_EnableAF
                0x000000000800280e       0x48 ./Drivers/BSP/Components/stmpe811/stmpe811.o
                0x000000000800280e                stmpe811_IO_EnableAF
 .text.stmpe811_TS_Start
                0x0000000008002856       0xf0 ./Drivers/BSP/Components/stmpe811/stmpe811.o
                0x0000000008002856                stmpe811_TS_Start
 .text.stmpe811_TS_DetectTouch
                0x0000000008002946       0x70 ./Drivers/BSP/Components/stmpe811/stmpe811.o
                0x0000000008002946                stmpe811_TS_DetectTouch
 .text.stmpe811_TS_GetXY
                0x00000000080029b6       0x72 ./Drivers/BSP/Components/stmpe811/stmpe811.o
                0x00000000080029b6                stmpe811_TS_GetXY
 .text.stmpe811_TS_EnableIT
                0x0000000008002a28       0x28 ./Drivers/BSP/Components/stmpe811/stmpe811.o
                0x0000000008002a28                stmpe811_TS_EnableIT
 .text.stmpe811_TS_DisableIT
                0x0000000008002a50       0x24 ./Drivers/BSP/Components/stmpe811/stmpe811.o
                0x0000000008002a50                stmpe811_TS_DisableIT
 .text.stmpe811_TS_ITStatus
                0x0000000008002a74       0x1e ./Drivers/BSP/Components/stmpe811/stmpe811.o
                0x0000000008002a74                stmpe811_TS_ITStatus
 .text.stmpe811_TS_ClearIT
                0x0000000008002a92       0x1c ./Drivers/BSP/Components/stmpe811/stmpe811.o
                0x0000000008002a92                stmpe811_TS_ClearIT
 *fill*         0x0000000008002aae        0x2 
 .text.stmpe811_GetInstance
                0x0000000008002ab0       0x44 ./Drivers/BSP/Components/stmpe811/stmpe811.o
 .text.BSP_LED_Init
                0x0000000008002af4       0xa8 ./Drivers/BSP/STM32F429I-Discovery/stm32f429i_discovery.o
                0x0000000008002af4                BSP_LED_Init
 .text.BSP_LED_On
                0x0000000008002b9c       0x34 ./Drivers/BSP/STM32F429I-Discovery/stm32f429i_discovery.o
                0x0000000008002b9c                BSP_LED_On
 .text.BSP_LED_Off
                0x0000000008002bd0       0x34 ./Drivers/BSP/STM32F429I-Discovery/stm32f429i_discovery.o
                0x0000000008002bd0                BSP_LED_Off
 .text.BSP_LED_Toggle
                0x0000000008002c04       0x34 ./Drivers/BSP/STM32F429I-Discovery/stm32f429i_discovery.o
                0x0000000008002c04                BSP_LED_Toggle
 .text.I2Cx_MspInit
                0x0000000008002c38       0xec ./Drivers/BSP/STM32F429I-Discovery/stm32f429i_discovery.o
 .text.I2Cx_Init
                0x0000000008002d24       0x64 ./Drivers/BSP/STM32F429I-Discovery/stm32f429i_discovery.o
 .text.I2Cx_ITConfig
                0x0000000008002d88       0x64 ./Drivers/BSP/STM32F429I-Discovery/stm32f429i_discovery.o
 .text.I2Cx_WriteData
                0x0000000008002dec       0x54 ./Drivers/BSP/STM32F429I-Discovery/stm32f429i_discovery.o
 .text.I2Cx_ReadData
                0x0000000008002e40       0x58 ./Drivers/BSP/STM32F429I-Discovery/stm32f429i_discovery.o
 .text.I2Cx_ReadBuffer
                0x0000000008002e98       0x5c ./Drivers/BSP/STM32F429I-Discovery/stm32f429i_discovery.o
 .text.I2Cx_Error
                0x0000000008002ef4       0x18 ./Drivers/BSP/STM32F429I-Discovery/stm32f429i_discovery.o
 .text.SPIx_Init
                0x0000000008002f0c       0x74 ./Drivers/BSP/STM32F429I-Discovery/stm32f429i_discovery.o
 .text.SPIx_Read
                0x0000000008002f80       0x40 ./Drivers/BSP/STM32F429I-Discovery/stm32f429i_discovery.o
 .text.SPIx_Write
                0x0000000008002fc0       0x3c ./Drivers/BSP/STM32F429I-Discovery/stm32f429i_discovery.o
 .text.SPIx_Error
                0x0000000008002ffc       0x18 ./Drivers/BSP/STM32F429I-Discovery/stm32f429i_discovery.o
 .text.SPIx_MspInit
                0x0000000008003014       0x74 ./Drivers/BSP/STM32F429I-Discovery/stm32f429i_discovery.o
 .text.LCD_IO_Init
                0x0000000008003088       0xf0 ./Drivers/BSP/STM32F429I-Discovery/stm32f429i_discovery.o
                0x0000000008003088                LCD_IO_Init
 .text.LCD_IO_WriteData
                0x0000000008003178       0x44 ./Drivers/BSP/STM32F429I-Discovery/stm32f429i_discovery.o
                0x0000000008003178                LCD_IO_WriteData
 .text.LCD_IO_WriteReg
                0x00000000080031bc       0x44 ./Drivers/BSP/STM32F429I-Discovery/stm32f429i_discovery.o
                0x00000000080031bc                LCD_IO_WriteReg
 .text.LCD_IO_ReadData
                0x0000000008003200       0x64 ./Drivers/BSP/STM32F429I-Discovery/stm32f429i_discovery.o
                0x0000000008003200                LCD_IO_ReadData
 .text.LCD_Delay
                0x0000000008003264       0x16 ./Drivers/BSP/STM32F429I-Discovery/stm32f429i_discovery.o
                0x0000000008003264                LCD_Delay
 .text.IOE_Init
                0x000000000800327a        0xc ./Drivers/BSP/STM32F429I-Discovery/stm32f429i_discovery.o
                0x000000000800327a                IOE_Init
 .text.IOE_ITConfig
                0x0000000008003286        0xc ./Drivers/BSP/STM32F429I-Discovery/stm32f429i_discovery.o
                0x0000000008003286                IOE_ITConfig
 .text.IOE_Write
                0x0000000008003292       0x26 ./Drivers/BSP/STM32F429I-Discovery/stm32f429i_discovery.o
                0x0000000008003292                IOE_Write
 .text.IOE_Read
                0x00000000080032b8       0x26 ./Drivers/BSP/STM32F429I-Discovery/stm32f429i_discovery.o
                0x00000000080032b8                IOE_Read
 .text.IOE_ReadMultiple
                0x00000000080032de       0x2e ./Drivers/BSP/STM32F429I-Discovery/stm32f429i_discovery.o
                0x00000000080032de                IOE_ReadMultiple
 .text.IOE_Delay
                0x000000000800330c       0x16 ./Drivers/BSP/STM32F429I-Discovery/stm32f429i_discovery.o
                0x000000000800330c                IOE_Delay
 *fill*         0x0000000008003322        0x2 
 .text.BSP_LCD_Init_Flipped
                0x0000000008003324       0x18 ./Drivers/BSP/STM32F429I-Discovery/stm32f429i_discovery_lcd.o
                0x0000000008003324                BSP_LCD_Init_Flipped
 .text.BSP_LCD_Init
                0x000000000800333c       0xd4 ./Drivers/BSP/STM32F429I-Discovery/stm32f429i_discovery_lcd.o
                0x000000000800333c                BSP_LCD_Init
 .text.BSP_LCD_GetXSize
                0x0000000008003410       0x18 ./Drivers/BSP/STM32F429I-Discovery/stm32f429i_discovery_lcd.o
                0x0000000008003410                BSP_LCD_GetXSize
 .text.BSP_LCD_GetYSize
                0x0000000008003428       0x18 ./Drivers/BSP/STM32F429I-Discovery/stm32f429i_discovery_lcd.o
                0x0000000008003428                BSP_LCD_GetYSize
 .text.BSP_LCD_LayerDefaultInit
                0x0000000008003440       0xc8 ./Drivers/BSP/STM32F429I-Discovery/stm32f429i_discovery_lcd.o
                0x0000000008003440                BSP_LCD_LayerDefaultInit
 .text.BSP_LCD_SelectLayer
                0x0000000008003508       0x20 ./Drivers/BSP/STM32F429I-Discovery/stm32f429i_discovery_lcd.o
                0x0000000008003508                BSP_LCD_SelectLayer
 .text.BSP_LCD_SetTextColor
                0x0000000008003528       0x30 ./Drivers/BSP/STM32F429I-Discovery/stm32f429i_discovery_lcd.o
                0x0000000008003528                BSP_LCD_SetTextColor
 .text.BSP_LCD_SetBackColor
                0x0000000008003558       0x34 ./Drivers/BSP/STM32F429I-Discovery/stm32f429i_discovery_lcd.o
                0x0000000008003558                BSP_LCD_SetBackColor
 .text.BSP_LCD_SetFont
                0x000000000800358c       0x34 ./Drivers/BSP/STM32F429I-Discovery/stm32f429i_discovery_lcd.o
                0x000000000800358c                BSP_LCD_SetFont
 .text.BSP_LCD_Clear
                0x00000000080035c0       0x50 ./Drivers/BSP/STM32F429I-Discovery/stm32f429i_discovery_lcd.o
                0x00000000080035c0                BSP_LCD_Clear
 .text.BSP_LCD_DisplayChar
                0x0000000008003610       0x88 ./Drivers/BSP/STM32F429I-Discovery/stm32f429i_discovery_lcd.o
                0x0000000008003610                BSP_LCD_DisplayChar
 .text.BSP_LCD_DisplayStringAt
                0x0000000008003698      0x17c ./Drivers/BSP/STM32F429I-Discovery/stm32f429i_discovery_lcd.o
                0x0000000008003698                BSP_LCD_DisplayStringAt
 .text.BSP_LCD_DrawLine
                0x0000000008003814      0x194 ./Drivers/BSP/STM32F429I-Discovery/stm32f429i_discovery_lcd.o
                0x0000000008003814                BSP_LCD_DrawLine
 .text.BSP_LCD_FillRect
                0x00000000080039a8       0xf8 ./Drivers/BSP/STM32F429I-Discovery/stm32f429i_discovery_lcd.o
                0x00000000080039a8                BSP_LCD_FillRect
 .text.BSP_LCD_DisplayOn
                0x0000000008003aa0       0x20 ./Drivers/BSP/STM32F429I-Discovery/stm32f429i_discovery_lcd.o
                0x0000000008003aa0                BSP_LCD_DisplayOn
 .text.BSP_LCD_MspInit
                0x0000000008003ac0      0x1ac ./Drivers/BSP/STM32F429I-Discovery/stm32f429i_discovery_lcd.o
                0x0000000008003ac0                BSP_LCD_MspInit
 .text.BSP_LCD_DrawPixel
                0x0000000008003c6c       0x8c ./Drivers/BSP/STM32F429I-Discovery/stm32f429i_discovery_lcd.o
                0x0000000008003c6c                BSP_LCD_DrawPixel
 .text.DrawChar
                0x0000000008003cf8      0x174 ./Drivers/BSP/STM32F429I-Discovery/stm32f429i_discovery_lcd.o
 .text.FillBuffer
                0x0000000008003e6c       0x70 ./Drivers/BSP/STM32F429I-Discovery/stm32f429i_discovery_lcd.o
 .text.BSP_SDRAM_Init
                0x0000000008003edc       0xbc ./Drivers/BSP/STM32F429I-Discovery/stm32f429i_discovery_sdram.o
                0x0000000008003edc                BSP_SDRAM_Init
 .text.BSP_SDRAM_Initialization_sequence
                0x0000000008003f98       0xc0 ./Drivers/BSP/STM32F429I-Discovery/stm32f429i_discovery_sdram.o
                0x0000000008003f98                BSP_SDRAM_Initialization_sequence
 .text.BSP_SDRAM_MspInit
                0x0000000008004058      0x218 ./Drivers/BSP/STM32F429I-Discovery/stm32f429i_discovery_sdram.o
                0x0000000008004058                BSP_SDRAM_MspInit
 .text.BSP_TS_Init
                0x0000000008004270       0x74 ./Drivers/BSP/STM32F429I-Discovery/stm32f429i_discovery_ts.o
                0x0000000008004270                BSP_TS_Init
 .text.BSP_TS_ITGetStatus
                0x00000000080042e4       0x18 ./Drivers/BSP/STM32F429I-Discovery/stm32f429i_discovery_ts.o
                0x00000000080042e4                BSP_TS_ITGetStatus
 .text.BSP_TS_GetState
                0x00000000080042fc      0x164 ./Drivers/BSP/STM32F429I-Discovery/stm32f429i_discovery_ts.o
                0x00000000080042fc                BSP_TS_GetState
 .text.BSP_TS_ITClear
                0x0000000008004460       0x18 ./Drivers/BSP/STM32F429I-Discovery/stm32f429i_discovery_ts.o
                0x0000000008004460                BSP_TS_ITClear
 .text.HAL_Init
                0x0000000008004478       0x44 ./Drivers/STM32F4xx_HAL_Driver/Src/stm32f4xx_hal.o
                0x0000000008004478                HAL_Init
 .text.HAL_MspInit
                0x00000000080044bc        0xe ./Drivers/STM32F4xx_HAL_Driver/Src/stm32f4xx_hal.o
                0x00000000080044bc                HAL_MspInit
 *fill*         0x00000000080044ca        0x2 
 .text.HAL_InitTick
                0x00000000080044cc       0x60 ./Drivers/STM32F4xx_HAL_Driver/Src/stm32f4xx_hal.o
                0x00000000080044cc                HAL_InitTick
 .text.HAL_IncTick
                0x000000000800452c       0x28 ./Drivers/STM32F4xx_HAL_Driver/Src/stm32f4xx_hal.o
                0x000000000800452c                HAL_IncTick
 .text.HAL_GetTick
                0x0000000008004554       0x18 ./Drivers/STM32F4xx_HAL_Driver/Src/stm32f4xx_hal.o
                0x0000000008004554                HAL_GetTick
 .text.HAL_Delay
                0x000000000800456c       0x48 ./Drivers/STM32F4xx_HAL_Driver/Src/stm32f4xx_hal.o
                0x000000000800456c                HAL_Delay
 .text.__NVIC_SetPriorityGrouping
                0x00000000080045b4       0x48 ./Drivers/STM32F4xx_HAL_Driver/Src/stm32f4xx_hal_cortex.o
 .text.__NVIC_GetPriorityGrouping
                0x00000000080045fc       0x1c ./Drivers/STM32F4xx_HAL_Driver/Src/stm32f4xx_hal_cortex.o
 .text.__NVIC_EnableIRQ
                0x0000000008004618       0x3c ./Drivers/STM32F4xx_HAL_Driver/Src/stm32f4xx_hal_cortex.o
 .text.__NVIC_SetPriority
                0x0000000008004654       0x54 ./Drivers/STM32F4xx_HAL_Driver/Src/stm32f4xx_hal_cortex.o
 .text.NVIC_EncodePriority
                0x00000000080046a8       0x66 ./Drivers/STM32F4xx_HAL_Driver/Src/stm32f4xx_hal_cortex.o
 *fill*         0x000000000800470e        0x2 
 .text.SysTick_Config
                0x0000000008004710       0x44 ./Drivers/STM32F4xx_HAL_Driver/Src/stm32f4xx_hal_cortex.o
 .text.HAL_NVIC_SetPriorityGrouping
                0x0000000008004754       0x16 ./Drivers/STM32F4xx_HAL_Driver/Src/stm32f4xx_hal_cortex.o
                0x0000000008004754                HAL_NVIC_SetPriorityGrouping
 .text.HAL_NVIC_SetPriority
                0x000000000800476a       0x38 ./Drivers/STM32F4xx_HAL_Driver/Src/stm32f4xx_hal_cortex.o
                0x000000000800476a                HAL_NVIC_SetPriority
 .text.HAL_NVIC_EnableIRQ
                0x00000000080047a2       0x1c ./Drivers/STM32F4xx_HAL_Driver/Src/stm32f4xx_hal_cortex.o
                0x00000000080047a2                HAL_NVIC_EnableIRQ
 .text.HAL_SYSTICK_Config
                0x00000000080047be       0x18 ./Drivers/STM32F4xx_HAL_Driver/Src/stm32f4xx_hal_cortex.o
                0x00000000080047be                HAL_SYSTICK_Config
 *fill*         0x00000000080047d6        0x2 
 .text.HAL_DMA_Init
                0x00000000080047d8      0x15c ./Drivers/STM32F4xx_HAL_Driver/Src/stm32f4xx_hal_dma.o
                0x00000000080047d8                HAL_DMA_Init
 .text.HAL_DMA_DeInit
                0x0000000008004934       0xbc ./Drivers/STM32F4xx_HAL_Driver/Src/stm32f4xx_hal_dma.o
                0x0000000008004934                HAL_DMA_DeInit
 .text.DMA_CalcBaseAndBitshift
                0x00000000080049f0       0x6c ./Drivers/STM32F4xx_HAL_Driver/Src/stm32f4xx_hal_dma.o
 .text.DMA_CheckFifoParam
                0x0000000008004a5c       0xf8 ./Drivers/STM32F4xx_HAL_Driver/Src/stm32f4xx_hal_dma.o
 .text.HAL_DMA2D_Init
                0x0000000008004b54       0x92 ./Drivers/STM32F4xx_HAL_Driver/Src/stm32f4xx_hal_dma2d.o
                0x0000000008004b54                HAL_DMA2D_Init
 .text.HAL_DMA2D_MspInit
                0x0000000008004be6       0x14 ./Drivers/STM32F4xx_HAL_Driver/Src/stm32f4xx_hal_dma2d.o
                0x0000000008004be6                HAL_DMA2D_MspInit
 .text.HAL_DMA2D_Start
                0x0000000008004bfa       0x56 ./Drivers/STM32F4xx_HAL_Driver/Src/stm32f4xx_hal_dma2d.o
                0x0000000008004bfa                HAL_DMA2D_Start
 .text.HAL_DMA2D_PollForTransfer
                0x0000000008004c50      0x1d2 ./Drivers/STM32F4xx_HAL_Driver/Src/stm32f4xx_hal_dma2d.o
                0x0000000008004c50                HAL_DMA2D_PollForTransfer
 *fill*         0x0000000008004e22        0x2 
 .text.HAL_DMA2D_ConfigLayer
                0x0000000008004e24      0x124 ./Drivers/STM32F4xx_HAL_Driver/Src/stm32f4xx_hal_dma2d.o
                0x0000000008004e24                HAL_DMA2D_ConfigLayer
 .text.DMA2D_SetConfig
                0x0000000008004f48      0x138 ./Drivers/STM32F4xx_HAL_Driver/Src/stm32f4xx_hal_dma2d.o
 .text.HAL_GPIO_Init
                0x0000000008005080      0x358 ./Drivers/STM32F4xx_HAL_Driver/Src/stm32f4xx_hal_gpio.o
                0x0000000008005080                HAL_GPIO_Init
 .text.HAL_GPIO_WritePin
                0x00000000080053d8       0x32 ./Drivers/STM32F4xx_HAL_Driver/Src/stm32f4xx_hal_gpio.o
                0x00000000080053d8                HAL_GPIO_WritePin
 .text.HAL_GPIO_TogglePin
                0x000000000800540a       0x36 ./Drivers/STM32F4xx_HAL_Driver/Src/stm32f4xx_hal_gpio.o
                0x000000000800540a                HAL_GPIO_TogglePin
 .text.HAL_I2C_Init
                0x0000000008005440      0x288 ./Drivers/STM32F4xx_HAL_Driver/Src/stm32f4xx_hal_i2c.o
                0x0000000008005440                HAL_I2C_Init
 .text.HAL_I2C_DeInit
                0x00000000080056c8       0x5e ./Drivers/STM32F4xx_HAL_Driver/Src/stm32f4xx_hal_i2c.o
                0x00000000080056c8                HAL_I2C_DeInit
 .text.HAL_I2C_MspInit
                0x0000000008005726       0x14 ./Drivers/STM32F4xx_HAL_Driver/Src/stm32f4xx_hal_i2c.o
                0x0000000008005726                HAL_I2C_MspInit
 .text.HAL_I2C_MspDeInit
                0x000000000800573a       0x14 ./Drivers/STM32F4xx_HAL_Driver/Src/stm32f4xx_hal_i2c.o
                0x000000000800573a                HAL_I2C_MspDeInit
 *fill*         0x000000000800574e        0x2 
 .text.HAL_I2C_Mem_Write
                0x0000000008005750      0x1f4 ./Drivers/STM32F4xx_HAL_Driver/Src/stm32f4xx_hal_i2c.o
                0x0000000008005750                HAL_I2C_Mem_Write
 .text.HAL_I2C_Mem_Read
                0x0000000008005944      0x44c ./Drivers/STM32F4xx_HAL_Driver/Src/stm32f4xx_hal_i2c.o
                0x0000000008005944                HAL_I2C_Mem_Read
 .text.HAL_I2C_GetState
                0x0000000008005d90       0x1c ./Drivers/STM32F4xx_HAL_Driver/Src/stm32f4xx_hal_i2c.o
                0x0000000008005d90                HAL_I2C_GetState
 .text.I2C_RequestMemoryWrite
                0x0000000008005dac      0x128 ./Drivers/STM32F4xx_HAL_Driver/Src/stm32f4xx_hal_i2c.o
 .text.I2C_RequestMemoryRead
                0x0000000008005ed4      0x1cc ./Drivers/STM32F4xx_HAL_Driver/Src/stm32f4xx_hal_i2c.o
 .text.I2C_WaitOnFlagUntilTimeout
                0x00000000080060a0       0xae ./Drivers/STM32F4xx_HAL_Driver/Src/stm32f4xx_hal_i2c.o
 .text.I2C_WaitOnMasterAddressFlagUntilTimeout
                0x000000000800614e       0xfe ./Drivers/STM32F4xx_HAL_Driver/Src/stm32f4xx_hal_i2c.o
 .text.I2C_WaitOnTXEFlagUntilTimeout
                0x000000000800624c       0x82 ./Drivers/STM32F4xx_HAL_Driver/Src/stm32f4xx_hal_i2c.o
 .text.I2C_WaitOnBTFFlagUntilTimeout
                0x00000000080062ce       0x82 ./Drivers/STM32F4xx_HAL_Driver/Src/stm32f4xx_hal_i2c.o
 .text.I2C_WaitOnRXNEFlagUntilTimeout
                0x0000000008006350       0xac ./Drivers/STM32F4xx_HAL_Driver/Src/stm32f4xx_hal_i2c.o
 .text.I2C_IsAcknowledgeFailed
                0x00000000080063fc       0x5e ./Drivers/STM32F4xx_HAL_Driver/Src/stm32f4xx_hal_i2c.o
 *fill*         0x000000000800645a        0x2 
 .text.HAL_LTDC_Init
                0x000000000800645c      0x1a0 ./Drivers/STM32F4xx_HAL_Driver/Src/stm32f4xx_hal_ltdc.o
                0x000000000800645c                HAL_LTDC_Init
 .text.HAL_LTDC_MspInit
                0x00000000080065fc       0x14 ./Drivers/STM32F4xx_HAL_Driver/Src/stm32f4xx_hal_ltdc.o
                0x00000000080065fc                HAL_LTDC_MspInit
 .text.HAL_LTDC_ConfigLayer
                0x0000000008006610       0x7c ./Drivers/STM32F4xx_HAL_Driver/Src/stm32f4xx_hal_ltdc.o
                0x0000000008006610                HAL_LTDC_ConfigLayer
 .text.HAL_LTDC_EnableDither
                0x000000000800668c       0x54 ./Drivers/STM32F4xx_HAL_Driver/Src/stm32f4xx_hal_ltdc.o
                0x000000000800668c                HAL_LTDC_EnableDither
 .text.LTDC_SetConfig
                0x00000000080066e0      0x32e ./Drivers/STM32F4xx_HAL_Driver/Src/stm32f4xx_hal_ltdc.o
 *fill*         0x0000000008006a0e        0x2 
 .text.HAL_RCC_OscConfig
                0x0000000008006a10      0x4dc ./Drivers/STM32F4xx_HAL_Driver/Src/stm32f4xx_hal_rcc.o
                0x0000000008006a10                HAL_RCC_OscConfig
 .text.HAL_RCC_ClockConfig
                0x0000000008006eec      0x1cc ./Drivers/STM32F4xx_HAL_Driver/Src/stm32f4xx_hal_rcc.o
                0x0000000008006eec                HAL_RCC_ClockConfig
 .text.HAL_RCC_GetSysClockFreq
                0x00000000080070b8      0x20c ./Drivers/STM32F4xx_HAL_Driver/Src/stm32f4xx_hal_rcc.o
                0x00000000080070b8                HAL_RCC_GetSysClockFreq
 .text.HAL_RCC_GetHCLKFreq
                0x00000000080072c4       0x18 ./Drivers/STM32F4xx_HAL_Driver/Src/stm32f4xx_hal_rcc.o
                0x00000000080072c4                HAL_RCC_GetHCLKFreq
 .text.HAL_RCC_GetPCLK1Freq
                0x00000000080072dc       0x28 ./Drivers/STM32F4xx_HAL_Driver/Src/stm32f4xx_hal_rcc.o
                0x00000000080072dc                HAL_RCC_GetPCLK1Freq
 .text.HAL_RCCEx_PeriphCLKConfig
                0x0000000008007304      0x380 ./Drivers/STM32F4xx_HAL_Driver/Src/stm32f4xx_hal_rcc_ex.o
                0x0000000008007304                HAL_RCCEx_PeriphCLKConfig
 .text.HAL_SDRAM_Init
                0x0000000008007684       0x68 ./Drivers/STM32F4xx_HAL_Driver/Src/stm32f4xx_hal_sdram.o
                0x0000000008007684                HAL_SDRAM_Init
 .text.HAL_SDRAM_MspInit
                0x00000000080076ec       0x14 ./Drivers/STM32F4xx_HAL_Driver/Src/stm32f4xx_hal_sdram.o
                0x00000000080076ec                HAL_SDRAM_MspInit
 .text.HAL_SDRAM_SendCommand
                0x0000000008007700       0x56 ./Drivers/STM32F4xx_HAL_Driver/Src/stm32f4xx_hal_sdram.o
                0x0000000008007700                HAL_SDRAM_SendCommand
 .text.HAL_SDRAM_ProgramRefreshRate
                0x0000000008007756       0x40 ./Drivers/STM32F4xx_HAL_Driver/Src/stm32f4xx_hal_sdram.o
                0x0000000008007756                HAL_SDRAM_ProgramRefreshRate
 .text.HAL_SPI_Init
                0x0000000008007796       0xd6 ./Drivers/STM32F4xx_HAL_Driver/Src/stm32f4xx_hal_spi.o
                0x0000000008007796                HAL_SPI_Init
 .text.HAL_SPI_DeInit
                0x000000000800786c       0x50 ./Drivers/STM32F4xx_HAL_Driver/Src/stm32f4xx_hal_spi.o
                0x000000000800786c                HAL_SPI_DeInit
 .text.HAL_SPI_MspInit
                0x00000000080078bc       0x14 ./Drivers/STM32F4xx_HAL_Driver/Src/stm32f4xx_hal_spi.o
                0x00000000080078bc                HAL_SPI_MspInit
 .text.HAL_SPI_MspDeInit
                0x00000000080078d0       0x14 ./Drivers/STM32F4xx_HAL_Driver/Src/stm32f4xx_hal_spi.o
                0x00000000080078d0                HAL_SPI_MspDeInit
 .text.HAL_SPI_Transmit
                0x00000000080078e4      0x2ac ./Drivers/STM32F4xx_HAL_Driver/Src/stm32f4xx_hal_spi.o
                0x00000000080078e4                HAL_SPI_Transmit
 .text.HAL_SPI_Receive
                0x0000000008007b90      0x2fe ./Drivers/STM32F4xx_HAL_Driver/Src/stm32f4xx_hal_spi.o
                0x0000000008007b90                HAL_SPI_Receive
 .text.HAL_SPI_TransmitReceive
                0x0000000008007e8e      0x41c ./Drivers/STM32F4xx_HAL_Driver/Src/stm32f4xx_hal_spi.o
                0x0000000008007e8e                HAL_SPI_TransmitReceive
 .text.HAL_SPI_GetState
                0x00000000080082aa       0x1c ./Drivers/STM32F4xx_HAL_Driver/Src/stm32f4xx_hal_spi.o
                0x00000000080082aa                HAL_SPI_GetState
 .text.SPI_WaitFlagStateUntilTimeout
                0x00000000080082c6       0xd4 ./Drivers/STM32F4xx_HAL_Driver/Src/stm32f4xx_hal_spi.o
 .text.SPI_EndRxTransaction
                0x000000000800839a       0xca ./Drivers/STM32F4xx_HAL_Driver/Src/stm32f4xx_hal_spi.o
 .text.SPI_EndRxTxTransaction
                0x0000000008008464       0x84 ./Drivers/STM32F4xx_HAL_Driver/Src/stm32f4xx_hal_spi.o
 .text.FMC_SDRAM_Init
                0x00000000080084e8       0xe6 ./Drivers/STM32F4xx_HAL_Driver/Src/stm32f4xx_ll_fmc.o
                0x00000000080084e8                FMC_SDRAM_Init
 .text.FMC_SDRAM_Timing_Init
                0x00000000080085ce       0xfe ./Drivers/STM32F4xx_HAL_Driver/Src/stm32f4xx_ll_fmc.o
                0x00000000080085ce                FMC_SDRAM_Timing_Init
 .text.FMC_SDRAM_SendCommand
                0x00000000080086cc       0x78 ./Drivers/STM32F4xx_HAL_Driver/Src/stm32f4xx_ll_fmc.o
                0x00000000080086cc                FMC_SDRAM_SendCommand
 .text.FMC_SDRAM_ProgramRefreshRate
                0x0000000008008744       0x26 ./Drivers/STM32F4xx_HAL_Driver/Src/stm32f4xx_ll_fmc.o
                0x0000000008008744                FMC_SDRAM_ProgramRefreshRate
 *fill*         0x000000000800876a        0x2 
 .text.__libc_init_array
                0x000000000800876c       0x48 /Applications/STM32CubeIDE.app/Contents/Eclipse/plugins/com.st.stm32cube.ide.mcu.externaltools.gnu-tools-for-stm32.10.3-2021.10.macos64_1.0.100.202210260954/tools/bin/../lib/gcc/arm-none-eabi/10.3.1/../../../../arm-none-eabi/lib/thumb/v7e-m+fp/hard/libc_nano.a(lib_a-init.o)
                0x000000000800876c                __libc_init_array
 .text.memset   0x00000000080087b4       0x10 /Applications/STM32CubeIDE.app/Contents/Eclipse/plugins/com.st.stm32cube.ide.mcu.externaltools.gnu-tools-for-stm32.10.3-2021.10.macos64_1.0.100.202210260954/tools/bin/../lib/gcc/arm-none-eabi/10.3.1/../../../../arm-none-eabi/lib/thumb/v7e-m+fp/hard/libc_nano.a(lib_a-memset.o)
                0x00000000080087b4                memset
 .text.snprintf
                0x00000000080087c4       0x68 /Applications/STM32CubeIDE.app/Contents/Eclipse/plugins/com.st.stm32cube.ide.mcu.externaltools.gnu-tools-for-stm32.10.3-2021.10.macos64_1.0.100.202210260954/tools/bin/../lib/gcc/arm-none-eabi/10.3.1/../../../../arm-none-eabi/lib/thumb/v7e-m+fp/hard/libc_nano.a(lib_a-snprintf.o)
                0x00000000080087c4                snprintf
                0x00000000080087c4                sniprintf
 .text.__ssputs_r
                0x000000000800882c       0xb6 /Applications/STM32CubeIDE.app/Contents/Eclipse/plugins/com.st.stm32cube.ide.mcu.externaltools.gnu-tools-for-stm32.10.3-2021.10.macos64_1.0.100.202210260954/tools/bin/../lib/gcc/arm-none-eabi/10.3.1/../../../../arm-none-eabi/lib/thumb/v7e-m+fp/hard/libc_nano.a(lib_a-nano-svfprintf.o)
                0x000000000800882c                __ssputs_r
 *fill*         0x00000000080088e2        0x2 
 .text._svfprintf_r
                0x00000000080088e4      0x200 /Applications/STM32CubeIDE.app/Contents/Eclipse/plugins/com.st.stm32cube.ide.mcu.externaltools.gnu-tools-for-stm32.10.3-2021.10.macos64_1.0.100.202210260954/tools/bin/../lib/gcc/arm-none-eabi/10.3.1/../../../../arm-none-eabi/lib/thumb/v7e-m+fp/hard/libc_nano.a(lib_a-nano-svfprintf.o)
                0x00000000080088e4                _svfprintf_r
                0x00000000080088e4                _svfiprintf_r
 .text._printf_common
                0x0000000008008ae4       0xda /Applications/STM32CubeIDE.app/Contents/Eclipse/plugins/com.st.stm32cube.ide.mcu.externaltools.gnu-tools-for-stm32.10.3-2021.10.macos64_1.0.100.202210260954/tools/bin/../lib/gcc/arm-none-eabi/10.3.1/../../../../arm-none-eabi/lib/thumb/v7e-m+fp/hard/libc_nano.a(lib_a-nano-vfprintf_i.o)
                0x0000000008008ae4                _printf_common
 *fill*         0x0000000008008bbe        0x2 
 .text._printf_i
                0x0000000008008bc0      0x24c /Applications/STM32CubeIDE.app/Contents/Eclipse/plugins/com.st.stm32cube.ide.mcu.externaltools.gnu-tools-for-stm32.10.3-2021.10.macos64_1.0.100.202210260954/tools/bin/../lib/gcc/arm-none-eabi/10.3.1/../../../../arm-none-eabi/lib/thumb/v7e-m+fp/hard/libc_nano.a(lib_a-nano-vfprintf_i.o)
                0x0000000008008bc0                _printf_i
 .text.memcpy   0x0000000008008e0c       0x1c /Applications/STM32CubeIDE.app/Contents/Eclipse/plugins/com.st.stm32cube.ide.mcu.externaltools.gnu-tools-for-stm32.10.3-2021.10.macos64_1.0.100.202210260954/tools/bin/../lib/gcc/arm-none-eabi/10.3.1/../../../../arm-none-eabi/lib/thumb/v7e-m+fp/hard/libc_nano.a(lib_a-memcpy-stub.o)
                0x0000000008008e0c                memcpy
 .text.memmove  0x0000000008008e28       0x34 /Applications/STM32CubeIDE.app/Contents/Eclipse/plugins/com.st.stm32cube.ide.mcu.externaltools.gnu-tools-for-stm32.10.3-2021.10.macos64_1.0.100.202210260954/tools/bin/../lib/gcc/arm-none-eabi/10.3.1/../../../../arm-none-eabi/lib/thumb/v7e-m+fp/hard/libc_nano.a(lib_a-memmove.o)
                0x0000000008008e28                memmove
 .text._free_r  0x0000000008008e5c       0x98 /Applications/STM32CubeIDE.app/Contents/Eclipse/plugins/com.st.stm32cube.ide.mcu.externaltools.gnu-tools-for-stm32.10.3-2021.10.macos64_1.0.100.202210260954/tools/bin/../lib/gcc/arm-none-eabi/10.3.1/../../../../arm-none-eabi/lib/thumb/v7e-m+fp/hard/libc_nano.a(lib_a-nano-freer.o)
                0x0000000008008e5c                _free_r
 .text.sbrk_aligned
                0x0000000008008ef4       0x40 /Applications/STM32CubeIDE.app/Contents/Eclipse/plugins/com.st.stm32cube.ide.mcu.externaltools.gnu-tools-for-stm32.10.3-2021.10.macos64_1.0.100.202210260954/tools/bin/../lib/gcc/arm-none-eabi/10.3.1/../../../../arm-none-eabi/lib/thumb/v7e-m+fp/hard/libc_nano.a(lib_a-nano-mallocr.o)
 .text._malloc_r
                0x0000000008008f34       0xe8 /Applications/STM32CubeIDE.app/Contents/Eclipse/plugins/com.st.stm32cube.ide.mcu.externaltools.gnu-tools-for-stm32.10.3-2021.10.macos64_1.0.100.202210260954/tools/bin/../lib/gcc/arm-none-eabi/10.3.1/../../../../arm-none-eabi/lib/thumb/v7e-m+fp/hard/libc_nano.a(lib_a-nano-mallocr.o)
                0x0000000008008f34                _malloc_r
 .text._realloc_r
                0x000000000800901c       0x5e /Applications/STM32CubeIDE.app/Contents/Eclipse/plugins/com.st.stm32cube.ide.mcu.externaltools.gnu-tools-for-stm32.10.3-2021.10.macos64_1.0.100.202210260954/tools/bin/../lib/gcc/arm-none-eabi/10.3.1/../../../../arm-none-eabi/lib/thumb/v7e-m+fp/hard/libc_nano.a(lib_a-nano-reallocr.o)
                0x000000000800901c                _realloc_r
 *fill*         0x000000000800907a        0x2 
 .text._sbrk_r  0x000000000800907c       0x20 /Applications/STM32CubeIDE.app/Contents/Eclipse/plugins/com.st.stm32cube.ide.mcu.externaltools.gnu-tools-for-stm32.10.3-2021.10.macos64_1.0.100.202210260954/tools/bin/../lib/gcc/arm-none-eabi/10.3.1/../../../../arm-none-eabi/lib/thumb/v7e-m+fp/hard/libc_nano.a(lib_a-sbrkr.o)
                0x000000000800907c                _sbrk_r
 .text.__malloc_lock
                0x000000000800909c        0xc /Applications/STM32CubeIDE.app/Contents/Eclipse/plugins/com.st.stm32cube.ide.mcu.externaltools.gnu-tools-for-stm32.10.3-2021.10.macos64_1.0.100.202210260954/tools/bin/../lib/gcc/arm-none-eabi/10.3.1/../../../../arm-none-eabi/lib/thumb/v7e-m+fp/hard/libc_nano.a(lib_a-mlock.o)
                0x000000000800909c                __malloc_lock
 .text.__malloc_unlock
                0x00000000080090a8        0xc /Applications/STM32CubeIDE.app/Contents/Eclipse/plugins/com.st.stm32cube.ide.mcu.externaltools.gnu-tools-for-stm32.10.3-2021.10.macos64_1.0.100.202210260954/tools/bin/../lib/gcc/arm-none-eabi/10.3.1/../../../../arm-none-eabi/lib/thumb/v7e-m+fp/hard/libc_nano.a(lib_a-mlock.o)
                0x00000000080090a8                __malloc_unlock
 .text._malloc_usable_size_r
                0x00000000080090b4       0x10 /Applications/STM32CubeIDE.app/Contents/Eclipse/plugins/com.st.stm32cube.ide.mcu.externaltools.gnu-tools-for-stm32.10.3-2021.10.macos64_1.0.100.202210260954/tools/bin/../lib/gcc/arm-none-eabi/10.3.1/../../../../arm-none-eabi/lib/thumb/v7e-m+fp/hard/libc_nano.a(lib_a-nano-msizer.o)
                0x00000000080090b4                _malloc_usable_size_r
 .text.__retarget_lock_acquire_recursive
                0x00000000080090c4        0x2 /Applications/STM32CubeIDE.app/Contents/Eclipse/plugins/com.st.stm32cube.ide.mcu.externaltools.gnu-tools-for-stm32.10.3-2021.10.macos64_1.0.100.202210260954/tools/bin/../lib/gcc/arm-none-eabi/10.3.1/../../../../arm-none-eabi/lib/thumb/v7e-m+fp/hard/libc_nano.a(lib_a-lock.o)
                0x00000000080090c4                __retarget_lock_acquire_recursive
 .text.__retarget_lock_release_recursive
                0x00000000080090c6        0x2 /Applications/STM32CubeIDE.app/Contents/Eclipse/plugins/com.st.stm32cube.ide.mcu.externaltools.gnu-tools-for-stm32.10.3-2021.10.macos64_1.0.100.202210260954/tools/bin/../lib/gcc/arm-none-eabi/10.3.1/../../../../arm-none-eabi/lib/thumb/v7e-m+fp/hard/libc_nano.a(lib_a-lock.o)
                0x00000000080090c6                __retarget_lock_release_recursive
 .text.pow      0x00000000080090c8       0xe0 /Applications/STM32CubeIDE.app/Contents/Eclipse/plugins/com.st.stm32cube.ide.mcu.externaltools.gnu-tools-for-stm32.10.3-2021.10.macos64_1.0.100.202210260954/tools/bin/../lib/gcc/arm-none-eabi/10.3.1/../../../../arm-none-eabi/lib/thumb/v7e-m+fp/hard/libm.a(lib_a-w_pow.o)
                0x00000000080090c8                pow
 .text.sqrt     0x00000000080091a8       0x58 /Applications/STM32CubeIDE.app/Contents/Eclipse/plugins/com.st.stm32cube.ide.mcu.externaltools.gnu-tools-for-stm32.10.3-2021.10.macos64_1.0.100.202210260954/tools/bin/../lib/gcc/arm-none-eabi/10.3.1/../../../../arm-none-eabi/lib/thumb/v7e-m+fp/hard/libm.a(lib_a-w_sqrt.o)
                0x00000000080091a8                sqrt
 .text.__ieee754_pow
                0x0000000008009200      0xa5c /Applications/STM32CubeIDE.app/Contents/Eclipse/plugins/com.st.stm32cube.ide.mcu.externaltools.gnu-tools-for-stm32.10.3-2021.10.macos64_1.0.100.202210260954/tools/bin/../lib/gcc/arm-none-eabi/10.3.1/../../../../arm-none-eabi/lib/thumb/v7e-m+fp/hard/libm.a(lib_a-e_pow.o)
                0x0000000008009200                __ieee754_pow
 .text.__ieee754_sqrt
                0x0000000008009c5c      0x164 /Applications/STM32CubeIDE.app/Contents/Eclipse/plugins/com.st.stm32cube.ide.mcu.externaltools.gnu-tools-for-stm32.10.3-2021.10.macos64_1.0.100.202210260954/tools/bin/../lib/gcc/arm-none-eabi/10.3.1/../../../../arm-none-eabi/lib/thumb/v7e-m+fp/hard/libm.a(lib_a-e_sqrt.o)
                0x0000000008009c5c                __ieee754_sqrt
 .text.with_errno
                0x0000000008009dc0       0x14 /Applications/STM32CubeIDE.app/Contents/Eclipse/plugins/com.st.stm32cube.ide.mcu.externaltools.gnu-tools-for-stm32.10.3-2021.10.macos64_1.0.100.202210260954/tools/bin/../lib/gcc/arm-none-eabi/10.3.1/../../../../arm-none-eabi/lib/thumb/v7e-m+fp/hard/libm.a(lib_a-math_err.o)
 .text.xflow    0x0000000008009dd4       0x28 /Applications/STM32CubeIDE.app/Contents/Eclipse/plugins/com.st.stm32cube.ide.mcu.externaltools.gnu-tools-for-stm32.10.3-2021.10.macos64_1.0.100.202210260954/tools/bin/../lib/gcc/arm-none-eabi/10.3.1/../../../../arm-none-eabi/lib/thumb/v7e-m+fp/hard/libm.a(lib_a-math_err.o)
 .text.__math_uflow
                0x0000000008009dfc       0x12 /Applications/STM32CubeIDE.app/Contents/Eclipse/plugins/com.st.stm32cube.ide.mcu.externaltools.gnu-tools-for-stm32.10.3-2021.10.macos64_1.0.100.202210260954/tools/bin/../lib/gcc/arm-none-eabi/10.3.1/../../../../arm-none-eabi/lib/thumb/v7e-m+fp/hard/libm.a(lib_a-math_err.o)
                0x0000000008009dfc                __math_uflow
 .text.__math_oflow
                0x0000000008009e0e       0x12 /Applications/STM32CubeIDE.app/Contents/Eclipse/plugins/com.st.stm32cube.ide.mcu.externaltools.gnu-tools-for-stm32.10.3-2021.10.macos64_1.0.100.202210260954/tools/bin/../lib/gcc/arm-none-eabi/10.3.1/../../../../arm-none-eabi/lib/thumb/v7e-m+fp/hard/libm.a(lib_a-math_err.o)
                0x0000000008009e0e                __math_oflow
 .text.fabs     0x0000000008009e20       0x12 /Applications/STM32CubeIDE.app/Contents/Eclipse/plugins/com.st.stm32cube.ide.mcu.externaltools.gnu-tools-for-stm32.10.3-2021.10.macos64_1.0.100.202210260954/tools/bin/../lib/gcc/arm-none-eabi/10.3.1/../../../../arm-none-eabi/lib/thumb/v7e-m+fp/hard/libm.a(lib_a-s_fabs.o)
                0x0000000008009e20                fabs
 .text.finite   0x0000000008009e32       0x16 /Applications/STM32CubeIDE.app/Contents/Eclipse/plugins/com.st.stm32cube.ide.mcu.externaltools.gnu-tools-for-stm32.10.3-2021.10.macos64_1.0.100.202210260954/tools/bin/../lib/gcc/arm-none-eabi/10.3.1/../../../../arm-none-eabi/lib/thumb/v7e-m+fp/hard/libm.a(lib_a-s_finite.o)
                0x0000000008009e32                finite
 .text.scalbn   0x0000000008009e48      0x10c /Applications/STM32CubeIDE.app/Contents/Eclipse/plugins/com.st.stm32cube.ide.mcu.externaltools.gnu-tools-for-stm32.10.3-2021.10.macos64_1.0.100.202210260954/tools/bin/../lib/gcc/arm-none-eabi/10.3.1/../../../../arm-none-eabi/lib/thumb/v7e-m+fp/hard/libm.a(lib_a-s_scalbn.o)
                0x0000000008009e48                scalbn
 .text.__errno  0x0000000008009f54        0xc /Applications/STM32CubeIDE.app/Contents/Eclipse/plugins/com.st.stm32cube.ide.mcu.externaltools.gnu-tools-for-stm32.10.3-2021.10.macos64_1.0.100.202210260954/tools/bin/../lib/gcc/arm-none-eabi/10.3.1/../../../../arm-none-eabi/lib/thumb/v7e-m+fp/hard/libc_nano.a(lib_a-errno.o)
                0x0000000008009f54                __errno
 .text._sbrk    0x0000000008009f60       0x1c /Applications/STM32CubeIDE.app/Contents/Eclipse/plugins/com.st.stm32cube.ide.mcu.externaltools.gnu-tools-for-stm32.10.3-2021.10.macos64_1.0.100.202210260954/tools/bin/../lib/gcc/arm-none-eabi/10.3.1/../../../../arm-none-eabi/lib/thumb/v7e-m+fp/hard/libnosys.a(sbrk.o)
                0x0000000008009f60                _sbrk
 *(.glue_7)
 .glue_7        0x0000000008009f7c        0x0 linker stubs
 *(.glue_7t)
 .glue_7t       0x0000000008009f7c        0x0 linker stubs
 *(.eh_frame)
 .eh_frame      0x0000000008009f7c        0x0 /Applications/STM32CubeIDE.app/Contents/Eclipse/plugins/com.st.stm32cube.ide.mcu.externaltools.gnu-tools-for-stm32.10.3-2021.10.macos64_1.0.100.202210260954/tools/bin/../lib/gcc/arm-none-eabi/10.3.1/thumb/v7e-m+fp/hard/crtbegin.o
 *(.init)
 .init          0x0000000008009f7c        0x4 /Applications/STM32CubeIDE.app/Contents/Eclipse/plugins/com.st.stm32cube.ide.mcu.externaltools.gnu-tools-for-stm32.10.3-2021.10.macos64_1.0.100.202210260954/tools/bin/../lib/gcc/arm-none-eabi/10.3.1/thumb/v7e-m+fp/hard/crti.o
                0x0000000008009f7c                _init
 .init          0x0000000008009f80        0x8 /Applications/STM32CubeIDE.app/Contents/Eclipse/plugins/com.st.stm32cube.ide.mcu.externaltools.gnu-tools-for-stm32.10.3-2021.10.macos64_1.0.100.202210260954/tools/bin/../lib/gcc/arm-none-eabi/10.3.1/thumb/v7e-m+fp/hard/crtn.o
 *(.fini)
 .fini          0x0000000008009f88        0x4 /Applications/STM32CubeIDE.app/Contents/Eclipse/plugins/com.st.stm32cube.ide.mcu.externaltools.gnu-tools-for-stm32.10.3-2021.10.macos64_1.0.100.202210260954/tools/bin/../lib/gcc/arm-none-eabi/10.3.1/thumb/v7e-m+fp/hard/crti.o
                0x0000000008009f88                _fini
 .fini          0x0000000008009f8c        0x8 /Applications/STM32CubeIDE.app/Contents/Eclipse/plugins/com.st.stm32cube.ide.mcu.externaltools.gnu-tools-for-stm32.10.3-2021.10.macos64_1.0.100.202210260954/tools/bin/../lib/gcc/arm-none-eabi/10.3.1/thumb/v7e-m+fp/hard/crtn.o
                0x0000000008009f94                . = ALIGN (0x4)
                0x0000000008009f94                _etext = .

.vfp11_veneer   0x0000000008009f94        0x0
 .vfp11_veneer  0x0000000008009f94        0x0 linker stubs

.v4_bx          0x0000000008009f94        0x0
 .v4_bx         0x0000000008009f94        0x0 linker stubs

.iplt           0x0000000008009f94        0x0
 .iplt          0x0000000008009f94        0x0 /Applications/STM32CubeIDE.app/Contents/Eclipse/plugins/com.st.stm32cube.ide.mcu.externaltools.gnu-tools-for-stm32.10.3-2021.10.macos64_1.0.100.202210260954/tools/bin/../lib/gcc/arm-none-eabi/10.3.1/thumb/v7e-m+fp/hard/crtbegin.o

.rodata         0x0000000008009f98     0x2f78
                0x0000000008009f98                . = ALIGN (0x4)
 *(.rodata)
 .rodata        0x0000000008009f98       0x2e ./Core/Src/measuring.o
 *fill*         0x0000000008009fc6        0x2 
 .rodata        0x0000000008009fc8       0x8b ./Core/Src/menu.o
 *(.rodata*)
 *fill*         0x000000000800a053        0x1 
 .rodata.LUT    0x000000000800a054      0x324 ./Core/Src/measuring.o
                0x000000000800a054                LUT
 .rodata.AHBPrescTable
                0x000000000800a378       0x10 ./Core/Src/system_stm32f4xx.o
                0x000000000800a378                AHBPrescTable
 .rodata.APBPrescTable
                0x000000000800a388        0x8 ./Core/Src/system_stm32f4xx.o
                0x000000000800a388                APBPrescTable
 .rodata.GPIO_PIN
                0x000000000800a390        0x4 ./Drivers/BSP/STM32F429I-Discovery/stm32f429i_discovery.o
                0x000000000800a390                GPIO_PIN
 .rodata.Font24_Table
                0x000000000800a394     0x1ab8 ./Drivers/BSP/STM32F429I-Discovery/stm32f429i_discovery_lcd.o
                0x000000000800a394                Font24_Table
 .rodata.Font16_Table
                0x000000000800be4c      0xbe0 ./Drivers/BSP/STM32F429I-Discovery/stm32f429i_discovery_lcd.o
                0x000000000800be4c                Font16_Table
 .rodata.Font12_Table
                0x000000000800ca2c      0x474 ./Drivers/BSP/STM32F429I-Discovery/stm32f429i_discovery_lcd.o
                0x000000000800ca2c                Font12_Table
 .rodata.flagBitshiftOffset.0
                0x000000000800cea0        0x8 ./Drivers/STM32F4xx_HAL_Driver/Src/stm32f4xx_hal_dma.o
 .rodata._svfprintf_r.str1.1
                0x000000000800cea8       0x11 /Applications/STM32CubeIDE.app/Contents/Eclipse/plugins/com.st.stm32cube.ide.mcu.externaltools.gnu-tools-for-stm32.10.3-2021.10.macos64_1.0.100.202210260954/tools/bin/../lib/gcc/arm-none-eabi/10.3.1/../../../../arm-none-eabi/lib/thumb/v7e-m+fp/hard/libc_nano.a(lib_a-nano-svfprintf.o)
 .rodata._printf_i.str1.1
                0x000000000800ceb9       0x22 /Applications/STM32CubeIDE.app/Contents/Eclipse/plugins/com.st.stm32cube.ide.mcu.externaltools.gnu-tools-for-stm32.10.3-2021.10.macos64_1.0.100.202210260954/tools/bin/../lib/gcc/arm-none-eabi/10.3.1/../../../../arm-none-eabi/lib/thumb/v7e-m+fp/hard/libc_nano.a(lib_a-nano-vfprintf_i.o)
 *fill*         0x000000000800cedb        0x5 
 .rodata.bp     0x000000000800cee0       0x10 /Applications/STM32CubeIDE.app/Contents/Eclipse/plugins/com.st.stm32cube.ide.mcu.externaltools.gnu-tools-for-stm32.10.3-2021.10.macos64_1.0.100.202210260954/tools/bin/../lib/gcc/arm-none-eabi/10.3.1/../../../../arm-none-eabi/lib/thumb/v7e-m+fp/hard/libm.a(lib_a-e_pow.o)
 .rodata.dp_h   0x000000000800cef0       0x10 /Applications/STM32CubeIDE.app/Contents/Eclipse/plugins/com.st.stm32cube.ide.mcu.externaltools.gnu-tools-for-stm32.10.3-2021.10.macos64_1.0.100.202210260954/tools/bin/../lib/gcc/arm-none-eabi/10.3.1/../../../../arm-none-eabi/lib/thumb/v7e-m+fp/hard/libm.a(lib_a-e_pow.o)
 .rodata.dp_l   0x000000000800cf00       0x10 /Applications/STM32CubeIDE.app/Contents/Eclipse/plugins/com.st.stm32cube.ide.mcu.externaltools.gnu-tools-for-stm32.10.3-2021.10.macos64_1.0.100.202210260954/tools/bin/../lib/gcc/arm-none-eabi/10.3.1/../../../../arm-none-eabi/lib/thumb/v7e-m+fp/hard/libm.a(lib_a-e_pow.o)
                0x000000000800cf10                . = ALIGN (0x4)

.ARM.extab      0x000000000800cf10        0x0
                0x000000000800cf10                . = ALIGN (0x4)
 *(.ARM.extab* .gnu.linkonce.armextab.*)
                0x000000000800cf10                . = ALIGN (0x4)

.ARM            0x000000000800cf10        0x8
                0x000000000800cf10                . = ALIGN (0x4)
                0x000000000800cf10                __exidx_start = .
 *(.ARM.exidx*)
 .ARM.exidx     0x000000000800cf10        0x8 /Applications/STM32CubeIDE.app/Contents/Eclipse/plugins/com.st.stm32cube.ide.mcu.externaltools.gnu-tools-for-stm32.10.3-2021.10.macos64_1.0.100.202210260954/tools/bin/../lib/gcc/arm-none-eabi/10.3.1/thumb/v7e-m+fp/hard/libgcc.a(_udivmoddi4.o)
                0x000000000800cf18                __exidx_end = .
                0x000000000800cf18                . = ALIGN (0x4)

.rel.dyn        0x000000000800cf18        0x0
 .rel.iplt      0x000000000800cf18        0x0 /Applications/STM32CubeIDE.app/Contents/Eclipse/plugins/com.st.stm32cube.ide.mcu.externaltools.gnu-tools-for-stm32.10.3-2021.10.macos64_1.0.100.202210260954/tools/bin/../lib/gcc/arm-none-eabi/10.3.1/thumb/v7e-m+fp/hard/crtbegin.o

.preinit_array  0x000000000800cf18        0x0
                0x000000000800cf18                . = ALIGN (0x4)
                0x000000000800cf18                PROVIDE (__preinit_array_start = .)
 *(.preinit_array*)
                0x000000000800cf18                PROVIDE (__preinit_array_end = .)
                0x000000000800cf18                . = ALIGN (0x4)

.init_array     0x000000000800cf18        0x4
                0x000000000800cf18                . = ALIGN (0x4)
                0x000000000800cf18                PROVIDE (__init_array_start = .)
 *(SORT_BY_NAME(.init_array.*))
 *(.init_array*)
 .init_array    0x000000000800cf18        0x4 /Applications/STM32CubeIDE.app/Contents/Eclipse/plugins/com.st.stm32cube.ide.mcu.externaltools.gnu-tools-for-stm32.10.3-2021.10.macos64_1.0.100.202210260954/tools/bin/../lib/gcc/arm-none-eabi/10.3.1/thumb/v7e-m+fp/hard/crtbegin.o
                0x000000000800cf1c                PROVIDE (__init_array_end = .)
                0x000000000800cf1c                . = ALIGN (0x4)

.fini_array     0x000000000800cf1c        0x4
                0x000000000800cf1c                . = ALIGN (0x4)
                [!provide]                        PROVIDE (__fini_array_start = .)
 *(SORT_BY_NAME(.fini_array.*))
 *(.fini_array*)
 .fini_array    0x000000000800cf1c        0x4 /Applications/STM32CubeIDE.app/Contents/Eclipse/plugins/com.st.stm32cube.ide.mcu.externaltools.gnu-tools-for-stm32.10.3-2021.10.macos64_1.0.100.202210260954/tools/bin/../lib/gcc/arm-none-eabi/10.3.1/thumb/v7e-m+fp/hard/crtbegin.o
                [!provide]                        PROVIDE (__fini_array_end = .)
                0x000000000800cf20                . = ALIGN (0x4)
                0x000000000800cf20                _sidata = LOADADDR (.data)

.data           0x0000000020000000      0x1f4 load address 0x000000000800cf20
                0x0000000020000000                . = ALIGN (0x4)
                0x0000000020000000                _sdata = .
 *(.data)
 *(.data*)
 .data.MENU_transition
                0x0000000020000000        0x1 ./Core/Src/menu.o
 *fill*         0x0000000020000001        0x3 
 .data.MENU_entry
                0x0000000020000004       0xf0 ./Core/Src/menu.o
 .data.item_new.1
                0x00000000200000f4        0x1 ./Core/Src/menu.o
 .data.item_old.0
                0x00000000200000f5        0x1 ./Core/Src/menu.o
 *fill*         0x00000000200000f6        0x2 
 .data.SystemCoreClock
                0x00000000200000f8        0x4 ./Core/Src/system_stm32f4xx.o
                0x00000000200000f8                SystemCoreClock
 .data.ili9341_drv
                0x00000000200000fc       0x38 ./Drivers/BSP/Components/ili9341/ili9341.o
                0x00000000200000fc                ili9341_drv
 .data.stmpe811_ts_drv
                0x0000000020000134       0x28 ./Drivers/BSP/Components/stmpe811/stmpe811.o
                0x0000000020000134                stmpe811_ts_drv
 .data.GPIO_PORT
                0x000000002000015c        0x8 ./Drivers/BSP/STM32F429I-Discovery/stm32f429i_discovery.o
                0x000000002000015c                GPIO_PORT
 .data.I2cxTimeout
                0x0000000020000164        0x4 ./Drivers/BSP/STM32F429I-Discovery/stm32f429i_discovery.o
                0x0000000020000164                I2cxTimeout
 .data.SpixTimeout
                0x0000000020000168        0x4 ./Drivers/BSP/STM32F429I-Discovery/stm32f429i_discovery.o
                0x0000000020000168                SpixTimeout
 .data.Font24   0x000000002000016c        0x8 ./Drivers/BSP/STM32F429I-Discovery/stm32f429i_discovery_lcd.o
                0x000000002000016c                Font24
 .data.Font16   0x0000000020000174        0x8 ./Drivers/BSP/STM32F429I-Discovery/stm32f429i_discovery_lcd.o
                0x0000000020000174                Font16
 .data.Font12   0x000000002000017c        0x8 ./Drivers/BSP/STM32F429I-Discovery/stm32f429i_discovery_lcd.o
                0x000000002000017c                Font12
 .data.sdramstatus.2
                0x0000000020000184        0x1 ./Drivers/BSP/STM32F429I-Discovery/stm32f429i_discovery_sdram.o
 *fill*         0x0000000020000185        0x3 
 .data.uwTickPrio
                0x0000000020000188        0x4 ./Drivers/STM32F4xx_HAL_Driver/Src/stm32f4xx_hal.o
                0x0000000020000188                uwTickPrio
 .data.uwTickFreq
                0x000000002000018c        0x1 ./Drivers/STM32F4xx_HAL_Driver/Src/stm32f4xx_hal.o
                0x000000002000018c                uwTickFreq
 *fill*         0x000000002000018d        0x3 
 .data._impure_ptr
                0x0000000020000190        0x4 /Applications/STM32CubeIDE.app/Contents/Eclipse/plugins/com.st.stm32cube.ide.mcu.externaltools.gnu-tools-for-stm32.10.3-2021.10.macos64_1.0.100.202210260954/tools/bin/../lib/gcc/arm-none-eabi/10.3.1/../../../../arm-none-eabi/lib/thumb/v7e-m+fp/hard/libc_nano.a(lib_a-impure.o)
                0x0000000020000190                _impure_ptr
 .data.impure_data
                0x0000000020000194       0x60 /Applications/STM32CubeIDE.app/Contents/Eclipse/plugins/com.st.stm32cube.ide.mcu.externaltools.gnu-tools-for-stm32.10.3-2021.10.macos64_1.0.100.202210260954/tools/bin/../lib/gcc/arm-none-eabi/10.3.1/../../../../arm-none-eabi/lib/thumb/v7e-m+fp/hard/libc_nano.a(lib_a-impure.o)
                0x00000000200001f4                . = ALIGN (0x4)
                0x00000000200001f4                _edata = .

.igot.plt       0x00000000200001f4        0x0 load address 0x000000000800d114
 .igot.plt      0x00000000200001f4        0x0 /Applications/STM32CubeIDE.app/Contents/Eclipse/plugins/com.st.stm32cube.ide.mcu.externaltools.gnu-tools-for-stm32.10.3-2021.10.macos64_1.0.100.202210260954/tools/bin/../lib/gcc/arm-none-eabi/10.3.1/thumb/v7e-m+fp/hard/crtbegin.o
                0x00000000200001f4                . = ALIGN (0x4)

.bss            0x00000000200001f4      0xa8c load address 0x000000000800d114
                0x00000000200001f4                _sbss = .
                0x00000000200001f4                __bss_start__ = _sbss
 *(.bss)
 .bss           0x00000000200001f4       0x1c /Applications/STM32CubeIDE.app/Contents/Eclipse/plugins/com.st.stm32cube.ide.mcu.externaltools.gnu-tools-for-stm32.10.3-2021.10.macos64_1.0.100.202210260954/tools/bin/../lib/gcc/arm-none-eabi/10.3.1/thumb/v7e-m+fp/hard/crtbegin.o
 *(.bss*)
 .bss.MEAS_data_ready
                0x0000000020000210        0x1 ./Core/Src/measuring.o
                0x0000000020000210                MEAS_data_ready
 .bss.DAC_active
                0x0000000020000211        0x1 ./Core/Src/measuring.o
                0x0000000020000211                DAC_active
 *fill*         0x0000000020000212        0x2 
 .bss.ADC_sample_count
                0x0000000020000214        0x4 ./Core/Src/measuring.o
 .bss.ADC_samples
                0x0000000020000218      0x3c0 ./Core/Src/measuring.o
 .bss.DAC_sample
                0x00000000200005d8        0x4 ./Core/Src/measuring.o
 .bss.pad_left  0x00000000200005dc       0xf0 ./Core/Src/measuring.o
                0x00000000200005dc                pad_left
 .bss.pad_right
                0x00000000200006cc       0xf0 ./Core/Src/measuring.o
                0x00000000200006cc                pad_right
 .bss.coil_left
                0x00000000200007bc       0xf0 ./Core/Src/measuring.o
                0x00000000200007bc                coil_left
 .bss.coil_right
                0x00000000200008ac       0xf0 ./Core/Src/measuring.o
                0x00000000200008ac                coil_right
 .bss.TS_State.2
                0x000000002000099c        0x8 ./Core/Src/menu.o
 .bss.PB_pressed_flag
                0x00000000200009a4        0x1 ./Core/Src/pushbutton.o
 *fill*         0x00000000200009a5        0x3 
 .bss.stmpe811  0x00000000200009a8        0x2 ./Drivers/BSP/Components/stmpe811/stmpe811.o
                0x00000000200009a8                stmpe811
 *fill*         0x00000000200009aa        0x2 
 .bss.I2cHandle
                0x00000000200009ac       0x54 ./Drivers/BSP/STM32F429I-Discovery/stm32f429i_discovery.o
                0x00000000200009ac                I2cHandle
 .bss.SpiHandle
                0x0000000020000a00       0x58 ./Drivers/BSP/STM32F429I-Discovery/stm32f429i_discovery.o
 .bss.Is_LCD_IO_Initialized
                0x0000000020000a58        0x1 ./Drivers/BSP/STM32F429I-Discovery/stm32f429i_discovery.o
 *fill*         0x0000000020000a59        0x3 
 .bss.LtdcHandler
                0x0000000020000a5c       0xa8 ./Drivers/BSP/STM32F429I-Discovery/stm32f429i_discovery_lcd.o
                0x0000000020000a5c                LtdcHandler
 .bss.Dma2dHandler
                0x0000000020000b04       0x40 ./Drivers/BSP/STM32F429I-Discovery/stm32f429i_discovery_lcd.o
 .bss.PeriphClkInitStruct
                0x0000000020000b44       0x30 ./Drivers/BSP/STM32F429I-Discovery/stm32f429i_discovery_lcd.o
 .bss.ActiveLayer
                0x0000000020000b74        0x4 ./Drivers/BSP/STM32F429I-Discovery/stm32f429i_discovery_lcd.o
 .bss.DrawProp  0x0000000020000b78       0x18 ./Drivers/BSP/STM32F429I-Discovery/stm32f429i_discovery_lcd.o
 .bss.LcdDrv    0x0000000020000b90        0x4 ./Drivers/BSP/STM32F429I-Discovery/stm32f429i_discovery_lcd.o
                0x0000000020000b90                LcdDrv
 .bss.flippedLcd
                0x0000000020000b94        0x1 ./Drivers/BSP/STM32F429I-Discovery/stm32f429i_discovery_lcd.o
 *fill*         0x0000000020000b95        0x3 
 .bss.SdramHandle
                0x0000000020000b98       0x34 ./Drivers/BSP/STM32F429I-Discovery/stm32f429i_discovery_sdram.o
 .bss.Timing    0x0000000020000bcc       0x1c ./Drivers/BSP/STM32F429I-Discovery/stm32f429i_discovery_sdram.o
 .bss.Command   0x0000000020000be8       0x10 ./Drivers/BSP/STM32F429I-Discovery/stm32f429i_discovery_sdram.o
 .bss.dmaHandle.1
                0x0000000020000bf8       0x60 ./Drivers/BSP/STM32F429I-Discovery/stm32f429i_discovery_sdram.o
 .bss.TsDrv     0x0000000020000c58        0x4 ./Drivers/BSP/STM32F429I-Discovery/stm32f429i_discovery_ts.o
 .bss.TsXBoundary
                0x0000000020000c5c        0x2 ./Drivers/BSP/STM32F429I-Discovery/stm32f429i_discovery_ts.o
 .bss.TsYBoundary
                0x0000000020000c5e        0x2 ./Drivers/BSP/STM32F429I-Discovery/stm32f429i_discovery_ts.o
 .bss._x.1      0x0000000020000c60        0x4 ./Drivers/BSP/STM32F429I-Discovery/stm32f429i_discovery_ts.o
 .bss._y.0      0x0000000020000c64        0x4 ./Drivers/BSP/STM32F429I-Discovery/stm32f429i_discovery_ts.o
 .bss.uwTick    0x0000000020000c68        0x4 ./Drivers/STM32F4xx_HAL_Driver/Src/stm32f4xx_hal.o
                0x0000000020000c68                uwTick
 .bss.__malloc_free_list
                0x0000000020000c6c        0x4 /Applications/STM32CubeIDE.app/Contents/Eclipse/plugins/com.st.stm32cube.ide.mcu.externaltools.gnu-tools-for-stm32.10.3-2021.10.macos64_1.0.100.202210260954/tools/bin/../lib/gcc/arm-none-eabi/10.3.1/../../../../arm-none-eabi/lib/thumb/v7e-m+fp/hard/libc_nano.a(lib_a-nano-mallocr.o)
                0x0000000020000c6c                __malloc_free_list
 .bss.__malloc_sbrk_start
                0x0000000020000c70        0x4 /Applications/STM32CubeIDE.app/Contents/Eclipse/plugins/com.st.stm32cube.ide.mcu.externaltools.gnu-tools-for-stm32.10.3-2021.10.macos64_1.0.100.202210260954/tools/bin/../lib/gcc/arm-none-eabi/10.3.1/../../../../arm-none-eabi/lib/thumb/v7e-m+fp/hard/libc_nano.a(lib_a-nano-mallocr.o)
                0x0000000020000c70                __malloc_sbrk_start
 .bss.errno     0x0000000020000c74        0x4 /Applications/STM32CubeIDE.app/Contents/Eclipse/plugins/com.st.stm32cube.ide.mcu.externaltools.gnu-tools-for-stm32.10.3-2021.10.macos64_1.0.100.202210260954/tools/bin/../lib/gcc/arm-none-eabi/10.3.1/../../../../arm-none-eabi/lib/thumb/v7e-m+fp/hard/libc_nano.a(lib_a-reent.o)
                0x0000000020000c74                errno
 .bss.__lock___malloc_recursive_mutex
                0x0000000020000c78        0x1 /Applications/STM32CubeIDE.app/Contents/Eclipse/plugins/com.st.stm32cube.ide.mcu.externaltools.gnu-tools-for-stm32.10.3-2021.10.macos64_1.0.100.202210260954/tools/bin/../lib/gcc/arm-none-eabi/10.3.1/../../../../arm-none-eabi/lib/thumb/v7e-m+fp/hard/libc_nano.a(lib_a-lock.o)
                0x0000000020000c78                __lock___malloc_recursive_mutex
 *fill*         0x0000000020000c79        0x3 
 .bss.heap_end.0
                0x0000000020000c7c        0x4 /Applications/STM32CubeIDE.app/Contents/Eclipse/plugins/com.st.stm32cube.ide.mcu.externaltools.gnu-tools-for-stm32.10.3-2021.10.macos64_1.0.100.202210260954/tools/bin/../lib/gcc/arm-none-eabi/10.3.1/../../../../arm-none-eabi/lib/thumb/v7e-m+fp/hard/libnosys.a(sbrk.o)
 *(COMMON)
                0x0000000020000c80                . = ALIGN (0x4)
                0x0000000020000c80                _ebss = .
                0x0000000020000c80                __bss_end__ = _ebss

._user_heap_stack
                0x0000000020000c80      0x600 load address 0x000000000800d114
                0x0000000020000c80                . = ALIGN (0x8)
                0x0000000020000c80                PROVIDE (end = .)
                [!provide]                        PROVIDE (_end = .)
                0x0000000020000e80                . = (. + _Min_Heap_Size)
 *fill*         0x0000000020000c80      0x200 
                0x0000000020001280                . = (. + _Min_Stack_Size)
 *fill*         0x0000000020000e80      0x400 
                0x0000000020001280                . = ALIGN (0x8)

/DISCARD/
 libc.a(*)
 libm.a(*)
 libgcc.a(*)

.ARM.attributes
                0x0000000000000000       0x30
 *(.ARM.attributes)
 .ARM.attributes
                0x0000000000000000       0x1e /Applications/STM32CubeIDE.app/Contents/Eclipse/plugins/com.st.stm32cube.ide.mcu.externaltools.gnu-tools-for-stm32.10.3-2021.10.macos64_1.0.100.202210260954/tools/bin/../lib/gcc/arm-none-eabi/10.3.1/thumb/v7e-m+fp/hard/crti.o
 .ARM.attributes
                0x000000000000001e       0x34 /Applications/STM32CubeIDE.app/Contents/Eclipse/plugins/com.st.stm32cube.ide.mcu.externaltools.gnu-tools-for-stm32.10.3-2021.10.macos64_1.0.100.202210260954/tools/bin/../lib/gcc/arm-none-eabi/10.3.1/thumb/v7e-m+fp/hard/crtbegin.o
 .ARM.attributes
                0x0000000000000052       0x34 ./Core/Src/main.o
 .ARM.attributes
                0x0000000000000086       0x34 ./Core/Src/measuring.o
 .ARM.attributes
                0x00000000000000ba       0x34 ./Core/Src/menu.o
 .ARM.attributes
                0x00000000000000ee       0x34 ./Core/Src/pushbutton.o
 .ARM.attributes
                0x0000000000000122       0x34 ./Core/Src/stm32f4xx_it.o
 .ARM.attributes
                0x0000000000000156       0x34 ./Core/Src/system_stm32f4xx.o
 .ARM.attributes
                0x000000000000018a       0x21 ./Core/Startup/startup_stm32f429zitx.o
 .ARM.attributes
                0x00000000000001ab       0x34 ./Drivers/BSP/Components/ili9341/ili9341.o
 .ARM.attributes
                0x00000000000001df       0x34 ./Drivers/BSP/Components/stmpe811/stmpe811.o
 .ARM.attributes
                0x0000000000000213       0x34 ./Drivers/BSP/STM32F429I-Discovery/stm32f429i_discovery.o
 .ARM.attributes
                0x0000000000000247       0x34 ./Drivers/BSP/STM32F429I-Discovery/stm32f429i_discovery_lcd.o
 .ARM.attributes
                0x000000000000027b       0x34 ./Drivers/BSP/STM32F429I-Discovery/stm32f429i_discovery_sdram.o
 .ARM.attributes
                0x00000000000002af       0x34 ./Drivers/BSP/STM32F429I-Discovery/stm32f429i_discovery_ts.o
 .ARM.attributes
                0x00000000000002e3       0x34 ./Drivers/STM32F4xx_HAL_Driver/Src/stm32f4xx_hal.o
 .ARM.attributes
                0x0000000000000317       0x34 ./Drivers/STM32F4xx_HAL_Driver/Src/stm32f4xx_hal_cortex.o
 .ARM.attributes
                0x000000000000034b       0x34 ./Drivers/STM32F4xx_HAL_Driver/Src/stm32f4xx_hal_dma.o
 .ARM.attributes
                0x000000000000037f       0x34 ./Drivers/STM32F4xx_HAL_Driver/Src/stm32f4xx_hal_dma2d.o
 .ARM.attributes
                0x00000000000003b3       0x34 ./Drivers/STM32F4xx_HAL_Driver/Src/stm32f4xx_hal_gpio.o
 .ARM.attributes
                0x00000000000003e7       0x34 ./Drivers/STM32F4xx_HAL_Driver/Src/stm32f4xx_hal_i2c.o
 .ARM.attributes
                0x000000000000041b       0x34 ./Drivers/STM32F4xx_HAL_Driver/Src/stm32f4xx_hal_ltdc.o
 .ARM.attributes
                0x000000000000044f       0x34 ./Drivers/STM32F4xx_HAL_Driver/Src/stm32f4xx_hal_rcc.o
 .ARM.attributes
                0x0000000000000483       0x34 ./Drivers/STM32F4xx_HAL_Driver/Src/stm32f4xx_hal_rcc_ex.o
 .ARM.attributes
                0x00000000000004b7       0x34 ./Drivers/STM32F4xx_HAL_Driver/Src/stm32f4xx_hal_sdram.o
 .ARM.attributes
                0x00000000000004eb       0x34 ./Drivers/STM32F4xx_HAL_Driver/Src/stm32f4xx_hal_spi.o
 .ARM.attributes
                0x000000000000051f       0x34 ./Drivers/STM32F4xx_HAL_Driver/Src/stm32f4xx_ll_fmc.o
 .ARM.attributes
                0x0000000000000553       0x34 /Applications/STM32CubeIDE.app/Contents/Eclipse/plugins/com.st.stm32cube.ide.mcu.externaltools.gnu-tools-for-stm32.10.3-2021.10.macos64_1.0.100.202210260954/tools/bin/../lib/gcc/arm-none-eabi/10.3.1/../../../../arm-none-eabi/lib/thumb/v7e-m+fp/hard/libc_nano.a(lib_a-impure.o)
 .ARM.attributes
                0x0000000000000587       0x34 /Applications/STM32CubeIDE.app/Contents/Eclipse/plugins/com.st.stm32cube.ide.mcu.externaltools.gnu-tools-for-stm32.10.3-2021.10.macos64_1.0.100.202210260954/tools/bin/../lib/gcc/arm-none-eabi/10.3.1/../../../../arm-none-eabi/lib/thumb/v7e-m+fp/hard/libc_nano.a(lib_a-init.o)
 .ARM.attributes
                0x00000000000005bb       0x34 /Applications/STM32CubeIDE.app/Contents/Eclipse/plugins/com.st.stm32cube.ide.mcu.externaltools.gnu-tools-for-stm32.10.3-2021.10.macos64_1.0.100.202210260954/tools/bin/../lib/gcc/arm-none-eabi/10.3.1/../../../../arm-none-eabi/lib/thumb/v7e-m+fp/hard/libc_nano.a(lib_a-memset.o)
 .ARM.attributes
                0x00000000000005ef       0x34 /Applications/STM32CubeIDE.app/Contents/Eclipse/plugins/com.st.stm32cube.ide.mcu.externaltools.gnu-tools-for-stm32.10.3-2021.10.macos64_1.0.100.202210260954/tools/bin/../lib/gcc/arm-none-eabi/10.3.1/../../../../arm-none-eabi/lib/thumb/v7e-m+fp/hard/libc_nano.a(lib_a-snprintf.o)
 .ARM.attributes
                0x0000000000000623       0x34 /Applications/STM32CubeIDE.app/Contents/Eclipse/plugins/com.st.stm32cube.ide.mcu.externaltools.gnu-tools-for-stm32.10.3-2021.10.macos64_1.0.100.202210260954/tools/bin/../lib/gcc/arm-none-eabi/10.3.1/../../../../arm-none-eabi/lib/thumb/v7e-m+fp/hard/libc_nano.a(lib_a-nano-svfprintf.o)
 .ARM.attributes
                0x0000000000000657       0x34 /Applications/STM32CubeIDE.app/Contents/Eclipse/plugins/com.st.stm32cube.ide.mcu.externaltools.gnu-tools-for-stm32.10.3-2021.10.macos64_1.0.100.202210260954/tools/bin/../lib/gcc/arm-none-eabi/10.3.1/../../../../arm-none-eabi/lib/thumb/v7e-m+fp/hard/libc_nano.a(lib_a-nano-vfprintf_i.o)
 .ARM.attributes
                0x000000000000068b       0x1c /Applications/STM32CubeIDE.app/Contents/Eclipse/plugins/com.st.stm32cube.ide.mcu.externaltools.gnu-tools-for-stm32.10.3-2021.10.macos64_1.0.100.202210260954/tools/bin/../lib/gcc/arm-none-eabi/10.3.1/../../../../arm-none-eabi/lib/thumb/v7e-m+fp/hard/libc_nano.a(lib_a-memchr.o)
 .ARM.attributes
                0x00000000000006a7       0x34 /Applications/STM32CubeIDE.app/Contents/Eclipse/plugins/com.st.stm32cube.ide.mcu.externaltools.gnu-tools-for-stm32.10.3-2021.10.macos64_1.0.100.202210260954/tools/bin/../lib/gcc/arm-none-eabi/10.3.1/../../../../arm-none-eabi/lib/thumb/v7e-m+fp/hard/libc_nano.a(lib_a-memcpy-stub.o)
 .ARM.attributes
                0x00000000000006db       0x34 /Applications/STM32CubeIDE.app/Contents/Eclipse/plugins/com.st.stm32cube.ide.mcu.externaltools.gnu-tools-for-stm32.10.3-2021.10.macos64_1.0.100.202210260954/tools/bin/../lib/gcc/arm-none-eabi/10.3.1/../../../../arm-none-eabi/lib/thumb/v7e-m+fp/hard/libc_nano.a(lib_a-memmove.o)
 .ARM.attributes
                0x000000000000070f       0x34 /Applications/STM32CubeIDE.app/Contents/Eclipse/plugins/com.st.stm32cube.ide.mcu.externaltools.gnu-tools-for-stm32.10.3-2021.10.macos64_1.0.100.202210260954/tools/bin/../lib/gcc/arm-none-eabi/10.3.1/../../../../arm-none-eabi/lib/thumb/v7e-m+fp/hard/libc_nano.a(lib_a-nano-freer.o)
 .ARM.attributes