../Drivers/CMSIS/Include/core_cm4.h:1688:22:__NVIC_EnableIRQ	16	static
../Drivers/CMSIS/Include/core_cm4.h:1724:22:__NVIC_DisableIRQ	16	static,ignoring_inline_asm
../Drivers/CMSIS/Include/core_cm4.h:1777:22:__NVIC_ClearPendingIRQ	16	static
../Core/Src/measuring.c:95:11:roundToAccuracy	16	static
../Core/Src/measuring.c:108:6:MEAS_GPIO_analog_init	24	static
../Core/Src/measuring.c:123:6:DAC_reset	4	static
../Core/Src/measuring.c:136:6:DAC_init	16	static
../Core/Src/measuring.c:147:6:DAC_increment	4	static
../Core/Src/measuring.c:159:6:ADC_reset	4	static
../Core/Src/measuring.c:170:6:MEAS_timer_init	16	static
../Core/Src/measuring.c:198:6:ADC1_IN13_ADC2_IN11_dual_init	24	static
../Core/Src/measuring.c:229:6:ADC1_IN13_ADC2_IN11_dual_start	8	static
../Core/Src/measuring.c:250:6:ADC2_IN13_IN5_scan_init	16	static
../Core/Src/measuring.c:281:6:ADC2_IN13_IN5_scan_start	8	static
../Core/Src/measuring.c:299:6:TIM2_IRQHandler	8	static
../Core/Src/measuring.c:314:6:ADC_IRQHandler	8	static
../Core/Src/measuring.c:340:6:DMA2_Stream4_IRQHandler	16	static
../Core/Src/measuring.c:375:6:MEAS_show_data	88	static
