../Drivers/CMSIS/Include/core_cm4.h:1688:22:__NVIC_EnableIRQ	16	static
../Drivers/CMSIS/Include/core_cm4.h:1724:22:__NVIC_DisableIRQ	16	static,ignoring_inline_asm
../Drivers/CMSIS/Include/core_cm4.h:1777:22:__NVIC_ClearPendingIRQ	16	static
../Core/Src/measuring.c:94:11:roundToAccuracy	16	static
../Core/Src/measuring.c:107:6:MEAS_GPIO_analog_init	24	static
../Core/Src/measuring.c:122:6:DAC_reset	4	static
../Core/Src/measuring.c:135:6:DAC_init	16	static
../Core/Src/measuring.c:146:6:DAC_increment	4	static
../Core/Src/measuring.c:158:6:ADC_reset	4	static
../Core/Src/measuring.c:169:6:MEAS_timer_init	16	static
../Core/Src/measuring.c:197:6:ADC1_IN13_ADC2_IN11_dual_init	24	static
../Core/Src/measuring.c:228:6:ADC1_IN13_ADC2_IN11_dual_start	8	static
../Core/Src/measuring.c:243:6:ADC2_IN13_IN5_scan_start	8	static
../Core/Src/measuring.c:261:6:TIM2_IRQHandler	8	static
../Core/Src/measuring.c:276:6:ADC_IRQHandler	8	static
../Core/Src/measuring.c:302:6:DMA2_Stream4_IRQHandler	16	static
../Core/Src/measuring.c:339:6:MEAS_show_data	112	static
