../Drivers/CMSIS/Include/core_cm4.h:1688:22:__NVIC_EnableIRQ	16	static
../Drivers/CMSIS/Include/core_cm4.h:1724:22:__NVIC_DisableIRQ	16	static,ignoring_inline_asm
../Drivers/CMSIS/Include/core_cm4.h:1777:22:__NVIC_ClearPendingIRQ	16	static
../Core/Src/measuring.c:96:11:roundToAccuracy	16	static
../Core/Src/measuring.c:109:6:MEAS_GPIO_analog_init	24	static
../Core/Src/measuring.c:124:6:DAC_reset	4	static
../Core/Src/measuring.c:137:6:DAC_init	16	static
../Core/Src/measuring.c:148:6:DAC_increment	4	static
../Core/Src/measuring.c:160:6:ADC_reset	4	static
../Core/Src/measuring.c:171:6:MEAS_timer_init	16	static
../Core/Src/measuring.c:199:6:ADC1_IN13_ADC2_IN11_dual_init	24	static
../Core/Src/measuring.c:230:6:ADC1_IN13_ADC2_IN11_dual_start	8	static
../Core/Src/measuring.c:245:6:ADC2_IN13_IN5_scan_start	8	static
../Core/Src/measuring.c:263:6:TIM2_IRQHandler	8	static
../Core/Src/measuring.c:278:6:ADC_IRQHandler	8	static
../Core/Src/measuring.c:304:6:DMA2_Stream4_IRQHandler	16	static
../Core/Src/measuring.c:339:6:MEAS_show_data	112	static
