../Drivers/CMSIS/Include/core_cm4.h:1688:22:__NVIC_EnableIRQ	16	static
../Drivers/CMSIS/Include/core_cm4.h:1724:22:__NVIC_DisableIRQ	16	static,ignoring_inline_asm
../Drivers/CMSIS/Include/core_cm4.h:1777:22:__NVIC_ClearPendingIRQ	16	static
../Core/Src/measuring.c:96:6:orderSamples	16	static
../Core/Src/measuring.c:113:6:MEAS_GPIO_analog_init	24	static
../Core/Src/measuring.c:129:6:DAC_reset	4	static
../Core/Src/measuring.c:142:6:DAC_init	16	static
../Core/Src/measuring.c:153:6:DAC_increment	4	static
../Core/Src/measuring.c:165:6:ADC_reset	4	static
../Core/Src/measuring.c:176:6:MEAS_timer_init	16	static
../Core/Src/measuring.c:204:6:ADC1_IN13_ADC2_IN11_dual_init	24	static
../Core/Src/measuring.c:235:6:ADC1_IN13_ADC2_IN5_dual_start	8	static
../Core/Src/measuring.c:257:6:ADC2_IN13_IN5_scan_init	16	static
../Core/Src/measuring.c:288:6:ADC2_IN13_IN5_scan_start	8	static
../Core/Src/measuring.c:306:6:TIM2_IRQHandler	8	static
../Core/Src/measuring.c:321:6:ADC_IRQHandler	8	static
../Core/Src/measuring.c:342:6:DMA2_Stream1_IRQHandler	8	static
../Core/Src/measuring.c:365:6:DMA2_Stream3_IRQHandler	8	static
../Core/Src/measuring.c:393:6:DMA2_Stream4_IRQHandler	16	static
../Core/Src/measuring.c:428:6:MEAS_show_data	64	static
