../Drivers/BSP/Components/lsm303dlhc/lsm303dlhc.c:110:6:LSM303DLHC_AccInit	24	static
../Drivers/BSP/Components/lsm303dlhc/lsm303dlhc.c:131:6:LSM303DLHC_AccDeInit	4	static
../Drivers/BSP/Components/lsm303dlhc/lsm303dlhc.c:140:9:LSM303DLHC_AccReadID	16	static
../Drivers/BSP/Components/lsm303dlhc/lsm303dlhc.c:158:6:LSM303DLHC_AccRebootCmd	16	static
../Drivers/BSP/Components/lsm303dlhc/lsm303dlhc.c:177:6:LSM303DLHC_AccFilterConfig	24	static
../Drivers/BSP/Components/lsm303dlhc/lsm303dlhc.c:199:6:LSM303DLHC_AccFilterCmd	24	static
../Drivers/BSP/Components/lsm303dlhc/lsm303dlhc.c:219:6:LSM303DLHC_AccReadXYZ	40	static
../Drivers/BSP/Components/lsm303dlhc/lsm303dlhc.c:288:6:LSM303DLHC_AccFilterClickCmd	24	static
../Drivers/BSP/Components/lsm303dlhc/lsm303dlhc.c:316:6:LSM303DLHC_AccIT1Enable	24	static
../Drivers/BSP/Components/lsm303dlhc/lsm303dlhc.c:343:6:LSM303DLHC_AccIT1Disable	24	static
../Drivers/BSP/Components/lsm303dlhc/lsm303dlhc.c:369:6:LSM303DLHC_AccIT2Enable	24	static
../Drivers/BSP/Components/lsm303dlhc/lsm303dlhc.c:395:6:LSM303DLHC_AccIT2Disable	24	static
../Drivers/BSP/Components/lsm303dlhc/lsm303dlhc.c:415:6:LSM303DLHC_AccINT1InterruptEnable	24	static
../Drivers/BSP/Components/lsm303dlhc/lsm303dlhc.c:435:6:LSM303DLHC_AccINT1InterruptDisable	24	static
../Drivers/BSP/Components/lsm303dlhc/lsm303dlhc.c:455:6:LSM303DLHC_AccINT2InterruptEnable	24	static
../Drivers/BSP/Components/lsm303dlhc/lsm303dlhc.c:475:6:LSM303DLHC_AccINT2InterruptDisable	24	static
../Drivers/BSP/Components/lsm303dlhc/lsm303dlhc.c:494:6:LSM303DLHC_AccClickITEnable	24	static
../Drivers/BSP/Components/lsm303dlhc/lsm303dlhc.c:528:6:LSM303DLHC_AccClickITDisable	24	static
../Drivers/BSP/Components/lsm303dlhc/lsm303dlhc.c:547:6:LSM303DLHC_AccZClickITConfig	8	static
