Archive member included to satisfy reference by file (symbol)

../Drivers/CMSIS/Lib/GCC/libarm_cortexM4lf_math.a(arm_const_structs.o)
                              ./Core/Src/arm_cfft_init_f32.o (arm_cfft_sR_f32_len4096)
../Drivers/CMSIS/Lib/GCC/libarm_cortexM4lf_math.a(arm_common_tables.o)
                              ../Drivers/CMSIS/Lib/GCC/libarm_cortexM4lf_math.a(arm_const_structs.o) (twiddleCoef_rfft_4096)
../Drivers/CMSIS/Lib/GCC/libarm_cortexM4lf_math.a(arm_max_f32.o)
                              ./Core/Src/main.o (arm_max_f32)
../Drivers/CMSIS/Lib/GCC/libarm_cortexM4lf_math.a(arm_cfft_f32.o)
                              ./Core/Src/main.o (arm_cfft_f32)
../Drivers/CMSIS/Lib/GCC/libarm_cortexM4lf_math.a(arm_rfft_init_q31.o)
                              ../Drivers/CMSIS/Lib/GCC/libarm_cortexM4lf_math.a(arm_const_structs.o) (realCoefBQ31)
../Drivers/CMSIS/Lib/GCC/libarm_cortexM4lf_math.a(arm_rfft_init_q15.o)
                              ../Drivers/CMSIS/Lib/GCC/libarm_cortexM4lf_math.a(arm_const_structs.o) (realCoefBQ15)
../Drivers/CMSIS/Lib/GCC/libarm_cortexM4lf_math.a(arm_cmplx_mag_f32.o)
                              ./Core/Src/main.o (arm_cmplx_mag_f32)
../Drivers/CMSIS/Lib/GCC/libarm_cortexM4lf_math.a(arm_bitreversal2.o)
                              ../Drivers/CMSIS/Lib/GCC/libarm_cortexM4lf_math.a(arm_cfft_f32.o) (arm_bitreversal_32)
../Drivers/CMSIS/Lib/GCC/libarm_cortexM4lf_math.a(arm_cfft_radix8_f32.o)
                              ../Drivers/CMSIS/Lib/GCC/libarm_cortexM4lf_math.a(arm_cfft_f32.o) (arm_radix8_butterfly_f32)
/Applications/STM32CubeIDE.app/Contents/Eclipse/plugins/com.st.stm32cube.ide.mcu.externaltools.gnu-tools-for-stm32.10.3-2021.10.macos64_1.0.200.202301161003/tools/bin/../lib/gcc/arm-none-eabi/10.3.1/../../../../arm-none-eabi/lib/thumb/v7e-m+fp/hard/libc_nano.a(lib_a-exit.o)
                              /Applications/STM32CubeIDE.app/Contents/Eclipse/plugins/com.st.stm32cube.ide.mcu.externaltools.gnu-tools-for-stm32.10.3-2021.10.macos64_1.0.200.202301161003/tools/bin/../lib/gcc/arm-none-eabi/10.3.1/../../../../arm-none-eabi/lib/thumb/v7e-m+fp/hard/crt0.o (exit)
/Applications/STM32CubeIDE.app/Contents/Eclipse/plugins/com.st.stm32cube.ide.mcu.externaltools.gnu-tools-for-stm32.10.3-2021.10.macos64_1.0.200.202301161003/tools/bin/../lib/gcc/arm-none-eabi/10.3.1/../../../../arm-none-eabi/lib/thumb/v7e-m+fp/hard/libc_nano.a(lib_a-impure.o)
                              /Applications/STM32CubeIDE.app/Contents/Eclipse/plugins/com.st.stm32cube.ide.mcu.externaltools.gnu-tools-for-stm32.10.3-2021.10.macos64_1.0.200.202301161003/tools/bin/../lib/gcc/arm-none-eabi/10.3.1/../../../../arm-none-eabi/lib/thumb/v7e-m+fp/hard/libc_nano.a(lib_a-exit.o) (_global_impure_ptr)
/Applications/STM32CubeIDE.app/Contents/Eclipse/plugins/com.st.stm32cube.ide.mcu.externaltools.gnu-tools-for-stm32.10.3-2021.10.macos64_1.0.200.202301161003/tools/bin/../lib/gcc/arm-none-eabi/10.3.1/../../../../arm-none-eabi/lib/thumb/v7e-m+fp/hard/libc_nano.a(lib_a-init.o)
                              /Applications/STM32CubeIDE.app/Contents/Eclipse/plugins/com.st.stm32cube.ide.mcu.externaltools.gnu-tools-for-stm32.10.3-2021.10.macos64_1.0.200.202301161003/tools/bin/../lib/gcc/arm-none-eabi/10.3.1/../../../../arm-none-eabi/lib/thumb/v7e-m+fp/hard/crt0.o (__libc_init_array)
/Applications/STM32CubeIDE.app/Contents/Eclipse/plugins/com.st.stm32cube.ide.mcu.externaltools.gnu-tools-for-stm32.10.3-2021.10.macos64_1.0.200.202301161003/tools/bin/../lib/gcc/arm-none-eabi/10.3.1/../../../../arm-none-eabi/lib/thumb/v7e-m+fp/hard/libc_nano.a(lib_a-memset.o)
                              /Applications/STM32CubeIDE.app/Contents/Eclipse/plugins/com.st.stm32cube.ide.mcu.externaltools.gnu-tools-for-stm32.10.3-2021.10.macos64_1.0.200.202301161003/tools/bin/../lib/gcc/arm-none-eabi/10.3.1/../../../../arm-none-eabi/lib/thumb/v7e-m+fp/hard/crt0.o (memset)
/Applications/STM32CubeIDE.app/Contents/Eclipse/plugins/com.st.stm32cube.ide.mcu.externaltools.gnu-tools-for-stm32.10.3-2021.10.macos64_1.0.200.202301161003/tools/bin/../lib/gcc/arm-none-eabi/10.3.1/../../../../arm-none-eabi/lib/thumb/v7e-m+fp/hard/libc_nano.a(lib_a-nano-vfprintf_float.o)
                              (_printf_float)
/Applications/STM32CubeIDE.app/Contents/Eclipse/plugins/com.st.stm32cube.ide.mcu.externaltools.gnu-tools-for-stm32.10.3-2021.10.macos64_1.0.200.202301161003/tools/bin/../lib/gcc/arm-none-eabi/10.3.1/../../../../arm-none-eabi/lib/thumb/v7e-m+fp/hard/libc_nano.a(lib_a-nano-vfprintf_i.o)
                              /Applications/STM32CubeIDE.app/Contents/Eclipse/plugins/com.st.stm32cube.ide.mcu.externaltools.gnu-tools-for-stm32.10.3-2021.10.macos64_1.0.200.202301161003/tools/bin/../lib/gcc/arm-none-eabi/10.3.1/../../../../arm-none-eabi/lib/thumb/v7e-m+fp/hard/libc_nano.a(lib_a-nano-vfprintf_float.o) (_printf_common)
[...]
Memory Configuration

Name             Origin             Length             Attributes
CCMRAM           0x0000000010000000 0x0000000000010000 xrw
RAM              0x0000000020000000 0x0000000000030000 xrw
FLASH            0x0000000008000000 0x0000000000200000 xr
*default*        0x0000000000000000 0xffffffffffffffff

Linker script and memory map

LOAD /Applications/STM32CubeIDE.app/Contents/Eclipse/plugins/com.st.stm32cube.ide.mcu.externaltools.gnu-tools-for-stm32.10.3-2021.10.macos64_1.0.200.202301161003/tools/bin/../lib/gcc/arm-none-eabi/10.3.1/thumb/v7e-m+fp/hard/crti.o
LOAD /Applications/STM32CubeIDE.app/Contents/Eclipse/plugins/com.st.stm32cube.ide.mcu.externaltools.gnu-tools-for-stm32.10.3-2021.10.macos64_1.0.200.202301161003/tools/bin/../lib/gcc/arm-none-eabi/10.3.1/thumb/v7e-m+fp/hard/crtbegin.o
LOAD /Applications/STM32CubeIDE.app/Contents/Eclipse/plugins/com.st.stm32cube.ide.mcu.externaltools.gnu-tools-for-stm32.10.3-2021.10.macos64_1.0.200.202301161003/tools/bin/../lib/gcc/arm-none-eabi/10.3.1/../../../../arm-none-eabi/lib/thumb/v7e-m+fp/hard/crt0.o
LOAD ./Core/Src/arm_cfft_init_f32.o
LOAD ./Core/Src/main.o
LOAD ./Core/Src/measuring.o
LOAD ./Core/Src/menu.o
LOAD ./Core/Src/pushbutton.o
LOAD ./Core/Src/stm32f4xx_it.o
LOAD ./Core/Src/system_stm32f4xx.o
LOAD ./Core/Startup/startup_stm32f429zitx.o
LOAD ./Drivers/BSP/Components/cs43l22/cs43l22.o
LOAD ./Drivers/BSP/Components/exc7200/exc7200.o
LOAD ./Drivers/BSP/Components/ft6x06/ft6x06.o
LOAD ./Drivers/BSP/Components/ili9325/ili9325.o
LOAD ./Drivers/BSP/Components/ili9341/ili9341.o
LOAD ./Drivers/BSP/Components/l3gd20/l3gd20.o
LOAD ./Drivers/BSP/Components/lis302dl/lis302dl.o
LOAD ./Drivers/BSP/Components/lis3dsh/lis3dsh.o
LOAD ./Drivers/BSP/Components/ls016b8uy/ls016b8uy.o
LOAD ./Drivers/BSP/Components/lsm303dlhc/lsm303dlhc.o
LOAD ./Drivers/BSP/Components/mfxstm32l152/mfxstm32l152.o
LOAD ./Drivers/BSP/Components/otm8009a/otm8009a.o
LOAD ./Drivers/BSP/Components/ov2640/ov2640.o
LOAD ./Drivers/BSP/Components/ov5640/ov5640.o
LOAD ./Drivers/BSP/Components/s5k5cag/s5k5cag.o
LOAD ./Drivers/BSP/Components/st7735/st7735.o
LOAD ./Drivers/BSP/Components/st7789h2/st7789h2.o
LOAD ./Drivers/BSP/Components/stmpe1600/stmpe1600.o
LOAD ./Drivers/BSP/Components/stmpe811/stmpe811.o
LOAD ./Drivers/BSP/Components/ts3510/ts3510.o
LOAD ./Drivers/BSP/Components/wm8994/wm8994.o
LOAD ./Drivers/BSP/STM32F429I-Discovery/stm32f429i_discovery.o
LOAD ./Drivers/BSP/STM32F429I-Discovery/stm32f429i_discovery_eeprom.o
LOAD ./Drivers/BSP/STM32F429I-Discovery/stm32f429i_discovery_gyroscope.o
LOAD ./Drivers/BSP/STM32F429I-Discovery/stm32f429i_discovery_io.o
LOAD ./Drivers/BSP/STM32F429I-Discovery/stm32f429i_discovery_lcd.o
LOAD ./Drivers/BSP/STM32F429I-Discovery/stm32f429i_discovery_sdram.o
LOAD ./Drivers/BSP/STM32F429I-Discovery/stm32f429i_discovery_ts.o
LOAD ./Drivers/STM32F4xx_HAL_Driver/Src/stm32f4xx_hal.o
LOAD ./Drivers/STM32F4xx_HAL_Driver/Src/stm32f4xx_hal_cortex.o
LOAD ./Drivers/STM32F4xx_HAL_Driver/Src/stm32f4xx_hal_crc.o
LOAD ./Drivers/STM32F4xx_HAL_Driver/Src/stm32f4xx_hal_dma.o
LOAD ./Drivers/STM32F4xx_HAL_Driver/Src/stm32f4xx_hal_dma2d.o
LOAD ./Drivers/STM32F4xx_HAL_Driver/Src/stm32f4xx_hal_dma_ex.o
LOAD ./Drivers/STM32F4xx_HAL_Driver/Src/stm32f4xx_hal_dsi.o
LOAD ./Drivers/STM32F4xx_HAL_Driver/Src/stm32f4xx_hal_exti.o
LOAD ./Drivers/STM32F4xx_HAL_Driver/Src/stm32f4xx_hal_flash.o
LOAD ./Drivers/STM32F4xx_HAL_Driver/Src/stm32f4xx_hal_flash_ex.o
LOAD ./Drivers/STM32F4xx_HAL_Driver/Src/stm32f4xx_hal_flash_ramfunc.o
LOAD ./Drivers/STM32F4xx_HAL_Driver/Src/stm32f4xx_hal_gpio.o
LOAD ./Drivers/STM32F4xx_HAL_Driver/Src/stm32f4xx_hal_hcd.o
LOAD ./Drivers/STM32F4xx_HAL_Driver/Src/stm32f4xx_hal_i2c.o
LOAD ./Drivers/STM32F4xx_HAL_Driver/Src/stm32f4xx_hal_i2c_ex.o
LOAD ./Drivers/STM32F4xx_HAL_Driver/Src/stm32f4xx_hal_ltdc.o
LOAD ./Drivers/STM32F4xx_HAL_Driver/Src/stm32f4xx_hal_ltdc_ex.o
LOAD ./Drivers/STM32F4xx_HAL_Driver/Src/stm32f4xx_hal_pwr.o
LOAD ./Drivers/STM32F4xx_HAL_Driver/Src/stm32f4xx_hal_pwr_ex.o
LOAD ./Drivers/STM32F4xx_HAL_Driver/Src/stm32f4xx_hal_rcc.o
LOAD ./Drivers/STM32F4xx_HAL_Driver/Src/stm32f4xx_hal_rcc_ex.o
LOAD ./Drivers/STM32F4xx_HAL_Driver/Src/stm32f4xx_hal_sdram.o
LOAD ./Drivers/STM32F4xx_HAL_Driver/Src/stm32f4xx_hal_spi.o
LOAD ./Drivers/STM32F4xx_HAL_Driver/Src/stm32f4xx_hal_tim.o
LOAD ./Drivers/STM32F4xx_HAL_Driver/Src/stm32f4xx_hal_tim_ex.o
LOAD ./Drivers/STM32F4xx_HAL_Driver/Src/stm32f4xx_hal_uart.o
LOAD ./Drivers/STM32F4xx_HAL_Driver/Src/stm32f4xx_ll_fmc.o
LOAD ./Drivers/STM32F4xx_HAL_Driver/Src/stm32f4xx_ll_usb.o
LOAD ../Drivers/CMSIS/Lib/GCC/libarm_cortexM4lf_math.a
START GROUP
LOAD /Applications/STM32CubeIDE.app/Contents/Eclipse/plugins/com.st.stm32cube.ide.mcu.externaltools.gnu-tools-for-stm32.10.3-2021.10.macos64_1.0.200.202301161003/tools/bin/../lib/gcc/arm-none-eabi/10.3.1/../../../../arm-none-eabi/lib/thumb/v7e-m+fp/hard/libc_nano.a
LOAD /Applications/STM32CubeIDE.app/Contents/Eclipse/plugins/com.st.stm32cube.ide.mcu.externaltools.gnu-tools-for-stm32.10.3-2021.10.macos64_1.0.200.202301161003/tools/bin/../lib/gcc/arm-none-eabi/10.3.1/../../../../arm-none-eabi/lib/thumb/v7e-m+fp/hard/libm.a
END GROUP
START GROUP
LOAD /Applications/STM32CubeIDE.app/Contents/Eclipse/plugins/com.st.stm32cube.ide.mcu.externaltools.gnu-tools-for-stm32.10.3-2021.10.macos64_1.0.200.202301161003/tools/bin/../lib/gcc/arm-none-eabi/10.3.1/thumb/v7e-m+fp/hard/libgcc.a
LOAD /Applications/STM32CubeIDE.app/Contents/Eclipse/plugins/com.st.stm32cube.ide.mcu.externaltools.gnu-tools-for-stm32.10.3-2021.10.macos64_1.0.200.202301161003/tools/bin/../lib/gcc/arm-none-eabi/10.3.1/../../../../arm-none-eabi/lib/thumb/v7e-m+fp/hard/libc_nano.a
END GROUP
START GROUP
LOAD /Applications/STM32CubeIDE.app/Contents/Eclipse/plugins/com.st.stm32cube.ide.mcu.externaltools.gnu-tools-for-stm32.10.3-2021.10.macos64_1.0.200.202301161003/tools/bin/../lib/gcc/arm-none-eabi/10.3.1/thumb/v7e-m+fp/hard/libgcc.a
LOAD /Applications/STM32CubeIDE.app/Contents/Eclipse/plugins/com.st.stm32cube.ide.mcu.externaltools.gnu-tools-for-stm32.10.3-2021.10.macos64_1.0.200.202301161003/tools/bin/../lib/gcc/arm-none-eabi/10.3.1/../../../../arm-none-eabi/lib/thumb/v7e-m+fp/hard/libc_nano.a
LOAD /Applications/STM32CubeIDE.app/Contents/Eclipse/plugins/com.st.stm32cube.ide.mcu.externaltools.gnu-tools-for-stm32.10.3-2021.10.macos64_1.0.200.202301161003/tools/bin/../lib/gcc/arm-none-eabi/10.3.1/../../../../arm-none-eabi/lib/thumb/v7e-m+fp/hard/libnosys.a
END GROUP
START GROUP
LOAD /Applications/STM32CubeIDE.app/Contents/Eclipse/plugins/com.st.stm32cube.ide.mcu.externaltools.gnu-tools-for-stm32.10.3-2021.10.macos64_1.0.200.202301161003/tools/bin/../lib/gcc/arm-none-eabi/10.3.1/thumb/v7e-m+fp/hard/libgcc.a
LOAD /Applications/STM32CubeIDE.app/Contents/Eclipse/plugins/com.st.stm32cube.ide.mcu.externaltools.gnu-tools-for-stm32.10.3-2021.10.macos64_1.0.200.202301161003/tools/bin/../lib/gcc/arm-none-eabi/10.3.1/../../../../arm-none-eabi/lib/thumb/v7e-m+fp/hard/libc_nano.a
LOAD /Applications/STM32CubeIDE.app/Contents/Eclipse/plugins/com.st.stm32cube.ide.mcu.externaltools.gnu-tools-for-stm32.10.3-2021.10.macos64_1.0.200.202301161003/tools/bin/../lib/gcc/arm-none-eabi/10.3.1/../../../../arm-none-eabi/lib/thumb/v7e-m+fp/hard/libnosys.a
END GROUP
LOAD /Applications/STM32CubeIDE.app/Contents/Eclipse/plugins/com.st.stm32cube.ide.mcu.externaltools.gnu-tools-for-stm32.10.3-2021.10.macos64_1.0.200.202301161003/tools/bin/../lib/gcc/arm-none-eabi/10.3.1/thumb/v7e-m+fp/hard/crtend.o
LOAD /Applications/STM32CubeIDE.app/Contents/Eclipse/plugins/com.st.stm32cube.ide.mcu.externaltools.gnu-tools-for-stm32.10.3-2021.10.macos64_1.0.200.202301161003/tools/bin/../lib/gcc/arm-none-eabi/10.3.1/thumb/v7e-m+fp/hard/crtn.o
                0x0000000020030000                _estack = (ORIGIN (RAM) + LENGTH (RAM))
                0x0000000000000200                _Min_Heap_Size = 0x200
                0x0000000000000400                _Min_Stack_Size = 0x400

.isr_vector     0x0000000008000000      0x1ac
                0x0000000008000000                . = ALIGN (0x4)
 *(.isr_vector)
 .isr_vector    0x0000000008000000      0x1ac ./Core/Startup/startup_stm32f429zitx.o
                0x0000000008000000                g_pfnVectors
                0x00000000080001ac                . = ALIGN (0x4)

.text           0x00000000080001b0     0xc2b0
                0x00000000080001b0                . = ALIGN (0x4)
 *(.text)
 .text          0x00000000080001b0       0x40 /Applications/STM32CubeIDE.app/Contents/Eclipse/plugins/com.st.stm32cube.ide.mcu.externaltools.gnu-tools-for-stm32.10.3-2021.10.macos64_1.0.200.202301161003/tools/bin/../lib/gcc/arm-none-eabi/10.3.1/thumb/v7e-m+fp/hard/crtbegin.o
 .text          0x00000000080001f0       0xc0 ../Drivers/CMSIS/Lib/GCC/libarm_cortexM4lf_math.a(arm_bitreversal2.o)
                0x00000000080001f0                arm_bitreversal_32
                0x000000000800025a                arm_bitreversal_16
 .text          0x00000000080002b0       0x10 /Applications/STM32CubeIDE.app/Contents/Eclipse/plugins/com.st.stm32cube.ide.mcu.externaltools.gnu-tools-for-stm32.10.3-2021.10.macos64_1.0.200.202301161003/tools/bin/../lib/gcc/arm-none-eabi/10.3.1/../../../../arm-none-eabi/lib/thumb/v7e-m+fp/hard/libc_nano.a(lib_a-strlen.o)
                0x00000000080002b0                strlen
 .text          0x00000000080002c0       0xa0 /Applications/STM32CubeIDE.app/Contents/Eclipse/plugins/com.st.stm32cube.ide.mcu.externaltools.gnu-tools-for-stm32.10.3-2021.10.macos64_1.0.200.202301161003/tools/bin/../lib/gcc/arm-none-eabi/10.3.1/../../../../arm-none-eabi/lib/thumb/v7e-m+fp/hard/libc_nano.a(lib_a-memchr.o)
                0x00000000080002c0                memchr
 .text          0x0000000008000360      0x378 /Applications/STM32CubeIDE.app/Contents/Eclipse/plugins/com.st.stm32cube.ide.mcu.externaltools.gnu-tools-for-stm32.10.3-2021.10.macos64_1.0.200.202301161003/tools/bin/../lib/gcc/arm-none-eabi/10.3.1/thumb/v7e-m+fp/hard/libgcc.a(_arm_addsubdf3.o)
                0x0000000008000360                __aeabi_drsub
                0x0000000008000368                __subdf3
                0x0000000008000368                __aeabi_dsub
                0x000000000800036c                __aeabi_dadd
                0x000000000800036c                __adddf3
                0x00000000080005e4                __aeabi_ui2d
                0x00000000080005e4                __floatunsidf
                0x0000000008000604                __floatsidf
                0x0000000008000604                __aeabi_i2d
                0x0000000008000628                __extendsfdf2
                0x0000000008000628                __aeabi_f2d
                0x000000000800066c                __aeabi_ul2d
                0x000000000800066c                __floatundidf
                0x000000000800067c                __aeabi_l2d
                0x000000000800067c                __floatdidf
 .text          0x00000000080006d8      0x424 /Applications/STM32CubeIDE.app/Contents/Eclipse/plugins/com.st.stm32cube.ide.mcu.externaltools.gnu-tools-for-stm32.10.3-2021.10.macos64_1.0.200.202301161003/tools/bin/../lib/gcc/arm-none-eabi/10.3.1/thumb/v7e-m+fp/hard/libgcc.a(_arm_muldivdf3.o)
                0x00000000080006d8                __aeabi_dmul
                0x00000000080006d8                __muldf3
                0x000000000800092c                __aeabi_ddiv
                0x000000000800092c                __divdf3
 .text          0x0000000008000afc      0x110 /Applications/STM32CubeIDE.app/Contents/Eclipse/plugins/com.st.stm32cube.ide.mcu.externaltools.gnu-tools-for-stm32.10.3-2021.10.macos64_1.0.200.202301161003/tools/bin/../lib/gcc/arm-none-eabi/10.3.1/thumb/v7e-m+fp/hard/libgcc.a(_arm_cmpdf2.o)
                0x0000000008000afc                __gedf2
                0x0000000008000afc                __gtdf2
                0x0000000008000b04                __ledf2
                0x0000000008000b04                __ltdf2
                0x0000000008000b0c                __cmpdf2
                0x0000000008000b0c                __eqdf2
                0x0000000008000b0c                __nedf2
                0x0000000008000b88                __aeabi_cdrcmple
                0x0000000008000b98                __aeabi_cdcmple
                0x0000000008000b98                __aeabi_cdcmpeq
                0x0000000008000ba8                __aeabi_dcmpeq
                0x0000000008000bbc                __aeabi_dcmplt
                0x0000000008000bd0                __aeabi_dcmple
                0x0000000008000be4                __aeabi_dcmpge
                0x0000000008000bf8                __aeabi_dcmpgt
 .text          0x0000000008000c0c       0x2c /Applications/STM32CubeIDE.app/Contents/Eclipse/plugins/com.st.stm32cube.ide.mcu.externaltools.gnu-tools-for-stm32.10.3-2021.10.macos64_1.0.200.202301161003/tools/bin/../lib/gcc/arm-none-eabi/10.3.1/thumb/v7e-m+fp/hard/libgcc.a(_arm_unorddf2.o)
                0x0000000008000c0c                __aeabi_dcmpun
                0x0000000008000c0c                __unorddf2
 .text          0x0000000008000c38       0x50 /Applications/STM32CubeIDE.app/Contents/Eclipse/plugins/com.st.stm32cube.ide.mcu.externaltools.gnu-tools-for-stm32.10.3-2021.10.macos64_1.0.200.202301161003/tools/bin/../lib/gcc/arm-none-eabi/10.3.1/thumb/v7e-m+fp/hard/libgcc.a(_arm_fixdfsi.o)
                0x0000000008000c38                __fixdfsi
                0x0000000008000c38                __aeabi_d2iz
 .text          0x0000000008000c88       0xa0 /Applications/STM32CubeIDE.app/Contents/Eclipse/plugins/com.st.stm32cube.ide.mcu.externaltools.gnu-tools-for-stm32.10.3-2021.10.macos64_1.0.200.202301161003/tools/bin/../lib/gcc/arm-none-eabi/10.3.1/thumb/v7e-m+fp/hard/libgcc.a(_arm_truncdfsf2.o)
                0x0000000008000c88                __aeabi_d2f
                0x0000000008000c88                __truncdfsf2
 .text          0x0000000008000d28       0x30 /Applications/STM32CubeIDE.app/Contents/Eclipse/plugins/com.st.stm32cube.ide.mcu.externaltools.gnu-tools-for-stm32.10.3-2021.10.macos64_1.0.200.202301161003/tools/bin/../lib/gcc/arm-none-eabi/10.3.1/thumb/v7e-m+fp/hard/libgcc.a(_aeabi_uldivmod.o)
                0x0000000008000d28                __aeabi_uldivmod
 .text          0x0000000008000d58      0x2d0 /Applications/STM32CubeIDE.app/Contents/Eclipse/plugins/com.st.stm32cube.ide.mcu.externaltools.gnu-tools-for-stm32.10.3-2021.10.macos64_1.0.200.202301161003/tools/bin/../lib/gcc/arm-none-eabi/10.3.1/thumb/v7e-m+fp/hard/libgcc.a(_udivmoddi4.o)
                0x0000000008000d58                __udivmoddi4
 .text          0x0000000008001028        0x4 /Applications/STM32CubeIDE.app/Contents/Eclipse/plugins/com.st.stm32cube.ide.mcu.externaltools.gnu-tools-for-stm32.10.3-2021.10.macos64_1.0.200.202301161003/tools/bin/../lib/gcc/arm-none-eabi/10.3.1/thumb/v7e-m+fp/hard/libgcc.a(_dvmd_tls.o)
                0x0000000008001028                __aeabi_ldiv0
                0x0000000008001028                __aeabi_idiv0
 *(.text*)
 .text.arm_cfft_init_f32
                0x000000000800102c      0x1a4 ./Core/Src/arm_cfft_init_f32.o
                0x000000000800102c                arm_cfft_init_f32
 .text.main     0x00000000080011d0      0x214 ./Core/Src/main.o
                0x00000000080011d0                main
 .text.SystemClock_Config
                0x00000000080013e4       0xfc ./Core/Src/main.o
 .text.gyro_disable
                0x00000000080014e0       0xc0 ./Core/Src/main.o
 .text.__NVIC_EnableIRQ
                0x00000000080015a0       0x3c ./Core/Src/measuring.o
 .text.__NVIC_DisableIRQ
                0x00000000080015dc       0x48 ./Core/Src/measuring.o
 .text.__NVIC_ClearPendingIRQ
                0x0000000008001624       0x3c ./Core/Src/measuring.o
 .text.roundToAccuracy
                0x0000000008001660       0x38 ./Core/Src/measuring.o
                0x0000000008001660                roundToAccuracy
 .text.MEAS_GPIO_analog_init
                0x0000000008001698       0x9c ./Core/Src/measuring.o
                0x0000000008001698                MEAS_GPIO_analog_init
 .text.DAC_reset
                0x0000000008001734       0x2c ./Core/Src/measuring.o
                0x0000000008001734                DAC_reset
 .text.DAC_init
                0x0000000008001760       0x44 ./Core/Src/measuring.o
                0x0000000008001760                DAC_init
 .text.DAC_increment
                0x00000000080017a4       0x38 ./Core/Src/measuring.o
                0x00000000080017a4                DAC_increment
 .text.ADC_reset
                0x00000000080017dc       0x3c ./Core/Src/measuring.o
                0x00000000080017dc                ADC_reset
 .text.MEAS_timer_init
                0x0000000008001818       0x6c ./Core/Src/measuring.o
                0x0000000008001818                MEAS_timer_init
 .text.ADC1_IN13_ADC2_IN11_dual_init
                0x0000000008001884      0x154 ./Core/Src/measuring.o
                0x0000000008001884                ADC1_IN13_ADC2_IN11_dual_init
 .text.ADC1_IN13_ADC2_IN11_dual_start
                0x00000000080019d8       0x54 ./Core/Src/measuring.o
                0x00000000080019d8                ADC1_IN13_ADC2_IN11_dual_start
 .text.TIM2_IRQHandler
                0x0000000008001a2c       0x28 ./Core/Src/measuring.o
                0x0000000008001a2c                TIM2_IRQHandler
 .text.ADC_IRQHandler
                0x0000000008001a54       0x74 ./Core/Src/measuring.o
                0x0000000008001a54                ADC_IRQHandler
 .text.DMA2_Stream4_IRQHandler
                0x0000000008001ac8      0x100 ./Core/Src/measuring.o
                0x0000000008001ac8                DMA2_Stream4_IRQHandler
 .text.MEAS_show_data
                0x0000000008001bc8       0xc4 ./Core/Src/measuring.o
                0x0000000008001bc8                MEAS_show_data
 .text.MENU_draw
                0x0000000008001c8c      0x114 ./Core/Src/menu.o
                0x0000000008001c8c                MENU_draw
 .text.MENU_hint
                0x0000000008001da0       0x5c ./Core/Src/menu.o
                0x0000000008001da0                MENU_hint
 .text.MENU_get_transition
                0x0000000008001dfc       0x24 ./Core/Src/menu.o
                0x0000000008001dfc                MENU_get_transition
 .text.MENU_check_transition
                0x0000000008001e20       0xd0 ./Core/Src/menu.o
                0x0000000008001e20                MENU_check_transition
 .text.EXTI15_10_IRQHandler
                0x0000000008001ef0       0x44 ./Core/Src/menu.o
                0x0000000008001ef0                EXTI15_10_IRQHandler
 .text.__NVIC_EnableIRQ
                0x0000000008001f34       0x3c ./Core/Src/pushbutton.o
 .text.__NVIC_ClearPendingIRQ
                0x0000000008001f70       0x3c ./Core/Src/pushbutton.o
 .text.PB_init  0x0000000008001fac       0x40 ./Core/Src/pushbutton.o
                0x0000000008001fac                PB_init
 .text.PB_enableIRQ
                0x0000000008001fec       0x64 ./Core/Src/pushbutton.o
                0x0000000008001fec                PB_enableIRQ
 .text.PB_pressed
                0x0000000008002050       0x24 ./Core/Src/pushbutton.o
                0x0000000008002050                PB_pressed
 .text.EXTI0_IRQHandler
                0x0000000008002074       0x34 ./Core/Src/pushbutton.o
                0x0000000008002074                EXTI0_IRQHandler
 .text.NMI_Handler
                0x00000000080020a8        0xe ./Core/Src/stm32f4xx_it.o
                0x00000000080020a8                NMI_Handler
 .text.HardFault_Handler
                0x00000000080020b6        0x6 ./Core/Src/stm32f4xx_it.o
                0x00000000080020b6                HardFault_Handler
 .text.MemManage_Handler
                0x00000000080020bc        0x6 ./Core/Src/stm32f4xx_it.o
                0x00000000080020bc                MemManage_Handler
 .text.BusFault_Handler
                0x00000000080020c2        0x6 ./Core/Src/stm32f4xx_it.o
                0x00000000080020c2                BusFault_Handler
 .text.UsageFault_Handler
                0x00000000080020c8        0x6 ./Core/Src/stm32f4xx_it.o
                0x00000000080020c8                UsageFault_Handler
 .text.SVC_Handler
                0x00000000080020ce        0xe ./Core/Src/stm32f4xx_it.o
                0x00000000080020ce                SVC_Handler
 .text.DebugMon_Handler
                0x00000000080020dc        0xe ./Core/Src/stm32f4xx_it.o
                0x00000000080020dc                DebugMon_Handler
 .text.PendSV_Handler
                0x00000000080020ea        0xe ./Core/Src/stm32f4xx_it.o
                0x00000000080020ea                PendSV_Handler
 .text.SysTick_Handler
                0x00000000080020f8        0xc ./Core/Src/stm32f4xx_it.o
                0x00000000080020f8                SysTick_Handler
 .text.SystemInit
                0x0000000008002104       0x6c ./Core/Src/system_stm32f4xx.o
                0x0000000008002104                SystemInit
 .text.Reset_Handler
                0x0000000008002170       0x50 ./Core/Startup/startup_stm32f429zitx.o
                0x0000000008002170                Reset_Handler
 .text.Default_Handler
                0x00000000080021c0        0x2 ./Core/Startup/startup_stm32f429zitx.o
                0x00000000080021c0                DMA1_Stream3_IRQHandler
                0x00000000080021c0                HASH_RNG_IRQHandler
                0x00000000080021c0                EXTI2_IRQHandler
                0x00000000080021c0                TIM8_CC_IRQHandler
                0x00000000080021c0                UART8_IRQHandler
                0x00000000080021c0                SPI4_IRQHandler
                0x00000000080021c0                TIM1_CC_IRQHandler
                0x00000000080021c0                DMA2_Stream5_IRQHandler
                0x00000000080021c0                DMA1_Stream5_IRQHandler
                0x00000000080021c0                PVD_IRQHandler
                0x00000000080021c0                SDIO_IRQHandler
                0x00000000080021c0                TAMP_STAMP_IRQHandler
                0x00000000080021c0                CAN2_RX1_IRQHandler
                0x00000000080021c0                EXTI3_IRQHandler
                0x00000000080021c0                TIM8_TRG_COM_TIM14_IRQHandler
                0x00000000080021c0                TIM1_UP_TIM10_IRQHandler
                0x00000000080021c0                TIM8_UP_TIM13_IRQHandler
                0x00000000080021c0                I2C3_ER_IRQHandler
                0x00000000080021c0                I2C2_EV_IRQHandler
                0x00000000080021c0                DMA1_Stream2_IRQHandler
                0x00000000080021c0                CAN1_RX0_IRQHandler
                0x00000000080021c0                FPU_IRQHandler
                0x00000000080021c0                OTG_HS_WKUP_IRQHandler
                0x00000000080021c0                LTDC_ER_IRQHandler
                0x00000000080021c0                CAN2_SCE_IRQHandler
                0x00000000080021c0                DMA2_Stream2_IRQHandler
                0x00000000080021c0                SPI1_IRQHandler
                0x00000000080021c0                TIM6_DAC_IRQHandler
                0x00000000080021c0                TIM1_BRK_TIM9_IRQHandler
                0x00000000080021c0                DCMI_IRQHandler
                0x00000000080021c0                CAN2_RX0_IRQHandler
                0x00000000080021c0                DMA2_Stream3_IRQHandler
                0x00000000080021c0                USART6_IRQHandler
                0x00000000080021c0                USART3_IRQHandler
                0x00000000080021c0                CAN1_RX1_IRQHandler
                0x00000000080021c0                UART5_IRQHandler
                0x00000000080021c0                DMA2_Stream0_IRQHandler
                0x00000000080021c0                TIM4_IRQHandler
                0x00000000080021c0                I2C1_EV_IRQHandler
                0x00000000080021c0                DMA1_Stream6_IRQHandler
                0x00000000080021c0                DMA1_Stream1_IRQHandler
                0x00000000080021c0                UART4_IRQHandler
                0x00000000080021c0                TIM3_IRQHandler
                0x00000000080021c0                RCC_IRQHandler
                0x00000000080021c0                TIM8_BRK_TIM12_IRQHandler
                0x00000000080021c0                Default_Handler
                0x00000000080021c0                DMA1_Stream7_IRQHandler
                0x00000000080021c0                SPI5_IRQHandler
                0x00000000080021c0                TIM7_IRQHandler
                0x00000000080021c0                CAN2_TX_IRQHandler
                0x00000000080021c0                TIM5_IRQHandler
                0x00000000080021c0                DMA2_Stream7_IRQHandler
                0x00000000080021c0                I2C3_EV_IRQHandler
                0x00000000080021c0                EXTI9_5_IRQHandler
                0x00000000080021c0                RTC_WKUP_IRQHandler
                0x00000000080021c0                LTDC_IRQHandler
                0x00000000080021c0                ETH_WKUP_IRQHandler
                0x00000000080021c0                SPI2_IRQHandler
                0x00000000080021c0                OTG_HS_EP1_IN_IRQHandler
                0x00000000080021c0                DMA1_Stream0_IRQHandler
                0x00000000080021c0                CAN1_TX_IRQHandler
                0x00000000080021c0                EXTI4_IRQHandler
                0x00000000080021c0                ETH_IRQHandler
                0x00000000080021c0                OTG_HS_EP1_OUT_IRQHandler
                0x00000000080021c0                WWDG_IRQHandler
                0x00000000080021c0                SPI6_IRQHandler
                0x00000000080021c0                OTG_FS_WKUP_IRQHandler
                0x00000000080021c0                TIM1_TRG_COM_TIM11_IRQHandler
                0x00000000080021c0                OTG_HS_IRQHandler
                0x00000000080021c0                DMA2D_IRQHandler
                0x00000000080021c0                EXTI1_IRQHandler
                0x00000000080021c0                UART7_IRQHandler
                0x00000000080021c0                USART2_IRQHandler
                0x00000000080021c0                I2C2_ER_IRQHandler
                0x00000000080021c0                DMA2_Stream1_IRQHandler
                0x00000000080021c0                CAN1_SCE_IRQHandler
                0x00000000080021c0                FLASH_IRQHandler
                0x00000000080021c0                USART1_IRQHandler
                0x00000000080021c0                OTG_FS_IRQHandler
                0x00000000080021c0                SPI3_IRQHandler
                0x00000000080021c0                DMA1_Stream4_IRQHandler
                0x00000000080021c0                I2C1_ER_IRQHandler
                0x00000000080021c0                FMC_IRQHandler
                0x00000000080021c0                DMA2_Stream6_IRQHandler
                0x00000000080021c0                SAI1_IRQHandler
                0x00000000080021c0                RTC_Alarm_IRQHandler
 .text.ili9341_Init
                0x00000000080021c2      0x294 ./Drivers/BSP/Components/ili9341/ili9341.o
                0x00000000080021c2                ili9341_Init
 .text.ili9341_ReadID
                0x0000000008002456       0x18 ./Drivers/BSP/Components/ili9341/ili9341.o
                0x0000000008002456                ili9341_ReadID
 .text.ili9341_DisplayOn
                0x000000000800246e        0xe ./Drivers/BSP/Components/ili9341/ili9341.o
                0x000000000800246e                ili9341_DisplayOn
 .text.ili9341_DisplayOff
                0x000000000800247c        0xe ./Drivers/BSP/Components/ili9341/ili9341.o
                0x000000000800247c                ili9341_DisplayOff
 .text.ili9341_WriteReg
                0x000000000800248a       0x1a ./Drivers/BSP/Components/ili9341/ili9341.o
                0x000000000800248a                ili9341_WriteReg
 .text.ili9341_WriteData
                0x00000000080024a4       0x1a ./Drivers/BSP/Components/ili9341/ili9341.o
                0x00000000080024a4                ili9341_WriteData
 .text.ili9341_ReadData
                0x00000000080024be       0x26 ./Drivers/BSP/Components/ili9341/ili9341.o
                0x00000000080024be                ili9341_ReadData
 .text.ili9341_GetLcdPixelWidth
                0x00000000080024e4       0x10 ./Drivers/BSP/Components/ili9341/ili9341.o
                0x00000000080024e4                ili9341_GetLcdPixelWidth
 .text.ili9341_GetLcdPixelHeight
                0x00000000080024f4       0x12 ./Drivers/BSP/Components/ili9341/ili9341.o
                0x00000000080024f4                ili9341_GetLcdPixelHeight
 *fill*         0x0000000008002506        0x2 
 .text.stmpe811_Init
                0x0000000008002508       0x50 ./Drivers/BSP/Components/stmpe811/stmpe811.o
                0x0000000008002508                stmpe811_Init
 .text.stmpe811_Reset
                0x0000000008002558       0x3a ./Drivers/BSP/Components/stmpe811/stmpe811.o
                0x0000000008002558                stmpe811_Reset
 .text.stmpe811_ReadID
                0x0000000008002592       0x3e ./Drivers/BSP/Components/stmpe811/stmpe811.o
                0x0000000008002592                stmpe811_ReadID
 .text.stmpe811_EnableGlobalIT
                0x00000000080025d0       0x3c ./Drivers/BSP/Components/stmpe811/stmpe811.o
                0x00000000080025d0                stmpe811_EnableGlobalIT
 .text.stmpe811_DisableGlobalIT
                0x000000000800260c       0x3c ./Drivers/BSP/Components/stmpe811/stmpe811.o
                0x000000000800260c                stmpe811_DisableGlobalIT
 .text.stmpe811_EnableITSource
                0x0000000008002648       0x42 ./Drivers/BSP/Components/stmpe811/stmpe811.o
                0x0000000008002648                stmpe811_EnableITSource
 .text.stmpe811_DisableITSource
                0x000000000800268a       0x4c ./Drivers/BSP/Components/stmpe811/stmpe811.o
                0x000000000800268a                stmpe811_DisableITSource
 .text.stmpe811_ReadGITStatus
                0x00000000080026d6       0x2e ./Drivers/BSP/Components/stmpe811/stmpe811.o
                0x00000000080026d6                stmpe811_ReadGITStatus
 .text.stmpe811_ClearGlobalIT
                0x0000000008002704       0x26 ./Drivers/BSP/Components/stmpe811/stmpe811.o
                0x0000000008002704                stmpe811_ClearGlobalIT
 .text.stmpe811_IO_EnableAF
                0x000000000800272a       0x48 ./Drivers/BSP/Components/stmpe811/stmpe811.o
                0x000000000800272a                stmpe811_IO_EnableAF
 .text.stmpe811_TS_Start
                0x0000000008002772       0xf0 ./Drivers/BSP/Components/stmpe811/stmpe811.o
                0x0000000008002772                stmpe811_TS_Start
 .text.stmpe811_TS_DetectTouch
                0x0000000008002862       0x70 ./Drivers/BSP/Components/stmpe811/stmpe811.o
                0x0000000008002862                stmpe811_TS_DetectTouch
 .text.stmpe811_TS_GetXY
                0x00000000080028d2       0x72 ./Drivers/BSP/Components/stmpe811/stmpe811.o
                0x00000000080028d2                stmpe811_TS_GetXY
 .text.stmpe811_TS_EnableIT
                0x0000000008002944       0x28 ./Drivers/BSP/Components/stmpe811/stmpe811.o
                0x0000000008002944                stmpe811_TS_EnableIT
 .text.stmpe811_TS_DisableIT
                0x000000000800296c       0x24 ./Drivers/BSP/Components/stmpe811/stmpe811.o
                0x000000000800296c                stmpe811_TS_DisableIT
 .text.stmpe811_TS_ITStatus
                0x0000000008002990       0x1e ./Drivers/BSP/Components/stmpe811/stmpe811.o
                0x0000000008002990                stmpe811_TS_ITStatus
 .text.stmpe811_TS_ClearIT
                0x00000000080029ae       0x1c ./Drivers/BSP/Components/stmpe811/stmpe811.o
                0x00000000080029ae                stmpe811_TS_ClearIT
 *fill*         0x00000000080029ca        0x2 
 .text.stmpe811_GetInstance
                0x00000000080029cc       0x44 ./Drivers/BSP/Components/stmpe811/stmpe811.o
 .text.BSP_LED_Init
                0x0000000008002a10       0xa8 ./Drivers/BSP/STM32F429I-Discovery/stm32f429i_discovery.o
                0x0000000008002a10                BSP_LED_Init
 .text.BSP_LED_On
                0x0000000008002ab8       0x34 ./Drivers/BSP/STM32F429I-Discovery/stm32f429i_discovery.o
                0x0000000008002ab8                BSP_LED_On
 .text.BSP_LED_Off
                0x0000000008002aec       0x34 ./Drivers/BSP/STM32F429I-Discovery/stm32f429i_discovery.o
                0x0000000008002aec                BSP_LED_Off
 .text.BSP_LED_Toggle
                0x0000000008002b20       0x34 ./Drivers/BSP/STM32F429I-Discovery/stm32f429i_discovery.o
                0x0000000008002b20                BSP_LED_Toggle
 .text.I2Cx_MspInit
                0x0000000008002b54       0xec ./Drivers/BSP/STM32F429I-Discovery/stm32f429i_discovery.o
 .text.I2Cx_Init
                0x0000000008002c40       0x64 ./Drivers/BSP/STM32F429I-Discovery/stm32f429i_discovery.o
 .text.I2Cx_ITConfig
                0x0000000008002ca4       0x64 ./Drivers/BSP/STM32F429I-Discovery/stm32f429i_discovery.o
 .text.I2Cx_WriteData
                0x0000000008002d08       0x54 ./Drivers/BSP/STM32F429I-Discovery/stm32f429i_discovery.o
 .text.I2Cx_ReadData
                0x0000000008002d5c       0x58 ./Drivers/BSP/STM32F429I-Discovery/stm32f429i_discovery.o
 .text.I2Cx_ReadBuffer
                0x0000000008002db4       0x5c ./Drivers/BSP/STM32F429I-Discovery/stm32f429i_discovery.o
 .text.I2Cx_Error
                0x0000000008002e10       0x18 ./Drivers/BSP/STM32F429I-Discovery/stm32f429i_discovery.o
 .text.SPIx_Init
                0x0000000008002e28       0x74 ./Drivers/BSP/STM32F429I-Discovery/stm32f429i_discovery.o
 .text.SPIx_Read
                0x0000000008002e9c       0x40 ./Drivers/BSP/STM32F429I-Discovery/stm32f429i_discovery.o
 .text.SPIx_Write
                0x0000000008002edc       0x3c ./Drivers/BSP/STM32F429I-Discovery/stm32f429i_discovery.o
 .text.SPIx_Error
                0x0000000008002f18       0x18 ./Drivers/BSP/STM32F429I-Discovery/stm32f429i_discovery.o
 .text.SPIx_MspInit
                0x0000000008002f30       0x74 ./Drivers/BSP/STM32F429I-Discovery/stm32f429i_discovery.o
 .text.LCD_IO_Init
                0x0000000008002fa4       0xf0 ./Drivers/BSP/STM32F429I-Discovery/stm32f429i_discovery.o
                0x0000000008002fa4                LCD_IO_Init
 .text.LCD_IO_WriteData
                0x0000000008003094       0x44 ./Drivers/BSP/STM32F429I-Discovery/stm32f429i_discovery.o
                0x0000000008003094                LCD_IO_WriteData
 .text.LCD_IO_WriteReg
                0x00000000080030d8       0x44 ./Drivers/BSP/STM32F429I-Discovery/stm32f429i_discovery.o
                0x00000000080030d8                LCD_IO_WriteReg
 .text.LCD_IO_ReadData
                0x000000000800311c       0x64 ./Drivers/BSP/STM32F429I-Discovery/stm32f429i_discovery.o
                0x000000000800311c                LCD_IO_ReadData
 .text.LCD_Delay
                0x0000000008003180       0x16 ./Drivers/BSP/STM32F429I-Discovery/stm32f429i_discovery.o
                0x0000000008003180                LCD_Delay
 .text.IOE_Init
                0x0000000008003196        0xc ./Drivers/BSP/STM32F429I-Discovery/stm32f429i_discovery.o
                0x0000000008003196                IOE_Init
 .text.IOE_ITConfig
                0x00000000080031a2        0xc ./Drivers/BSP/STM32F429I-Discovery/stm32f429i_discovery.o
                0x00000000080031a2                IOE_ITConfig
 .text.IOE_Write
                0x00000000080031ae       0x26 ./Drivers/BSP/STM32F429I-Discovery/stm32f429i_discovery.o
                0x00000000080031ae                IOE_Write
 .text.IOE_Read
                0x00000000080031d4       0x26 ./Drivers/BSP/STM32F429I-Discovery/stm32f429i_discovery.o
                0x00000000080031d4                IOE_Read
 .text.IOE_ReadMultiple
                0x00000000080031fa       0x2e ./Drivers/BSP/STM32F429I-Discovery/stm32f429i_discovery.o
                0x00000000080031fa                IOE_ReadMultiple
 .text.IOE_Delay
                0x0000000008003228       0x16 ./Drivers/BSP/STM32F429I-Discovery/stm32f429i_discovery.o
                0x0000000008003228                IOE_Delay
 *fill*         0x000000000800323e        0x2 
 .text.BSP_LCD_Init_Flipped
                0x0000000008003240       0x18 ./Drivers/BSP/STM32F429I-Discovery/stm32f429i_discovery_lcd.o
                0x0000000008003240                BSP_LCD_Init_Flipped
 .text.BSP_LCD_Init
                0x0000000008003258       0xd4 ./Drivers/BSP/STM32F429I-Discovery/stm32f429i_discovery_lcd.o
                0x0000000008003258                BSP_LCD_Init
 .text.BSP_LCD_GetXSize
                0x000000000800332c       0x18 ./Drivers/BSP/STM32F429I-Discovery/stm32f429i_discovery_lcd.o
                0x000000000800332c                BSP_LCD_GetXSize
 .text.BSP_LCD_GetYSize
                0x0000000008003344       0x18 ./Drivers/BSP/STM32F429I-Discovery/stm32f429i_discovery_lcd.o
                0x0000000008003344                BSP_LCD_GetYSize
 .text.BSP_LCD_LayerDefaultInit
                0x000000000800335c       0xc8 ./Drivers/BSP/STM32F429I-Discovery/stm32f429i_discovery_lcd.o
                0x000000000800335c                BSP_LCD_LayerDefaultInit
 .text.BSP_LCD_SelectLayer
                0x0000000008003424       0x20 ./Drivers/BSP/STM32F429I-Discovery/stm32f429i_discovery_lcd.o
                0x0000000008003424                BSP_LCD_SelectLayer
 .text.BSP_LCD_SetTextColor
                0x0000000008003444       0x30 ./Drivers/BSP/STM32F429I-Discovery/stm32f429i_discovery_lcd.o
                0x0000000008003444                BSP_LCD_SetTextColor
 .text.BSP_LCD_SetBackColor
                0x0000000008003474       0x34 ./Drivers/BSP/STM32F429I-Discovery/stm32f429i_discovery_lcd.o
                0x0000000008003474                BSP_LCD_SetBackColor
 .text.BSP_LCD_SetFont
                0x00000000080034a8       0x34 ./Drivers/BSP/STM32F429I-Discovery/stm32f429i_discovery_lcd.o
                0x00000000080034a8                BSP_LCD_SetFont
 .text.BSP_LCD_Clear
                0x00000000080034dc       0x50 ./Drivers/BSP/STM32F429I-Discovery/stm32f429i_discovery_lcd.o
                0x00000000080034dc                BSP_LCD_Clear
 .text.BSP_LCD_DisplayChar
                0x000000000800352c       0x88 ./Drivers/BSP/STM32F429I-Discovery/stm32f429i_discovery_lcd.o
                0x000000000800352c                BSP_LCD_DisplayChar
 .text.BSP_LCD_DisplayStringAt
                0x00000000080035b4      0x17c ./Drivers/BSP/STM32F429I-Discovery/stm32f429i_discovery_lcd.o
                0x00000000080035b4                BSP_LCD_DisplayStringAt
 .text.BSP_LCD_FillRect
                0x0000000008003730       0xf8 ./Drivers/BSP/STM32F429I-Discovery/stm32f429i_discovery_lcd.o
                0x0000000008003730                BSP_LCD_FillRect
 .text.BSP_LCD_DisplayOn
                0x0000000008003828       0x20 ./Drivers/BSP/STM32F429I-Discovery/stm32f429i_discovery_lcd.o
                0x0000000008003828                BSP_LCD_DisplayOn
 .text.BSP_LCD_MspInit
                0x0000000008003848      0x1ac ./Drivers/BSP/STM32F429I-Discovery/stm32f429i_discovery_lcd.o
                0x0000000008003848                BSP_LCD_MspInit
 .text.BSP_LCD_DrawPixel
                0x00000000080039f4       0x8c ./Drivers/BSP/STM32F429I-Discovery/stm32f429i_discovery_lcd.o
                0x00000000080039f4                BSP_LCD_DrawPixel
 .text.DrawChar
                0x0000000008003a80      0x174 ./Drivers/BSP/STM32F429I-Discovery/stm32f429i_discovery_lcd.o
 .text.FillBuffer
                0x0000000008003bf4       0x70 ./Drivers/BSP/STM32F429I-Discovery/stm32f429i_discovery_lcd.o
 .text.BSP_SDRAM_Init
                0x0000000008003c64       0xbc ./Drivers/BSP/STM32F429I-Discovery/stm32f429i_discovery_sdram.o
                0x0000000008003c64                BSP_SDRAM_Init
 .text.BSP_SDRAM_Initialization_sequence
                0x0000000008003d20       0xc0 ./Drivers/BSP/STM32F429I-Discovery/stm32f429i_discovery_sdram.o
                0x0000000008003d20                BSP_SDRAM_Initialization_sequence
 .text.BSP_SDRAM_MspInit
                0x0000000008003de0      0x218 ./Drivers/BSP/STM32F429I-Discovery/stm32f429i_discovery_sdram.o
                0x0000000008003de0                BSP_SDRAM_MspInit
 .text.BSP_TS_Init
                0x0000000008003ff8       0x74 ./Drivers/BSP/STM32F429I-Discovery/stm32f429i_discovery_ts.o
                0x0000000008003ff8                BSP_TS_Init
 .text.BSP_TS_ITGetStatus
                0x000000000800406c       0x18 ./Drivers/BSP/STM32F429I-Discovery/stm32f429i_discovery_ts.o
                0x000000000800406c                BSP_TS_ITGetStatus
 .text.BSP_TS_GetState
                0x0000000008004084      0x164 ./Drivers/BSP/STM32F429I-Discovery/stm32f429i_discovery_ts.o
                0x0000000008004084                BSP_TS_GetState
 .text.BSP_TS_ITClear
                0x00000000080041e8       0x18 ./Drivers/BSP/STM32F429I-Discovery/stm32f429i_discovery_ts.o
                0x00000000080041e8                BSP_TS_ITClear
 .text.HAL_Init
                0x0000000008004200       0x44 ./Drivers/STM32F4xx_HAL_Driver/Src/stm32f4xx_hal.o
                0x0000000008004200                HAL_Init
 .text.HAL_MspInit
                0x0000000008004244        0xe ./Drivers/STM32F4xx_HAL_Driver/Src/stm32f4xx_hal.o
                0x0000000008004244                HAL_MspInit
 *fill*         0x0000000008004252        0x2 
 .text.HAL_InitTick
                0x0000000008004254       0x60 ./Drivers/STM32F4xx_HAL_Driver/Src/stm32f4xx_hal.o
                0x0000000008004254                HAL_InitTick
 .text.HAL_IncTick
                0x00000000080042b4       0x28 ./Drivers/STM32F4xx_HAL_Driver/Src/stm32f4xx_hal.o
                0x00000000080042b4                HAL_IncTick
 .text.HAL_GetTick
                0x00000000080042dc       0x18 ./Drivers/STM32F4xx_HAL_Driver/Src/stm32f4xx_hal.o
                0x00000000080042dc                HAL_GetTick
 .text.HAL_Delay
                0x00000000080042f4       0x48 ./Drivers/STM32F4xx_HAL_Driver/Src/stm32f4xx_hal.o
                0x00000000080042f4                HAL_Delay
 .text.__NVIC_SetPriorityGrouping
                0x000000000800433c       0x48 ./Drivers/STM32F4xx_HAL_Driver/Src/stm32f4xx_hal_cortex.o
 .text.__NVIC_GetPriorityGrouping
                0x0000000008004384       0x1c ./Drivers/STM32F4xx_HAL_Driver/Src/stm32f4xx_hal_cortex.o
 .text.__NVIC_EnableIRQ
                0x00000000080043a0       0x3c ./Drivers/STM32F4xx_HAL_Driver/Src/stm32f4xx_hal_cortex.o
 .text.__NVIC_SetPriority
                0x00000000080043dc       0x54 ./Drivers/STM32F4xx_HAL_Driver/Src/stm32f4xx_hal_cortex.o
 .text.NVIC_EncodePriority
                0x0000000008004430       0x66 ./Drivers/STM32F4xx_HAL_Driver/Src/stm32f4xx_hal_cortex.o
 *fill*         0x0000000008004496        0x2 
 .text.SysTick_Config
                0x0000000008004498       0x44 ./Drivers/STM32F4xx_HAL_Driver/Src/stm32f4xx_hal_cortex.o
 .text.HAL_NVIC_SetPriorityGrouping
                0x00000000080044dc       0x16 ./Drivers/STM32F4xx_HAL_Driver/Src/stm32f4xx_hal_cortex.o
                0x00000000080044dc                HAL_NVIC_SetPriorityGrouping
 .text.HAL_NVIC_SetPriority
                0x00000000080044f2       0x38 ./Drivers/STM32F4xx_HAL_Driver/Src/stm32f4xx_hal_cortex.o
                0x00000000080044f2                HAL_NVIC_SetPriority
 .text.HAL_NVIC_EnableIRQ
                0x000000000800452a       0x1c ./Drivers/STM32F4xx_HAL_Driver/Src/stm32f4xx_hal_cortex.o
                0x000000000800452a                HAL_NVIC_EnableIRQ
 .text.HAL_SYSTICK_Config
                0x0000000008004546       0x18 ./Drivers/STM32F4xx_HAL_Driver/Src/stm32f4xx_hal_cortex.o
                0x0000000008004546                HAL_SYSTICK_Config
 *fill*         0x000000000800455e        0x2 
 .text.HAL_DMA_Init
                0x0000000008004560      0x15c ./Drivers/STM32F4xx_HAL_Driver/Src/stm32f4xx_hal_dma.o
                0x0000000008004560                HAL_DMA_Init
 .text.HAL_DMA_DeInit
                0x00000000080046bc       0xbc ./Drivers/STM32F4xx_HAL_Driver/Src/stm32f4xx_hal_dma.o
                0x00000000080046bc                HAL_DMA_DeInit
 .text.DMA_CalcBaseAndBitshift
                0x0000000008004778       0x6c ./Drivers/STM32F4xx_HAL_Driver/Src/stm32f4xx_hal_dma.o
 .text.DMA_CheckFifoParam
                0x00000000080047e4       0xf8 ./Drivers/STM32F4xx_HAL_Driver/Src/stm32f4xx_hal_dma.o
 .text.HAL_DMA2D_Init
                0x00000000080048dc       0x92 ./Drivers/STM32F4xx_HAL_Driver/Src/stm32f4xx_hal_dma2d.o
                0x00000000080048dc                HAL_DMA2D_Init
 .text.HAL_DMA2D_MspInit
                0x000000000800496e       0x14 ./Drivers/STM32F4xx_HAL_Driver/Src/stm32f4xx_hal_dma2d.o
                0x000000000800496e                HAL_DMA2D_MspInit
 .text.HAL_DMA2D_Start
                0x0000000008004982       0x56 ./Drivers/STM32F4xx_HAL_Driver/Src/stm32f4xx_hal_dma2d.o
                0x0000000008004982                HAL_DMA2D_Start
 .text.HAL_DMA2D_PollForTransfer
                0x00000000080049d8      0x1d2 ./Drivers/STM32F4xx_HAL_Driver/Src/stm32f4xx_hal_dma2d.o
                0x00000000080049d8                HAL_DMA2D_PollForTransfer
 *fill*         0x0000000008004baa        0x2 
 .text.HAL_DMA2D_ConfigLayer
                0x0000000008004bac      0x124 ./Drivers/STM32F4xx_HAL_Driver/Src/stm32f4xx_hal_dma2d.o
                0x0000000008004bac                HAL_DMA2D_ConfigLayer
 .text.DMA2D_SetConfig
                0x0000000008004cd0      0x138 ./Drivers/STM32F4xx_HAL_Driver/Src/stm32f4xx_hal_dma2d.o
 .text.HAL_GPIO_Init
                0x0000000008004e08      0x358 ./Drivers/STM32F4xx_HAL_Driver/Src/stm32f4xx_hal_gpio.o
                0x0000000008004e08                HAL_GPIO_Init
 .text.HAL_GPIO_WritePin
                0x0000000008005160       0x32 ./Drivers/STM32F4xx_HAL_Driver/Src/stm32f4xx_hal_gpio.o
                0x0000000008005160                HAL_GPIO_WritePin
 .text.HAL_GPIO_TogglePin
                0x0000000008005192       0x36 ./Drivers/STM32F4xx_HAL_Driver/Src/stm32f4xx_hal_gpio.o
                0x0000000008005192                HAL_GPIO_TogglePin
 .text.HAL_I2C_Init
                0x00000000080051c8      0x288 ./Drivers/STM32F4xx_HAL_Driver/Src/stm32f4xx_hal_i2c.o
                0x00000000080051c8                HAL_I2C_Init
 .text.HAL_I2C_DeInit
                0x0000000008005450       0x5e ./Drivers/STM32F4xx_HAL_Driver/Src/stm32f4xx_hal_i2c.o
                0x0000000008005450                HAL_I2C_DeInit
 .text.HAL_I2C_MspInit
                0x00000000080054ae       0x14 ./Drivers/STM32F4xx_HAL_Driver/Src/stm32f4xx_hal_i2c.o
                0x00000000080054ae                HAL_I2C_MspInit
 .text.HAL_I2C_MspDeInit
                0x00000000080054c2       0x14 ./Drivers/STM32F4xx_HAL_Driver/Src/stm32f4xx_hal_i2c.o
                0x00000000080054c2                HAL_I2C_MspDeInit
 *fill*         0x00000000080054d6        0x2 
 .text.HAL_I2C_Mem_Write
                0x00000000080054d8      0x1f4 ./Drivers/STM32F4xx_HAL_Driver/Src/stm32f4xx_hal_i2c.o
                0x00000000080054d8                HAL_I2C_Mem_Write
 .text.HAL_I2C_Mem_Read
                0x00000000080056cc      0x44c ./Drivers/STM32F4xx_HAL_Driver/Src/stm32f4xx_hal_i2c.o
                0x00000000080056cc                HAL_I2C_Mem_Read
 .text.HAL_I2C_GetState
                0x0000000008005b18       0x1c ./Drivers/STM32F4xx_HAL_Driver/Src/stm32f4xx_hal_i2c.o
                0x0000000008005b18                HAL_I2C_GetState
 .text.I2C_RequestMemoryWrite
                0x0000000008005b34      0x128 ./Drivers/STM32F4xx_HAL_Driver/Src/stm32f4xx_hal_i2c.o
 .text.I2C_RequestMemoryRead
                0x0000000008005c5c      0x1cc ./Drivers/STM32F4xx_HAL_Driver/Src/stm32f4xx_hal_i2c.o
 .text.I2C_WaitOnFlagUntilTimeout
                0x0000000008005e28       0xae ./Drivers/STM32F4xx_HAL_Driver/Src/stm32f4xx_hal_i2c.o
 .text.I2C_WaitOnMasterAddressFlagUntilTimeout
                0x0000000008005ed6       0xfe ./Drivers/STM32F4xx_HAL_Driver/Src/stm32f4xx_hal_i2c.o
 .text.I2C_WaitOnTXEFlagUntilTimeout
                0x0000000008005fd4       0x82 ./Drivers/STM32F4xx_HAL_Driver/Src/stm32f4xx_hal_i2c.o
 .text.I2C_WaitOnBTFFlagUntilTimeout
                0x0000000008006056       0x82 ./Drivers/STM32F4xx_HAL_Driver/Src/stm32f4xx_hal_i2c.o
 .text.I2C_WaitOnRXNEFlagUntilTimeout
                0x00000000080060d8       0xac ./Drivers/STM32F4xx_HAL_Driver/Src/stm32f4xx_hal_i2c.o
 .text.I2C_IsAcknowledgeFailed
                0x0000000008006184       0x5e ./Drivers/STM32F4xx_HAL_Driver/Src/stm32f4xx_hal_i2c.o
 *fill*         0x00000000080061e2        0x2 
 .text.HAL_LTDC_Init
                0x00000000080061e4      0x1a0 ./Drivers/STM32F4xx_HAL_Driver/Src/stm32f4xx_hal_ltdc.o
                0x00000000080061e4                HAL_LTDC_Init
 .text.HAL_LTDC_MspInit
                0x0000000008006384       0x14 ./Drivers/STM32F4xx_HAL_Driver/Src/stm32f4xx_hal_ltdc.o
                0x0000000008006384                HAL_LTDC_MspInit
 .text.HAL_LTDC_ConfigLayer
                0x0000000008006398       0x7c ./Drivers/STM32F4xx_HAL_Driver/Src/stm32f4xx_hal_ltdc.o
                0x0000000008006398                HAL_LTDC_ConfigLayer
 .text.HAL_LTDC_EnableDither
                0x0000000008006414       0x54 ./Drivers/STM32F4xx_HAL_Driver/Src/stm32f4xx_hal_ltdc.o
                0x0000000008006414                HAL_LTDC_EnableDither
 .text.LTDC_SetConfig
                0x0000000008006468      0x32e ./Drivers/STM32F4xx_HAL_Driver/Src/stm32f4xx_hal_ltdc.o
 *fill*         0x0000000008006796        0x2 
 .text.HAL_RCC_OscConfig
                0x0000000008006798      0x4dc ./Drivers/STM32F4xx_HAL_Driver/Src/stm32f4xx_hal_rcc.o
                0x0000000008006798                HAL_RCC_OscConfig
 .text.HAL_RCC_ClockConfig
                0x0000000008006c74      0x1cc ./Drivers/STM32F4xx_HAL_Driver/Src/stm32f4xx_hal_rcc.o
                0x0000000008006c74                HAL_RCC_ClockConfig
 .text.HAL_RCC_GetSysClockFreq
                0x0000000008006e40      0x20c ./Drivers/STM32F4xx_HAL_Driver/Src/stm32f4xx_hal_rcc.o
                0x0000000008006e40                HAL_RCC_GetSysClockFreq
 .text.HAL_RCC_GetHCLKFreq
                0x000000000800704c       0x18 ./Drivers/STM32F4xx_HAL_Driver/Src/stm32f4xx_hal_rcc.o
                0x000000000800704c                HAL_RCC_GetHCLKFreq
 .text.HAL_RCC_GetPCLK1Freq
                0x0000000008007064       0x28 ./Drivers/STM32F4xx_HAL_Driver/Src/stm32f4xx_hal_rcc.o
                0x0000000008007064                HAL_RCC_GetPCLK1Freq
 .text.HAL_RCCEx_PeriphCLKConfig
                0x000000000800708c      0x380 ./Drivers/STM32F4xx_HAL_Driver/Src/stm32f4xx_hal_rcc_ex.o
                0x000000000800708c                HAL_RCCEx_PeriphCLKConfig
 .text.HAL_SDRAM_Init
                0x000000000800740c       0x68 ./Drivers/STM32F4xx_HAL_Driver/Src/stm32f4xx_hal_sdram.o
                0x000000000800740c                HAL_SDRAM_Init
 .text.HAL_SDRAM_MspInit
                0x0000000008007474       0x14 ./Drivers/STM32F4xx_HAL_Driver/Src/stm32f4xx_hal_sdram.o
                0x0000000008007474                HAL_SDRAM_MspInit
 .text.HAL_SDRAM_SendCommand
                0x0000000008007488       0x56 ./Drivers/STM32F4xx_HAL_Driver/Src/stm32f4xx_hal_sdram.o
                0x0000000008007488                HAL_SDRAM_SendCommand
 .text.HAL_SDRAM_ProgramRefreshRate
                0x00000000080074de       0x40 ./Drivers/STM32F4xx_HAL_Driver/Src/stm32f4xx_hal_sdram.o
                0x00000000080074de                HAL_SDRAM_ProgramRefreshRate
 .text.HAL_SPI_Init
                0x000000000800751e       0xd6 ./Drivers/STM32F4xx_HAL_Driver/Src/stm32f4xx_hal_spi.o
                0x000000000800751e                HAL_SPI_Init
 .text.HAL_SPI_DeInit
                0x00000000080075f4       0x50 ./Drivers/STM32F4xx_HAL_Driver/Src/stm32f4xx_hal_spi.o
                0x00000000080075f4                HAL_SPI_DeInit
 .text.HAL_SPI_MspInit
                0x0000000008007644       0x14 ./Drivers/STM32F4xx_HAL_Driver/Src/stm32f4xx_hal_spi.o
                0x0000000008007644                HAL_SPI_MspInit
 .text.HAL_SPI_MspDeInit
                0x0000000008007658       0x14 ./Drivers/STM32F4xx_HAL_Driver/Src/stm32f4xx_hal_spi.o
                0x0000000008007658                HAL_SPI_MspDeInit
 .text.HAL_SPI_Transmit
                0x000000000800766c      0x2ac ./Drivers/STM32F4xx_HAL_Driver/Src/stm32f4xx_hal_spi.o
                0x000000000800766c                HAL_SPI_Transmit
 .text.HAL_SPI_Receive
                0x0000000008007918      0x2fe ./Drivers/STM32F4xx_HAL_Driver/Src/stm32f4xx_hal_spi.o
                0x0000000008007918                HAL_SPI_Receive
 .text.HAL_SPI_TransmitReceive
                0x0000000008007c16      0x41c ./Drivers/STM32F4xx_HAL_Driver/Src/stm32f4xx_hal_spi.o
                0x0000000008007c16                HAL_SPI_TransmitReceive
 .text.HAL_SPI_GetState
                0x0000000008008032       0x1c ./Drivers/STM32F4xx_HAL_Driver/Src/stm32f4xx_hal_spi.o
                0x0000000008008032                HAL_SPI_GetState
 .text.SPI_WaitFlagStateUntilTimeout
                0x000000000800804e       0xd4 ./Drivers/STM32F4xx_HAL_Driver/Src/stm32f4xx_hal_spi.o
 .text.SPI_EndRxTransaction
                0x0000000008008122       0xca ./Drivers/STM32F4xx_HAL_Driver/Src/stm32f4xx_hal_spi.o
 .text.SPI_EndRxTxTransaction
                0x00000000080081ec       0x84 ./Drivers/STM32F4xx_HAL_Driver/Src/stm32f4xx_hal_spi.o
 .text.FMC_SDRAM_Init
                0x0000000008008270       0xe6 ./Drivers/STM32F4xx_HAL_Driver/Src/stm32f4xx_ll_fmc.o
                0x0000000008008270                FMC_SDRAM_Init
 .text.FMC_SDRAM_Timing_Init
                0x0000000008008356       0xfe ./Drivers/STM32F4xx_HAL_Driver/Src/stm32f4xx_ll_fmc.o
                0x0000000008008356                FMC_SDRAM_Timing_Init
 .text.FMC_SDRAM_SendCommand
                0x0000000008008454       0x78 ./Drivers/STM32F4xx_HAL_Driver/Src/stm32f4xx_ll_fmc.o
                0x0000000008008454                FMC_SDRAM_SendCommand
 .text.FMC_SDRAM_ProgramRefreshRate
                0x00000000080084cc       0x26 ./Drivers/STM32F4xx_HAL_Driver/Src/stm32f4xx_ll_fmc.o
                0x00000000080084cc                FMC_SDRAM_ProgramRefreshRate
 *fill*         0x00000000080084f2        0x2 
 .text.arm_max_f32
                0x00000000080084f4       0xd0 ../Drivers/CMSIS/Lib/GCC/libarm_cortexM4lf_math.a(arm_max_f32.o)
                0x00000000080084f4                arm_max_f32
 .text.arm_cfft_radix8by2_f32
                0x00000000080085c4      0x1a0 ../Drivers/CMSIS/Lib/GCC/libarm_cortexM4lf_math.a(arm_cfft_f32.o)
                0x00000000080085c4                arm_cfft_radix8by2_f32
 .text.arm_cfft_radix8by4_f32
                0x0000000008008764      0x4bc ../Drivers/CMSIS/Lib/GCC/libarm_cortexM4lf_math.a(arm_cfft_f32.o)
                0x0000000008008764                arm_cfft_radix8by4_f32
 .text.arm_cfft_f32
                0x0000000008008c20       0xf4 ../Drivers/CMSIS/Lib/GCC/libarm_cortexM4lf_math.a(arm_cfft_f32.o)
                0x0000000008008c20                arm_cfft_f32
 .text.arm_cmplx_mag_f32
                0x0000000008008d14      0x1d0 ../Drivers/CMSIS/Lib/GCC/libarm_cortexM4lf_math.a(arm_cmplx_mag_f32.o)
                0x0000000008008d14                arm_cmplx_mag_f32
 .text.arm_radix8_butterfly_f32
                0x0000000008008ee4      0x5e4 ../Drivers/CMSIS/Lib/GCC/libarm_cortexM4lf_math.a(arm_cfft_radix8_f32.o)
                0x0000000008008ee4                arm_radix8_butterfly_f32
 .text.__libc_init_array
                0x00000000080094c8       0x48 /Applications/STM32CubeIDE.app/Contents/Eclipse/plugins/com.st.stm32cube.ide.mcu.externaltools.gnu-tools-for-stm32.10.3-2021.10.macos64_1.0.200.202301161003/tools/bin/../lib/gcc/arm-none-eabi/10.3.1/../../../../arm-none-eabi/lib/thumb/v7e-m+fp/hard/libc_nano.a(lib_a-init.o)
                0x00000000080094c8                __libc_init_array
 .text.memset   0x0000000008009510       0x10 /Applications/STM32CubeIDE.app/Contents/Eclipse/plugins/com.st.stm32cube.ide.mcu.externaltools.gnu-tools-for-stm32.10.3-2021.10.macos64_1.0.200.202301161003/tools/bin/../lib/gcc/arm-none-eabi/10.3.1/../../../../arm-none-eabi/lib/thumb/v7e-m+fp/hard/libc_nano.a(lib_a-memset.o)
                0x0000000008009510                memset
 .text.__cvt    0x0000000008009520       0xc4 /Applications/STM32CubeIDE.app/Contents/Eclipse/plugins/com.st.stm32cube.ide.mcu.externaltools.gnu-tools-for-stm32.10.3-2021.10.macos64_1.0.200.202301161003/tools/bin/../lib/gcc/arm-none-eabi/10.3.1/../../../../arm-none-eabi/lib/thumb/v7e-m+fp/hard/libc_nano.a(lib_a-nano-vfprintf_float.o)
                0x0000000008009520                __cvt
 .text.__exponent
                0x00000000080095e4       0x7c /Applications/STM32CubeIDE.app/Contents/Eclipse/plugins/com.st.stm32cube.ide.mcu.externaltools.gnu-tools-for-stm32.10.3-2021.10.macos64_1.0.200.202301161003/tools/bin/../lib/gcc/arm-none-eabi/10.3.1/../../../../arm-none-eabi/lib/thumb/v7e-m+fp/hard/libc_nano.a(lib_a-nano-vfprintf_float.o)
                0x00000000080095e4                __exponent
 .text._printf_float
                0x0000000008009660      0x46c /Applications/STM32CubeIDE.app/Contents/Eclipse/plugins/com.st.stm32cube.ide.mcu.externaltools.gnu-tools-for-stm32.10.3-2021.10.macos64_1.0.200.202301161003/tools/bin/../lib/gcc/arm-none-eabi/10.3.1/../../../../arm-none-eabi/lib/thumb/v7e-m+fp/hard/libc_nano.a(lib_a-nano-vfprintf_float.o)
                0x0000000008009660                _printf_float
 .text._printf_common
                0x0000000008009acc       0xda /Applications/STM32CubeIDE.app/Contents/Eclipse/plugins/com.st.stm32cube.ide.mcu.externaltools.gnu-tools-for-stm32.10.3-2021.10.macos64_1.0.200.202301161003/tools/bin/../lib/gcc/arm-none-eabi/10.3.1/../../../../arm-none-eabi/lib/thumb/v7e-m+fp/hard/libc_nano.a(lib_a-nano-vfprintf_i.o)
                0x0000000008009acc                _printf_common
 *fill*         0x0000000008009ba6        0x2 
 .text._printf_i
                0x0000000008009ba8      0x24c /Applications/STM32CubeIDE.app/Contents/Eclipse/plugins/com.st.stm32cube.ide.mcu.externaltools.gnu-tools-for-stm32.10.3-2021.10.macos64_1.0.200.202301161003/tools/bin/../lib/gcc/arm-none-eabi/10.3.1/../../../../arm-none-eabi/lib/thumb/v7e-m+fp/hard/libc_nano.a(lib_a-nano-vfprintf_i.o)
                0x0000000008009ba8                _printf_i
 .text.snprintf
                0x0000000008009df4       0x68 /Applications/STM32CubeIDE.app/Contents/Eclipse/plugins/com.st.stm32cube.ide.mcu.externaltools.gnu-tools-for-stm32.10.3-2021.10.macos64_1.0.200.202301161003/tools/bin/../lib/gcc/arm-none-eabi/10.3.1/../../../../arm-none-eabi/lib/thumb/v7e-m+fp/hard/libc_nano.a(lib_a-snprintf.o)
                0x0000000008009df4                snprintf
                0x0000000008009df4                sniprintf
 .text.quorem   0x0000000008009e5c      0x116 /Applications/STM32CubeIDE.app/Contents/Eclipse/plugins/com.st.stm32cube.ide.mcu.externaltools.gnu-tools-for-stm32.10.3-2021.10.macos64_1.0.200.202301161003/tools/bin/../lib/gcc/arm-none-eabi/10.3.1/../../../../arm-none-eabi/lib/thumb/v7e-m+fp/hard/libc_nano.a(lib_a-dtoa.o)
 *fill*         0x0000000008009f72        0x6 
 .text._dtoa_r  0x0000000008009f78      0xbdc /Applications/STM32CubeIDE.app/Contents/Eclipse/plugins/com.st.stm32cube.ide.mcu.externaltools.gnu-tools-for-stm32.10.3-2021.10.macos64_1.0.200.202301161003/tools/bin/../lib/gcc/arm-none-eabi/10.3.1/../../../../arm-none-eabi/lib/thumb/v7e-m+fp/hard/libc_nano.a(lib_a-dtoa.o)
                0x0000000008009f78                _dtoa_r
 .text._localeconv_r
                0x000000000800ab54        0x8 /Applications/STM32CubeIDE.app/Contents/Eclipse/plugins/com.st.stm32cube.ide.mcu.externaltools.gnu-tools-for-stm32.10.3-2021.10.macos64_1.0.200.202301161003/tools/bin/../lib/gcc/arm-none-eabi/10.3.1/../../../../arm-none-eabi/lib/thumb/v7e-m+fp/hard/libc_nano.a(lib_a-localeconv.o)
                0x000000000800ab54                _localeconv_r
 .text.malloc   0x000000000800ab5c       0x10 /Applications/STM32CubeIDE.app/Contents/Eclipse/plugins/com.st.stm32cube.ide.mcu.externaltools.gnu-tools-for-stm32.10.3-2021.10.macos64_1.0.200.202301161003/tools/bin/../lib/gcc/arm-none-eabi/10.3.1/../../../../arm-none-eabi/lib/thumb/v7e-m+fp/hard/libc_nano.a(lib_a-malloc.o)
                0x000000000800ab5c                malloc
 .text.memcpy   0x000000000800ab6c       0x1c /Applications/STM32CubeIDE.app/Contents/Eclipse/plugins/com.st.stm32cube.ide.mcu.externaltools.gnu-tools-for-stm32.10.3-2021.10.macos64_1.0.200.202301161003/tools/bin/../lib/gcc/arm-none-eabi/10.3.1/../../../../arm-none-eabi/lib/thumb/v7e-m+fp/hard/libc_nano.a(lib_a-memcpy-stub.o)
                0x000000000800ab6c                memcpy
 .text._Balloc  0x000000000800ab88       0x80 /Applications/STM32CubeIDE.app/Contents/Eclipse/plugins/com.st.stm32cube.ide.mcu.externaltools.gnu-tools-for-stm32.10.3-2021.10.macos64_1.0.200.202301161003/tools/bin/../lib/gcc/arm-none-eabi/10.3.1/../../../../arm-none-eabi/lib/thumb/v7e-m+fp/hard/libc_nano.a(lib_a-mprec.o)
                0x000000000800ab88                _Balloc
 .text._Bfree   0x000000000800ac08       0x44 /Applications/STM32CubeIDE.app/Contents/Eclipse/plugins/com.st.stm32cube.ide.mcu.externaltools.gnu-tools-for-stm32.10.3-2021.10.macos64_1.0.200.202301161003/tools/bin/../lib/gcc/arm-none-eabi/10.3.1/../../../../arm-none-eabi/lib/thumb/v7e-m+fp/hard/libc_nano.a(lib_a-mprec.o)
                0x000000000800ac08                _Bfree
 .text.__multadd
                0x000000000800ac4c       0x8c /Applications/STM32CubeIDE.app/Contents/Eclipse/plugins/com.st.stm32cube.ide.mcu.externaltools.gnu-tools-for-stm32.10.3-2021.10.macos64_1.0.200.202301161003/tools/bin/../lib/gcc/arm-none-eabi/10.3.1/../../../../arm-none-eabi/lib/thumb/v7e-m+fp/hard/libc_nano.a(lib_a-mprec.o)
                0x000000000800ac4c                __multadd
 .text.__hi0bits
                0x000000000800acd8       0x40 /Applications/STM32CubeIDE.app/Contents/Eclipse/plugins/com.st.stm32cube.ide.mcu.externaltools.gnu-tools-for-stm32.10.3-2021.10.macos64_1.0.200.202301161003/tools/bin/../lib/gcc/arm-none-eabi/10.3.1/../../../../arm-none-eabi/lib/thumb/v7e-m+fp/hard/libc_nano.a(lib_a-mprec.o)
                0x000000000800acd8                __hi0bits
 .text.__lo0bits
                0x000000000800ad18       0x5e /Applications/STM32CubeIDE.app/Contents/Eclipse/plugins/com.st.stm32cube.ide.mcu.externaltools.gnu-tools-for-stm32.10.3-2021.10.macos64_1.0.200.202301161003/tools/bin/../lib/gcc/arm-none-eabi/10.3.1/../../../../arm-none-eabi/lib/thumb/v7e-m+fp/hard/libc_nano.a(lib_a-mprec.o)
                0x000000000800ad18                __lo0bits
 *fill*         0x000000000800ad76        0x2 
 .text.__i2b    0x000000000800ad78       0x2c /Applications/STM32CubeIDE.app/Contents/Eclipse/plugins/com.st.stm32cube.ide.mcu.externaltools.gnu-tools-for-stm32.10.3-2021.10.macos64_1.0.200.202301161003/tools/bin/../lib/gcc/arm-none-eabi/10.3.1/../../../../arm-none-eabi/lib/thumb/v7e-m+fp/hard/libc_nano.a(lib_a-mprec.o)
                0x000000000800ad78                __i2b
 .text.__multiply
                0x000000000800ada4      0x154 /Applications/STM32CubeIDE.app/Contents/Eclipse/plugins/com.st.stm32cube.ide.mcu.externaltools.gnu-tools-for-stm32.10.3-2021.10.macos64_1.0.200.202301161003/tools/bin/../lib/gcc/arm-none-eabi/10.3.1/../../../../arm-none-eabi/lib/thumb/v7e-m+fp/hard/libc_nano.a(lib_a-mprec.o)
                0x000000000800ada4                __multiply
 .text.__pow5mult
                0x000000000800aef8       0xb4 /Applications/STM32CubeIDE.app/Contents/Eclipse/plugins/com.st.stm32cube.ide.mcu.externaltools.gnu-tools-for-stm32.10.3-2021.10.macos64_1.0.200.202301161003/tools/bin/../lib/gcc/arm-none-eabi/10.3.1/../../../../arm-none-eabi/lib/thumb/v7e-m+fp/hard/libc_nano.a(lib_a-mprec.o)
                0x000000000800aef8                __pow5mult
 .text.__lshift
                0x000000000800afac       0xe0 /Applications/STM32CubeIDE.app/Contents/Eclipse/plugins/com.st.stm32cube.ide.mcu.externaltools.gnu-tools-for-stm32.10.3-2021.10.macos64_1.0.200.202301161003/tools/bin/../lib/gcc/arm-none-eabi/10.3.1/../../../../arm-none-eabi/lib/thumb/v7e-m+fp/hard/libc_nano.a(lib_a-mprec.o)
                0x000000000800afac                __lshift
 .text.__mcmp   0x000000000800b08c       0x38 /Applications/STM32CubeIDE.app/Contents/Eclipse/plugins/com.st.stm32cube.ide.mcu.externaltools.gnu-tools-for-stm32.10.3-2021.10.macos64_1.0.200.202301161003/tools/bin/../lib/gcc/arm-none-eabi/10.3.1/../../../../arm-none-eabi/lib/thumb/v7e-m+fp/hard/libc_nano.a(lib_a-mprec.o)
                0x000000000800b08c                __mcmp
 .text.__mdiff  0x000000000800b0c4      0x114 /Applications/STM32CubeIDE.app/Contents/Eclipse/plugins/com.st.stm32cube.ide.mcu.externaltools.gnu-tools-for-stm32.10.3-2021.10.macos64_1.0.200.202301161003/tools/bin/../lib/gcc/arm-none-eabi/10.3.1/../../../../arm-none-eabi/lib/thumb/v7e-m+fp/hard/libc_nano.a(lib_a-mprec.o)
                0x000000000800b0c4                __mdiff
 .text.__d2b    0x000000000800b1d8       0xb8 /Applications/STM32CubeIDE.app/Contents/Eclipse/plugins/com.st.stm32cube.ide.mcu.externaltools.gnu-tools-for-stm32.10.3-2021.10.macos64_1.0.200.202301161003/tools/bin/../lib/gcc/arm-none-eabi/10.3.1/../../../../arm-none-eabi/lib/thumb/v7e-m+fp/hard/libc_nano.a(lib_a-mprec.o)
                0x000000000800b1d8                __d2b
 .text._calloc_r
                0x000000000800b290       0x2c /Applications/STM32CubeIDE.app/Contents/Eclipse/plugins/com.st.stm32cube.ide.mcu.externaltools.gnu-tools-for-stm32.10.3-2021.10.macos64_1.0.200.202301161003/tools/bin/../lib/gcc/arm-none-eabi/10.3.1/../../../../arm-none-eabi/lib/thumb/v7e-m+fp/hard/libc_nano.a(lib_a-nano-callocr.o)
                0x000000000800b290                _calloc_r
 .text._free_r  0x000000000800b2bc       0x98 /Applications/STM32CubeIDE.app/Contents/Eclipse/plugins/com.st.stm32cube.ide.mcu.externaltools.gnu-tools-for-stm32.10.3-2021.10.macos64_1.0.200.202301161003/tools/bin/../lib/gcc/arm-none-eabi/10.3.1/../../../../arm-none-eabi/lib/thumb/v7e-m+fp/hard/libc_nano.a(lib_a-nano-freer.o)
                0x000000000800b2bc                _free_r
 .text.sbrk_aligned
                0x000000000800b354       0x40 /Applications/STM32CubeIDE.app/Contents/Eclipse/plugins/com.st.stm32cube.ide.mcu.externaltools.gnu-tools-for-stm32.10.3-2021.10.macos64_1.0.200.202301161003/tools/bin/../lib/gcc/arm-none-eabi/10.3.1/../../../../arm-none-eabi/lib/thumb/v7e-m+fp/hard/libc_nano.a(lib_a-nano-mallocr.o)
 .text._malloc_r
                0x000000000800b394       0xe8 /Applications/STM32CubeIDE.app/Contents/Eclipse/plugins/com.st.stm32cube.ide.mcu.externaltools.gnu-tools-for-stm32.10.3-2021.10.macos64_1.0.200.202301161003/tools/bin/../lib/gcc/arm-none-eabi/10.3.1/../../../../arm-none-eabi/lib/thumb/v7e-m+fp/hard/libc_nano.a(lib_a-nano-mallocr.o)
                0x000000000800b394                _malloc_r
 .text.__ssputs_r
                0x000000000800b47c       0xb6 /Applications/STM32CubeIDE.app/Contents/Eclipse/plugins/com.st.stm32cube.ide.mcu.externaltools.gnu-tools-for-stm32.10.3-2021.10.macos64_1.0.200.202301161003/tools/bin/../lib/gcc/arm-none-eabi/10.3.1/../../../../arm-none-eabi/lib/thumb/v7e-m+fp/hard/libc_nano.a(lib_a-nano-svfprintf.o)
                0x000000000800b47c                __ssputs_r
 *fill*         0x000000000800b532        0x2 
 .text._svfprintf_r
                0x000000000800b534      0x200 /Applications/STM32CubeIDE.app/Contents/Eclipse/plugins/com.st.stm32cube.ide.mcu.externaltools.gnu-tools-for-stm32.10.3-2021.10.macos64_1.0.200.202301161003/tools/bin/../lib/gcc/arm-none-eabi/10.3.1/../../../../arm-none-eabi/lib/thumb/v7e-m+fp/hard/libc_nano.a(lib_a-nano-svfprintf.o)
                0x000000000800b534                _svfprintf_r
                0x000000000800b534                _svfiprintf_r
 .text._sbrk_r  0x000000000800b734       0x20 /Applications/STM32CubeIDE.app/Contents/Eclipse/plugins/com.st.stm32cube.ide.mcu.externaltools.gnu-tools-for-stm32.10.3-2021.10.macos64_1.0.200.202301161003/tools/bin/../lib/gcc/arm-none-eabi/10.3.1/../../../../arm-none-eabi/lib/thumb/v7e-m+fp/hard/libc_nano.a(lib_a-sbrkr.o)
                0x000000000800b734                _sbrk_r
 .text.__assert_func
                0x000000000800b754       0x3c /Applications/STM32CubeIDE.app/Contents/Eclipse/plugins/com.st.stm32cube.ide.mcu.externaltools.gnu-tools-for-stm32.10.3-2021.10.macos64_1.0.200.202301161003/tools/bin/../lib/gcc/arm-none-eabi/10.3.1/../../../../arm-none-eabi/lib/thumb/v7e-m+fp/hard/libc_nano.a(lib_a-assert.o)
                0x000000000800b754                __assert_func
 .text.fprintf  0x000000000800b790       0x24 /Applications/STM32CubeIDE.app/Contents/Eclipse/plugins/com.st.stm32cube.ide.mcu.externaltools.gnu-tools-for-stm32.10.3-2021.10.macos64_1.0.200.202301161003/tools/bin/../lib/gcc/arm-none-eabi/10.3.1/../../../../arm-none-eabi/lib/thumb/v7e-m+fp/hard/libc_nano.a(lib_a-fprintf.o)
                0x000000000800b790                fprintf
                0x000000000800b790                fiprintf
 .text.__ascii_mbtowc
                0x000000000800b7b4       0x24 /Applications/STM32CubeIDE.app/Contents/Eclipse/plugins/com.st.stm32cube.ide.mcu.externaltools.gnu-tools-for-stm32.10.3-2021.10.macos64_1.0.200.202301161003/tools/bin/../lib/gcc/arm-none-eabi/10.3.1/../../../../arm-none-eabi/lib/thumb/v7e-m+fp/hard/libc_nano.a(lib_a-mbtowc_r.o)
                0x000000000800b7b4                __ascii_mbtowc
 .text.memmove  0x000000000800b7d8       0x34 /Applications/STM32CubeIDE.app/Contents/Eclipse/plugins/com.st.stm32cube.ide.mcu.externaltools.gnu-tools-for-stm32.10.3-2021.10.macos64_1.0.200.202301161003/tools/bin/../lib/gcc/arm-none-eabi/10.3.1/../../../../arm-none-eabi/lib/thumb/v7e-m+fp/hard/libc_nano.a(lib_a-memmove.o)
                0x000000000800b7d8                memmove
 .text.__malloc_lock
                0x000000000800b80c        0xc /Applications/STM32CubeIDE.app/Contents/Eclipse/plugins/com.st.stm32cube.ide.mcu.externaltools.gnu-tools-for-stm32.10.3-2021.10.macos64_1.0.200.202301161003/tools/bin/../lib/gcc/arm-none-eabi/10.3.1/../../../../arm-none-eabi/lib/thumb/v7e-m+fp/hard/libc_nano.a(lib_a-mlock.o)
                0x000000000800b80c                __malloc_lock
 .text.__malloc_unlock
                0x000000000800b818        0xc /Applications/STM32CubeIDE.app/Contents/Eclipse/plugins/com.st.stm32cube.ide.mcu.externaltools.gnu-tools-for-stm32.10.3-2021.10.macos64_1.0.200.202301161003/tools/bin/../lib/gcc/arm-none-eabi/10.3.1/../../../../arm-none-eabi/lib/thumb/v7e-m+fp/hard/libc_nano.a(lib_a-mlock.o)
                0x000000000800b818                __malloc_unlock
 .text._realloc_r
                0x000000000800b824       0x5e /Applications/STM32CubeIDE.app/Contents/Eclipse/plugins/com.st.stm32cube.ide.mcu.externaltools.gnu-tools-for-stm32.10.3-2021.10.macos64_1.0.200.202301161003/tools/bin/../lib/gcc/arm-none-eabi/10.3.1/../../../../arm-none-eabi/lib/thumb/v7e-m+fp/hard/libc_nano.a(lib_a-nano-reallocr.o)
                0x000000000800b824                _realloc_r
 .text.__sfputc_r
                0x000000000800b882       0x2e /Applications/STM32CubeIDE.app/Contents/Eclipse/plugins/com.st.stm32cube.ide.mcu.externaltools.gnu-tools-for-stm32.10.3-2021.10.macos64_1.0.200.202301161003/tools/bin/../lib/gcc/arm-none-eabi/10.3.1/../../../../arm-none-eabi/lib/thumb/v7e-m+fp/hard/libc_nano.a(lib_a-nano-vfprintf.o)
 .text.__sfputs_r
                0x000000000800b8b0       0x24 /Applications/STM32CubeIDE.app/Contents/Eclipse/plugins/com.st.stm32cube.ide.mcu.externaltools.gnu-tools-for-stm32.10.3-2021.10.macos64_1.0.200.202301161003/tools/bin/../lib/gcc/arm-none-eabi/10.3.1/../../../../arm-none-eabi/lib/thumb/v7e-m+fp/hard/libc_nano.a(lib_a-nano-vfprintf.o)
                0x000000000800b8b0                __sfputs_r
 .text._vfprintf_r
                0x000000000800b8d4      0x260 /Applications/STM32CubeIDE.app/Contents/Eclipse/plugins/com.st.stm32cube.ide.mcu.externaltools.gnu-tools-for-stm32.10.3-2021.10.macos64_1.0.200.202301161003/tools/bin/../lib/gcc/arm-none-eabi/10.3.1/../../../../arm-none-eabi/lib/thumb/v7e-m+fp/hard/libc_nano.a(lib_a-nano-vfprintf.o)
                0x000000000800b8d4                _vfiprintf_r
                0x000000000800b8d4                _vfprintf_r
 .text.__swbuf_r
                0x000000000800bb34       0xa4 /Applications/STM32CubeIDE.app/Contents/Eclipse/plugins/com.st.stm32cube.ide.mcu.externaltools.gnu-tools-for-stm32.10.3-2021.10.macos64_1.0.200.202301161003/tools/bin/../lib/gcc/arm-none-eabi/10.3.1/../../../../arm-none-eabi/lib/thumb/v7e-m+fp/hard/libc_nano.a(lib_a-wbuf.o)
                0x000000000800bb34                __swbuf_r
 .text.__ascii_wctomb
                0x000000000800bbd8       0x1a /Applications/STM32CubeIDE.app/Contents/Eclipse/plugins/com.st.stm32cube.ide.mcu.externaltools.gnu-tools-for-stm32.10.3-2021.10.macos64_1.0.200.202301161003/tools/bin/../lib/gcc/arm-none-eabi/10.3.1/../../../../arm-none-eabi/lib/thumb/v7e-m+fp/hard/libc_nano.a(lib_a-wctomb_r.o)
                0x000000000800bbd8                __ascii_wctomb
 *fill*         0x000000000800bbf2        0x2 
 .text.__swsetup_r
                0x000000000800bbf4       0xdc /Applications/STM32CubeIDE.app/Contents/Eclipse/plugins/com.st.stm32cube.ide.mcu.externaltools.gnu-tools-for-stm32.10.3-2021.10.macos64_1.0.200.202301161003/tools/bin/../lib/gcc/arm-none-eabi/10.3.1/../../../../arm-none-eabi/lib/thumb/v7e-m+fp/hard/libc_nano.a(lib_a-wsetup.o)
                0x000000000800bbf4                __swsetup_r
 .text.abort    0x000000000800bcd0        0xe /Applications/STM32CubeIDE.app/Contents/Eclipse/plugins/com.st.stm32cube.ide.mcu.externaltools.gnu-tools-for-stm32.10.3-2021.10.macos64_1.0.200.202301161003/tools/bin/../lib/gcc/arm-none-eabi/10.3.1/../../../../arm-none-eabi/lib/thumb/v7e-m+fp/hard/libc_nano.a(lib_a-abort.o)
                0x000000000800bcd0                abort
 *fill*         0x000000000800bcde        0x2 
 .text.__sflush_r
                0x000000000800bce0      0x10c /Applications/STM32CubeIDE.app/Contents/Eclipse/plugins/com.st.stm32cube.ide.mcu.externaltools.gnu-tools-for-stm32.10.3-2021.10.macos64_1.0.200.202301161003/tools/bin/../lib/gcc/arm-none-eabi/10.3.1/../../../../arm-none-eabi/lib/thumb/v7e-m+fp/hard/libc_nano.a(lib_a-fflush.o)
                0x000000000800bce0                __sflush_r
 .text._fflush_r
                0x000000000800bdec       0x78 /Applications/STM32CubeIDE.app/Contents/Eclipse/plugins/com.st.stm32cube.ide.mcu.externaltools.gnu-tools-for-stm32.10.3-2021.10.macos64_1.0.200.202301161003/tools/bin/../lib/gcc/arm-none-eabi/10.3.1/../../../../arm-none-eabi/lib/thumb/v7e-m+fp/hard/libc_nano.a(lib_a-fflush.o)
                0x000000000800bdec                _fflush_r
 .text.std      0x000000000800be64       0x48 /Applications/STM32CubeIDE.app/Contents/Eclipse/plugins/com.st.stm32cube.ide.mcu.externaltools.gnu-tools-for-stm32.10.3-2021.10.macos64_1.0.200.202301161003/tools/bin/../lib/gcc/arm-none-eabi/10.3.1/../../../../arm-none-eabi/lib/thumb/v7e-m+fp/hard/libc_nano.a(lib_a-findfp.o)
 .text._cleanup_r
                0x000000000800beac        0xc /Applications/STM32CubeIDE.app/Contents/Eclipse/plugins/com.st.stm32cube.ide.mcu.externaltools.gnu-tools-for-stm32.10.3-2021.10.macos64_1.0.200.202301161003/tools/bin/../lib/gcc/arm-none-eabi/10.3.1/../../../../arm-none-eabi/lib/thumb/v7e-m+fp/hard/libc_nano.a(lib_a-findfp.o)
                0x000000000800beac                _cleanup_r
 .text.__sfmoreglue
                0x000000000800beb8       0x2c /Applications/STM32CubeIDE.app/Contents/Eclipse/plugins/com.st.stm32cube.ide.mcu.externaltools.gnu-tools-for-stm32.10.3-2021.10.macos64_1.0.200.202301161003/tools/bin/../lib/gcc/arm-none-eabi/10.3.1/../../../../arm-none-eabi/lib/thumb/v7e-m+fp/hard/libc_nano.a(lib_a-findfp.o)
                0x000000000800beb8                __sfmoreglue
 .text.__sfp_lock_acquire
                0x000000000800bee4        0xc /Applications/STM32CubeIDE.app/Contents/Eclipse/plugins/com.st.stm32cube.ide.mcu.externaltools.gnu-tools-for-stm32.10.3-2021.10.macos64_1.0.200.202301161003/tools/bin/../lib/gcc/arm-none-eabi/10.3.1/../../../../arm-none-eabi/lib/thumb/v7e-m+fp/hard/libc_nano.a(lib_a-findfp.o)
                0x000000000800bee4                __sfp_lock_acquire
 .text.__sfp_lock_release
                0x000000000800bef0        0xc /Applications/STM32CubeIDE.app/Contents/Eclipse/plugins/com.st.stm32cube.ide.mcu.externaltools.gnu-tools-for-stm32.10.3-2021.10.macos64_1.0.200.202301161003/tools/bin/../lib/gcc/arm-none-eabi/10.3.1/../../../../arm-none-eabi/lib/thumb/v7e-m+fp/hard/libc_nano.a(lib_a-findfp.o)
                0x000000000800bef0                __sfp_lock_release
 .text.__sinit_lock_acquire
                0x000000000800befc        0xc /Applications/STM32CubeIDE.app/Contents/Eclipse/plugins/com.st.stm32cube.ide.mcu.externaltools.gnu-tools-for-stm32.10.3-2021.10.macos64_1.0.200.202301161003/tools/bin/../lib/gcc/arm-none-eabi/10.3.1/../../../../arm-none-eabi/lib/thumb/v7e-m+fp/hard/libc_nano.a(lib_a-findfp.o)
                0x000000000800befc                __sinit_lock_acquire
 .text.__sinit_lock_release
                0x000000000800bf08        0xc /Applications/STM32CubeIDE.app/Contents/Eclipse/plugins/com.st.stm32cube.ide.mcu.externaltools.gnu-tools-for-stm32.10.3-2021.10.macos64_1.0.200.202301161003/tools/bin/../lib/gcc/arm-none-eabi/10.3.1/../../../../arm-none-eabi/lib/thumb/v7e-m+fp/hard/libc_nano.a(lib_a-findfp.o)
                0x000000000800bf08                __sinit_lock_release
 .text.__sinit  0x000000000800bf14       0x70 /Applications/STM32CubeIDE.app/Contents/Eclipse/plugins/com.st.stm32cube.ide.mcu.externaltools.gnu-tools-for-stm32.10.3-2021.10.macos64_1.0.200.202301161003/tools/bin/../lib/gcc/arm-none-eabi/10.3.1/../../../../arm-none-eabi/lib/thumb/v7e-m+fp/hard/libc_nano.a(lib_a-findfp.o)
                0x000000000800bf14                __sinit
 .text.__sfp    0x000000000800bf84       0x8c /Applications/STM32CubeIDE.app/Contents/Eclipse/plugins/com.st.stm32cube.ide.mcu.externaltools.gnu-tools-for-stm32.10.3-2021.10.macos64_1.0.200.202301161003/tools/bin/../lib/gcc/arm-none-eabi/10.3.1/../../../../arm-none-eabi/lib/thumb/v7e-m+fp/hard/libc_nano.a(lib_a-findfp.o)
                0x000000000800bf84                __sfp
 .text._fwalk_reent
                0x000000000800c010       0x3e /Applications/STM32CubeIDE.app/Contents/Eclipse/plugins/com.st.stm32cube.ide.mcu.externaltools.gnu-tools-for-stm32.10.3-2021.10.macos64_1.0.200.202301161003/tools/bin/../lib/gcc/arm-none-eabi/10.3.1/../../../../arm-none-eabi/lib/thumb/v7e-m+fp/hard/libc_nano.a(lib_a-fwalk.o)
                0x000000000800c010                _fwalk_reent
 .text.__retarget_lock_init_recursive
                0x000000000800c04e        0x2 /Applications/STM32CubeIDE.app/Contents/Eclipse/plugins/com.st.stm32cube.ide.mcu.externaltools.gnu-tools-for-stm32.10.3-2021.10.macos64_1.0.200.202301161003/tools/bin/../lib/gcc/arm-none-eabi/10.3.1/../../../../arm-none-eabi/lib/thumb/v7e-m+fp/hard/libc_nano.a(lib_a-lock.o)
                0x000000000800c04e                __retarget_lock_init_recursive
 .text.__retarget_lock_acquire_recursive
                0x000000000800c050        0x2 /Applications/STM32CubeIDE.app/Contents/Eclipse/plugins/com.st.stm32cube.ide.mcu.externaltools.gnu-tools-for-stm32.10.3-2021.10.macos64_1.0.200.202301161003/tools/bin/../lib/gcc/arm-none-eabi/10.3.1/../../../../arm-none-eabi/lib/thumb/v7e-m+fp/hard/libc_nano.a(lib_a-lock.o)
                0x000000000800c050                __retarget_lock_acquire_recursive
 .text.__retarget_lock_release_recursive
                0x000000000800c052        0x2 /Applications/STM32CubeIDE.app/Contents/Eclipse/plugins/com.st.stm32cube.ide.mcu.externaltools.gnu-tools-for-stm32.10.3-2021.10.macos64_1.0.200.202301161003/tools/bin/../lib/gcc/arm-none-eabi/10.3.1/../../../../arm-none-eabi/lib/thumb/v7e-m+fp/hard/libc_nano.a(lib_a-lock.o)
                0x000000000800c052                __retarget_lock_release_recursive
 .text.__swhatbuf_r
                0x000000000800c054       0x4a /Applications/STM32CubeIDE.app/Contents/Eclipse/plugins/com.st.stm32cube.ide.mcu.externaltools.gnu-tools-for-stm32.10.3-2021.10.macos64_1.0.200.202301161003/tools/bin/../lib/gcc/arm-none-eabi/10.3.1/../../../../arm-none-eabi/lib/thumb/v7e-m+fp/hard/libc_nano.a(lib_a-makebuf.o)
                0x000000000800c054                __swhatbuf_r
 *fill*         0x000000000800c09e        0x2 
 .text.__smakebuf_r
                0x000000000800c0a0       0x80 /Applications/STM32CubeIDE.app/Contents/Eclipse/plugins/com.st.stm32cube.ide.mcu.externaltools.gnu-tools-for-stm32.10.3-2021.10.macos64_1.0.200.202301161003/tools/bin/../lib/gcc/arm-none-eabi/10.3.1/../../../../arm-none-eabi/lib/thumb/v7e-m+fp/hard/libc_nano.a(lib_a-makebuf.o)
                0x000000000800c0a0                __smakebuf_r
 .text._malloc_usable_size_r
                0x000000000800c120       0x10 /Applications/STM32CubeIDE.app/Contents/Eclipse/plugins/com.st.stm32cube.ide.mcu.externaltools.gnu-tools-for-stm32.10.3-2021.10.macos64_1.0.200.202301161003/tools/bin/../lib/gcc/arm-none-eabi/10.3.1/../../../../arm-none-eabi/lib/thumb/v7e-m+fp/hard/libc_nano.a(lib_a-nano-msizer.o)
                0x000000000800c120                _malloc_usable_size_r
 .text._raise_r
                0x000000000800c130       0x50 /Applications/STM32CubeIDE.app/Contents/Eclipse/plugins/com.st.stm32cube.ide.mcu.externaltools.gnu-tools-for-stm32.10.3-2021.10.macos64_1.0.200.202301161003/tools/bin/../lib/gcc/arm-none-eabi/10.3.1/../../../../arm-none-eabi/lib/thumb/v7e-m+fp/hard/libc_nano.a(lib_a-signal.o)
                0x000000000800c130                _raise_r
 .text.raise    0x000000000800c180       0x10 /Applications/STM32CubeIDE.app/Contents/Eclipse/plugins/com.st.stm32cube.ide.mcu.externaltools.gnu-tools-for-stm32.10.3-2021.10.macos64_1.0.200.202301161003/tools/bin/../lib/gcc/arm-none-eabi/10.3.1/../../../../arm-none-eabi/lib/thumb/v7e-m+fp/hard/libc_nano.a(lib_a-signal.o)
                0x000000000800c180                raise
 .text._kill_r  0x000000000800c190       0x24 /Applications/STM32CubeIDE.app/Contents/Eclipse/plugins/com.st.stm32cube.ide.mcu.externaltools.gnu-tools-for-stm32.10.3-2021.10.macos64_1.0.200.202301161003/tools/bin/../lib/gcc/arm-none-eabi/10.3.1/../../../../arm-none-eabi/lib/thumb/v7e-m+fp/hard/libc_nano.a(lib_a-signalr.o)
                0x000000000800c190                _kill_r
 .text._getpid_r
                0x000000000800c1b4        0x4 /Applications/STM32CubeIDE.app/Contents/Eclipse/plugins/com.st.stm32cube.ide.mcu.externaltools.gnu-tools-for-stm32.10.3-2021.10.macos64_1.0.200.202301161003/tools/bin/../lib/gcc/arm-none-eabi/10.3.1/../../../../arm-none-eabi/lib/thumb/v7e-m+fp/hard/libc_nano.a(lib_a-signalr.o)
                0x000000000800c1b4                _getpid_r
 .text.__sread  0x000000000800c1b8       0x22 /Applications/STM32CubeIDE.app/Contents/Eclipse/plugins/com.st.stm32cube.ide.mcu.externaltools.gnu-tools-for-stm32.10.3-2021.10.macos64_1.0.200.202301161003/tools/bin/../lib/gcc/arm-none-eabi/10.3.1/../../../../arm-none-eabi/lib/thumb/v7e-m+fp/hard/libc_nano.a(lib_a-stdio.o)
                0x000000000800c1b8                __sread
 .text.__swrite
                0x000000000800c1da       0x38 /Applications/STM32CubeIDE.app/Contents/Eclipse/plugins/com.st.stm32cube.ide.mcu.externaltools.gnu-tools-for-stm32.10.3-2021.10.macos64_1.0.200.202301161003/tools/bin/../lib/gcc/arm-none-eabi/10.3.1/../../../../arm-none-eabi/lib/thumb/v7e-m+fp/hard/libc_nano.a(lib_a-stdio.o)
                0x000000000800c1da                __swrite
 .text.__sseek  0x000000000800c212       0x24 /Applications/STM32CubeIDE.app/Contents/Eclipse/plugins/com.st.stm32cube.ide.mcu.externaltools.gnu-tools-for-stm32.10.3-2021.10.macos64_1.0.200.202301161003/tools/bin/../lib/gcc/arm-none-eabi/10.3.1/../../../../arm-none-eabi/lib/thumb/v7e-m+fp/hard/libc_nano.a(lib_a-stdio.o)
                0x000000000800c212                __sseek
 .text.__sclose
                0x000000000800c236        0x8 /Applications/STM32CubeIDE.app/Contents/Eclipse/plugins/com.st.stm32cube.ide.mcu.externaltools.gnu-tools-for-stm32.10.3-2021.10.macos64_1.0.200.202301161003/tools/bin/../lib/gcc/arm-none-eabi/10.3.1/../../../../arm-none-eabi/lib/thumb/v7e-m+fp/hard/libc_nano.a(lib_a-stdio.o)
                0x000000000800c236                __sclose
 *fill*         0x000000000800c23e        0x2 
 .text._write_r
                0x000000000800c240       0x24 /Applications/STM32CubeIDE.app/Contents/Eclipse/plugins/com.st.stm32cube.ide.mcu.externaltools.gnu-tools-for-stm32.10.3-2021.10.macos64_1.0.200.202301161003/tools/bin/../lib/gcc/arm-none-eabi/10.3.1/../../../../arm-none-eabi/lib/thumb/v7e-m+fp/hard/libc_nano.a(lib_a-writer.o)
                0x000000000800c240                _write_r
 .text._close_r
                0x000000000800c264       0x20 /Applications/STM32CubeIDE.app/Contents/Eclipse/plugins/com.st.stm32cube.ide.mcu.externaltools.gnu-tools-for-stm32.10.3-2021.10.macos64_1.0.200.202301161003/tools/bin/../lib/gcc/arm-none-eabi/10.3.1/../../../../arm-none-eabi/lib/thumb/v7e-m+fp/hard/libc_nano.a(lib_a-closer.o)
                0x000000000800c264                _close_r
 .text._fstat_r
                0x000000000800c284       0x24 /Applications/STM32CubeIDE.app/Contents/Eclipse/plugins/com.st.stm32cube.ide.mcu.externaltools.gnu-tools-for-stm32.10.3-2021.10.macos64_1.0.200.202301161003/tools/bin/../lib/gcc/arm-none-eabi/10.3.1/../../../../arm-none-eabi/lib/thumb/v7e-m+fp/hard/libc_nano.a(lib_a-fstatr.o)
                0x000000000800c284                _fstat_r
 .text._isatty_r
                0x000000000800c2a8       0x20 /Applications/STM32CubeIDE.app/Contents/Eclipse/plugins/com.st.stm32cube.ide.mcu.externaltools.gnu-tools-for-stm32.10.3-2021.10.macos64_1.0.200.202301161003/tools/bin/../lib/gcc/arm-none-eabi/10.3.1/../../../../arm-none-eabi/lib/thumb/v7e-m+fp/hard/libc_nano.a(lib_a-isattyr.o)
                0x000000000800c2a8                _isatty_r
 .text._lseek_r
                0x000000000800c2c8       0x24 /Applications/STM32CubeIDE.app/Contents/Eclipse/plugins/com.st.stm32cube.ide.mcu.externaltools.gnu-tools-for-stm32.10.3-2021.10.macos64_1.0.200.202301161003/tools/bin/../lib/gcc/arm-none-eabi/10.3.1/../../../../arm-none-eabi/lib/thumb/v7e-m+fp/hard/libc_nano.a(lib_a-lseekr.o)
                0x000000000800c2c8                _lseek_r
 .text._read_r  0x000000000800c2ec       0x24 /Applications/STM32CubeIDE.app/Contents/Eclipse/plugins/com.st.stm32cube.ide.mcu.externaltools.gnu-tools-for-stm32.10.3-2021.10.macos64_1.0.200.202301161003/tools/bin/../lib/gcc/arm-none-eabi/10.3.1/../../../../arm-none-eabi/lib/thumb/v7e-m+fp/hard/libc_nano.a(lib_a-readr.o)
                0x000000000800c2ec                _read_r
 .text.roundf   0x000000000800c310       0x48 /Applications/STM32CubeIDE.app/Contents/Eclipse/plugins/com.st.stm32cube.ide.mcu.externaltools.gnu-tools-for-stm32.10.3-2021.10.macos64_1.0.200.202301161003/tools/bin/../lib/gcc/arm-none-eabi/10.3.1/../../../../arm-none-eabi/lib/thumb/v7e-m+fp/hard/libm.a(lib_a-sf_round.o)
                0x000000000800c310                roundf
 .text.sqrtf    0x000000000800c358       0x3c /Applications/STM32CubeIDE.app/Contents/Eclipse/plugins/com.st.stm32cube.ide.mcu.externaltools.gnu-tools-for-stm32.10.3-2021.10.macos64_1.0.200.202301161003/tools/bin/../lib/gcc/arm-none-eabi/10.3.1/../../../../arm-none-eabi/lib/thumb/v7e-m+fp/hard/libm.a(lib_a-wf_sqrt.o)
                0x000000000800c358                sqrtf
 .text.__ieee754_sqrtf
                0x000000000800c394        0x6 /Applications/STM32CubeIDE.app/Contents/Eclipse/plugins/com.st.stm32cube.ide.mcu.externaltools.gnu-tools-for-stm32.10.3-2021.10.macos64_1.0.200.202301161003/tools/bin/../lib/gcc/arm-none-eabi/10.3.1/../../../../arm-none-eabi/lib/thumb/v7e-m+fp/hard/libm.a(lib_a-ef_sqrt.o)
                0x000000000800c394                __ieee754_sqrtf
 *fill*         0x000000000800c39a        0x2 
 .text.__errno  0x000000000800c39c        0xc /Applications/STM32CubeIDE.app/Contents/Eclipse/plugins/com.st.stm32cube.ide.mcu.externaltools.gnu-tools-for-stm32.10.3-2021.10.macos64_1.0.200.202301161003/tools/bin/../lib/gcc/arm-none-eabi/10.3.1/../../../../arm-none-eabi/lib/thumb/v7e-m+fp/hard/libc_nano.a(lib_a-errno.o)
                0x000000000800c39c                __errno
 .text._close   0x000000000800c3a8       0x10 /Applications/STM32CubeIDE.app/Contents/Eclipse/plugins/com.st.stm32cube.ide.mcu.externaltools.gnu-tools-for-stm32.10.3-2021.10.macos64_1.0.200.202301161003/tools/bin/../lib/gcc/arm-none-eabi/10.3.1/../../../../arm-none-eabi/lib/thumb/v7e-m+fp/hard/libnosys.a(close.o)
                0x000000000800c3a8                _close
 .text._fstat   0x000000000800c3b8       0x10 /Applications/STM32CubeIDE.app/Contents/Eclipse/plugins/com.st.stm32cube.ide.mcu.externaltools.gnu-tools-for-stm32.10.3-2021.10.macos64_1.0.200.202301161003/tools/bin/../lib/gcc/arm-none-eabi/10.3.1/../../../../arm-none-eabi/lib/thumb/v7e-m+fp/hard/libnosys.a(fstat.o)
                0x000000000800c3b8                _fstat
 .text._getpid  0x000000000800c3c8       0x10 /Applications/STM32CubeIDE.app/Contents/Eclipse/plugins/com.st.stm32cube.ide.mcu.externaltools.gnu-tools-for-stm32.10.3-2021.10.macos64_1.0.200.202301161003/tools/bin/../lib/gcc/arm-none-eabi/10.3.1/../../../../arm-none-eabi/lib/thumb/v7e-m+fp/hard/libnosys.a(getpid.o)
                0x000000000800c3c8                _getpid
 .text._isatty  0x000000000800c3d8       0x10 /Applications/STM32CubeIDE.app/Contents/Eclipse/plugins/com.st.stm32cube.ide.mcu.externaltools.gnu-tools-for-stm32.10.3-2021.10.macos64_1.0.200.202301161003/tools/bin/../lib/gcc/arm-none-eabi/10.3.1/../../../../arm-none-eabi/lib/thumb/v7e-m+fp/hard/libnosys.a(isatty.o)
                0x000000000800c3d8                _isatty
 .text._kill    0x000000000800c3e8       0x10 /Applications/STM32CubeIDE.app/Contents/Eclipse/plugins/com.st.stm32cube.ide.mcu.externaltools.gnu-tools-for-stm32.10.3-2021.10.macos64_1.0.200.202301161003/tools/bin/../lib/gcc/arm-none-eabi/10.3.1/../../../../arm-none-eabi/lib/thumb/v7e-m+fp/hard/libnosys.a(kill.o)
                0x000000000800c3e8                _kill
 .text._lseek   0x000000000800c3f8       0x10 /Applications/STM32CubeIDE.app/Contents/Eclipse/plugins/com.st.stm32cube.ide.mcu.externaltools.gnu-tools-for-stm32.10.3-2021.10.macos64_1.0.200.202301161003/tools/bin/../lib/gcc/arm-none-eabi/10.3.1/../../../../arm-none-eabi/lib/thumb/v7e-m+fp/hard/libnosys.a(lseek.o)
                0x000000000800c3f8                _lseek
 .text._read    0x000000000800c408       0x10 /Applications/STM32CubeIDE.app/Contents/Eclipse/plugins/com.st.stm32cube.ide.mcu.externaltools.gnu-tools-for-stm32.10.3-2021.10.macos64_1.0.200.202301161003/tools/bin/../lib/gcc/arm-none-eabi/10.3.1/../../../../arm-none-eabi/lib/thumb/v7e-m+fp/hard/libnosys.a(read.o)
                0x000000000800c408                _read
 .text._sbrk    0x000000000800c418       0x1c /Applications/STM32CubeIDE.app/Contents/Eclipse/plugins/com.st.stm32cube.ide.mcu.externaltools.gnu-tools-for-stm32.10.3-2021.10.macos64_1.0.200.202301161003/tools/bin/../lib/gcc/arm-none-eabi/10.3.1/../../../../arm-none-eabi/lib/thumb/v7e-m+fp/hard/libnosys.a(sbrk.o)
                0x000000000800c418                _sbrk
 .text._write   0x000000000800c434       0x10 /Applications/STM32CubeIDE.app/Contents/Eclipse/plugins/com.st.stm32cube.ide.mcu.externaltools.gnu-tools-for-stm32.10.3-2021.10.macos64_1.0.200.202301161003/tools/bin/../lib/gcc/arm-none-eabi/10.3.1/../../../../arm-none-eabi/lib/thumb/v7e-m+fp/hard/libnosys.a(write.o)
                0x000000000800c434                _write
 .text._exit    0x000000000800c444        0x2 /Applications/STM32CubeIDE.app/Contents/Eclipse/plugins/com.st.stm32cube.ide.mcu.externaltools.gnu-tools-for-stm32.10.3-2021.10.macos64_1.0.200.202301161003/tools/bin/../lib/gcc/arm-none-eabi/10.3.1/../../../../arm-none-eabi/lib/thumb/v7e-m+fp/hard/libnosys.a(_exit.o)
                0x000000000800c444                _exit
 *(.glue_7)
 .glue_7        0x000000000800c446        0x0 linker stubs
 *(.glue_7t)
 .glue_7t       0x000000000800c446        0x0 linker stubs
 *(.eh_frame)
 *fill*         0x000000000800c446        0x2 
 .eh_frame      0x000000000800c448        0x0 /Applications/STM32CubeIDE.app/Contents/Eclipse/plugins/com.st.stm32cube.ide.mcu.externaltools.gnu-tools-for-stm32.10.3-2021.10.macos64_1.0.200.202301161003/tools/bin/../lib/gcc/arm-none-eabi/10.3.1/thumb/v7e-m+fp/hard/crtbegin.o
 *(.init)
 .init          0x000000000800c448        0x4 /Applications/STM32CubeIDE.app/Contents/Eclipse/plugins/com.st.stm32cube.ide.mcu.externaltools.gnu-tools-for-stm32.10.3-2021.10.macos64_1.0.200.202301161003/tools/bin/../lib/gcc/arm-none-eabi/10.3.1/thumb/v7e-m+fp/hard/crti.o
                0x000000000800c448                _init
 .init          0x000000000800c44c        0x8 /Applications/STM32CubeIDE.app/Contents/Eclipse/plugins/com.st.stm32cube.ide.mcu.externaltools.gnu-tools-for-stm32.10.3-2021.10.macos64_1.0.200.202301161003/tools/bin/../lib/gcc/arm-none-eabi/10.3.1/thumb/v7e-m+fp/hard/crtn.o
 *(.fini)
 .fini          0x000000000800c454        0x4 /Applications/STM32CubeIDE.app/Contents/Eclipse/plugins/com.st.stm32cube.ide.mcu.externaltools.gnu-tools-for-stm32.10.3-2021.10.macos64_1.0.200.202301161003/tools/bin/../lib/gcc/arm-none-eabi/10.3.1/thumb/v7e-m+fp/hard/crti.o
                0x000000000800c454                _fini
 .fini          0x000000000800c458        0x8 /Applications/STM32CubeIDE.app/Contents/Eclipse/plugins/com.st.stm32cube.ide.mcu.externaltools.gnu-tools-for-stm32.10.3-2021.10.macos64_1.0.200.202301161003/tools/bin/../lib/gcc/arm-none-eabi/10.3.1/thumb/v7e-m+fp/hard/crtn.o