Archive member included to satisfy reference by file (symbol)

../Drivers/CMSIS/Lib/GCC/libarm_cortexM4lf_math.a(arm_const_structs.o)
                              ./Core/Src/arm_cfft_init_f32.o (arm_cfft_sR_f32_len4096)
../Drivers/CMSIS/Lib/GCC/libarm_cortexM4lf_math.a(arm_common_tables.o)
                              ../Drivers/CMSIS/Lib/GCC/libarm_cortexM4lf_math.a(arm_const_structs.o) (twiddleCoef_rfft_4096)
../Drivers/CMSIS/Lib/GCC/libarm_cortexM4lf_math.a(arm_cfft_f32.o)
                              ./Core/Src/main.o (arm_cfft_f32)
../Drivers/CMSIS/Lib/GCC/libarm_cortexM4lf_math.a(arm_rfft_init_q31.o)
                              ../Drivers/CMSIS/Lib/GCC/libarm_cortexM4lf_math.a(arm_const_structs.o) (realCoefBQ31)
../Drivers/CMSIS/Lib/GCC/libarm_cortexM4lf_math.a(arm_rfft_init_q15.o)
                              ../Drivers/CMSIS/Lib/GCC/libarm_cortexM4lf_math.a(arm_const_structs.o) (realCoefBQ15)
../Drivers/CMSIS/Lib/GCC/libarm_cortexM4lf_math.a(arm_cmplx_mag_f32.o)
                              ./Core/Src/main.o (arm_cmplx_mag_f32)
../Drivers/CMSIS/Lib/GCC/libarm_cortexM4lf_math.a(arm_bitreversal2.o)
                              ../Drivers/CMSIS/Lib/GCC/libarm_cortexM4lf_math.a(arm_cfft_f32.o) (arm_bitreversal_32)
../Drivers/CMSIS/Lib/GCC/libarm_cortexM4lf_math.a(arm_cfft_radix8_f32.o)
                              ../Drivers/CMSIS/Lib/GCC/libarm_cortexM4lf_math.a(arm_cfft_f32.o) (arm_radix8_butterfly_f32)
/Applications/STM32CubeIDE.app/Contents/Eclipse/plugins/com.st.stm32cube.ide.mcu.externaltools.gnu-tools-for-stm32.10.3-2021.10.macos64_1.0.200.202301161003/tools/bin/../lib/gcc/arm-none-eabi/10.3.1/../../../../arm-none-eabi/lib/thumb/v7e-m+fp/hard/libc_nano.a(lib_a-exit.o)
                              /Applications/STM32CubeIDE.app/Contents/Eclipse/plugins/com.st.stm32cube.ide.mcu.externaltools.gnu-tools-for-stm32.10.3-2021.10.macos64_1.0.200.202301161003/tools/bin/../lib/gcc/arm-none-eabi/10.3.1/../../../../arm-none-eabi/lib/thumb/v7e-m+fp/hard/crt0.o (exit)
/Applications/STM32CubeIDE.app/Contents/Eclipse/plugins/com.st.stm32cube.ide.mcu.externaltools.gnu-tools-for-stm32.10.3-2021.10.macos64_1.0.200.202301161003/tools/bin/../lib/gcc/arm-none-eabi/10.3.1/../../../../arm-none-eabi/lib/thumb/v7e-m+fp/hard/libc_nano.a(lib_a-impure.o)
                              /Applications/STM32CubeIDE.app/Contents/Eclipse/plugins/com.st.stm32cube.ide.mcu.externaltools.gnu-tools-for-stm32.10.3-2021.10.macos64_1.0.200.202301161003/tools/bin/../lib/gcc/arm-none-eabi/10.3.1/../../../../arm-none-eabi/lib/thumb/v7e-m+fp/hard/libc_nano.a(lib_a-exit.o) (_global_impure_ptr)
/Applications/STM32CubeIDE.app/Contents/Eclipse/plugins/com.st.stm32cube.ide.mcu.externaltools.gnu-tools-for-stm32.10.3-2021.10.macos64_1.0.200.202301161003/tools/bin/../lib/gcc/arm-none-eabi/10.3.1/../../../../arm-none-eabi/lib/thumb/v7e-m+fp/hard/libc_nano.a(lib_a-init.o)
                              /Applications/STM32CubeIDE.app/Contents/Eclipse/plugins/com.st.stm32cube.ide.mcu.externaltools.gnu-tools-for-stm32.10.3-2021.10.macos64_1.0.200.202301161003/tools/bin/../lib/gcc/arm-none-eabi/10.3.1/../../../../arm-none-eabi/lib/thumb/v7e-m+fp/hard/crt0.o (__libc_init_array)
/Applications/STM32CubeIDE.app/Contents/Eclipse/plugins/com.st.stm32cube.ide.mcu.externaltools.gnu-tools-for-stm32.10.3-2021.10.macos64_1.0.200.202301161003/tools/bin/../lib/gcc/arm-none-eabi/10.3.1/../../../../arm-none-eabi/lib/thumb/v7e-m+fp/hard/libc_nano.a(lib_a-memset.o)
                              /Applications/STM32CubeIDE.app/Contents/Eclipse/plugins/com.st.stm32cube.ide.mcu.externaltools.gnu-tools-for-stm32.10.3-2021.10.macos64_1.0.200.202301161003/tools/bin/../lib/gcc/arm-none-eabi/10.3.1/../../../../arm-none-eabi/lib/thumb/v7e-m+fp/hard/crt0.o (memset)
/Applications/STM32CubeIDE.app/Contents/Eclipse/plugins/com.st.stm32cube.ide.mcu.externaltools.gnu-tools-for-stm32.10.3-2021.10.macos64_1.0.200.202301161003/tools/bin/../lib/gcc/arm-none-eabi/10.3.1/../../../../arm-none-eabi/lib/thumb/v7e-m+fp/hard/libc_nano.a(lib_a-nano-vfprintf_float.o)
                              (_printf_float)
/Applications/STM32CubeIDE.app/Contents/Eclipse/plugins/com.st.stm32cube.ide.mcu.externaltools.gnu-tools-for-stm32.10.3-2021.10.macos64_1.0.200.202301161003/tools/bin/../lib/gcc/arm-none-eabi/10.3.1/../../../../arm-none-eabi/lib/thumb/v7e-m+fp/hard/libc_nano.a(lib_a-nano-vfprintf_i.o)
                              /Applications/STM32CubeIDE.app/Contents/Eclipse/plugins/com.st.stm32cube.ide.mcu.externaltools.gnu-tools-for-stm32.10.3-2021.10.macos64_1.0.200.202301161003/tools/bin/../lib/gcc/arm-none-eabi/10.3.1/../../../../arm-none-eabi/lib/thumb/v7e-m+fp/hard/libc_nano.a(lib_a-nano-vfprintf_float.o) (_printf_common)
[...]
Memory Configuration

Name             Origin             Length             Attributes
CCMRAM           0x0000000010000000 0x0000000000010000 xrw
RAM              0x0000000020000000 0x0000000000030000 xrw
FLASH            0x0000000008000000 0x0000000000200000 xr
*default*        0x0000000000000000 0xffffffffffffffff

Linker script and memory map

LOAD /Applications/STM32CubeIDE.app/Contents/Eclipse/plugins/com.st.stm32cube.ide.mcu.externaltools.gnu-tools-for-stm32.10.3-2021.10.macos64_1.0.200.202301161003/tools/bin/../lib/gcc/arm-none-eabi/10.3.1/thumb/v7e-m+fp/hard/crti.o
LOAD /Applications/STM32CubeIDE.app/Contents/Eclipse/plugins/com.st.stm32cube.ide.mcu.externaltools.gnu-tools-for-stm32.10.3-2021.10.macos64_1.0.200.202301161003/tools/bin/../lib/gcc/arm-none-eabi/10.3.1/thumb/v7e-m+fp/hard/crtbegin.o
LOAD /Applications/STM32CubeIDE.app/Contents/Eclipse/plugins/com.st.stm32cube.ide.mcu.externaltools.gnu-tools-for-stm32.10.3-2021.10.macos64_1.0.200.202301161003/tools/bin/../lib/gcc/arm-none-eabi/10.3.1/../../../../arm-none-eabi/lib/thumb/v7e-m+fp/hard/crt0.o
LOAD ./Core/Src/arm_cfft_init_f32.o
LOAD ./Core/Src/main.o
LOAD ./Core/Src/measuring.o
LOAD ./Core/Src/menu.o
LOAD ./Core/Src/pushbutton.o
LOAD ./Core/Src/stm32f4xx_it.o
LOAD ./Core/Src/system_stm32f4xx.o
LOAD ./Core/Startup/startup_stm32f429zitx.o
LOAD ./Drivers/BSP/Components/cs43l22/cs43l22.o
LOAD ./Drivers/BSP/Components/exc7200/exc7200.o
LOAD ./Drivers/BSP/Components/ft6x06/ft6x06.o
LOAD ./Drivers/BSP/Components/ili9325/ili9325.o
LOAD ./Drivers/BSP/Components/ili9341/ili9341.o
LOAD ./Drivers/BSP/Components/l3gd20/l3gd20.o
LOAD ./Drivers/BSP/Components/lis302dl/lis302dl.o
LOAD ./Drivers/BSP/Components/lis3dsh/lis3dsh.o
LOAD ./Drivers/BSP/Components/ls016b8uy/ls016b8uy.o
LOAD ./Drivers/BSP/Components/lsm303dlhc/lsm303dlhc.o
LOAD ./Drivers/BSP/Components/mfxstm32l152/mfxstm32l152.o
LOAD ./Drivers/BSP/Components/otm8009a/otm8009a.o
LOAD ./Drivers/BSP/Components/ov2640/ov2640.o
LOAD ./Drivers/BSP/Components/ov5640/ov5640.o
LOAD ./Drivers/BSP/Components/s5k5cag/s5k5cag.o
LOAD ./Drivers/BSP/Components/st7735/st7735.o
LOAD ./Drivers/BSP/Components/st7789h2/st7789h2.o
LOAD ./Drivers/BSP/Components/stmpe1600/stmpe1600.o
LOAD ./Drivers/BSP/Components/stmpe811/stmpe811.o
LOAD ./Drivers/BSP/Components/ts3510/ts3510.o
LOAD ./Drivers/BSP/Components/wm8994/wm8994.o
LOAD ./Drivers/BSP/STM32F429I-Discovery/stm32f429i_discovery.o
LOAD ./Drivers/BSP/STM32F429I-Discovery/stm32f429i_discovery_eeprom.o
LOAD ./Drivers/BSP/STM32F429I-Discovery/stm32f429i_discovery_gyroscope.o
LOAD ./Drivers/BSP/STM32F429I-Discovery/stm32f429i_discovery_io.o
LOAD ./Drivers/BSP/STM32F429I-Discovery/stm32f429i_discovery_lcd.o
LOAD ./Drivers/BSP/STM32F429I-Discovery/stm32f429i_discovery_sdram.o
LOAD ./Drivers/BSP/STM32F429I-Discovery/stm32f429i_discovery_ts.o
LOAD ./Drivers/STM32F4xx_HAL_Driver/Src/stm32f4xx_hal.o
LOAD ./Drivers/STM32F4xx_HAL_Driver/Src/stm32f4xx_hal_cortex.o
LOAD ./Drivers/STM32F4xx_HAL_Driver/Src/stm32f4xx_hal_crc.o
LOAD ./Drivers/STM32F4xx_HAL_Driver/Src/stm32f4xx_hal_dma.o
LOAD ./Drivers/STM32F4xx_HAL_Driver/Src/stm32f4xx_hal_dma2d.o
LOAD ./Drivers/STM32F4xx_HAL_Driver/Src/stm32f4xx_hal_dma_ex.o
LOAD ./Drivers/STM32F4xx_HAL_Driver/Src/stm32f4xx_hal_dsi.o
LOAD ./Drivers/STM32F4xx_HAL_Driver/Src/stm32f4xx_hal_exti.o
LOAD ./Drivers/STM32F4xx_HAL_Driver/Src/stm32f4xx_hal_flash.o
LOAD ./Drivers/STM32F4xx_HAL_Driver/Src/stm32f4xx_hal_flash_ex.o
LOAD ./Drivers/STM32F4xx_HAL_Driver/Src/stm32f4xx_hal_flash_ramfunc.o
LOAD ./Drivers/STM32F4xx_HAL_Driver/Src/stm32f4xx_hal_gpio.o
LOAD ./Drivers/STM32F4xx_HAL_Driver/Src/stm32f4xx_hal_hcd.o
LOAD ./Drivers/STM32F4xx_HAL_Driver/Src/stm32f4xx_hal_i2c.o
LOAD ./Drivers/STM32F4xx_HAL_Driver/Src/stm32f4xx_hal_i2c_ex.o
LOAD ./Drivers/STM32F4xx_HAL_Driver/Src/stm32f4xx_hal_ltdc.o
LOAD ./Drivers/STM32F4xx_HAL_Driver/Src/stm32f4xx_hal_ltdc_ex.o
LOAD ./Drivers/STM32F4xx_HAL_Driver/Src/stm32f4xx_hal_pwr.o
LOAD ./Drivers/STM32F4xx_HAL_Driver/Src/stm32f4xx_hal_pwr_ex.o
LOAD ./Drivers/STM32F4xx_HAL_Driver/Src/stm32f4xx_hal_rcc.o
LOAD ./Drivers/STM32F4xx_HAL_Driver/Src/stm32f4xx_hal_rcc_ex.o
LOAD ./Drivers/STM32F4xx_HAL_Driver/Src/stm32f4xx_hal_sdram.o
LOAD ./Drivers/STM32F4xx_HAL_Driver/Src/stm32f4xx_hal_spi.o
LOAD ./Drivers/STM32F4xx_HAL_Driver/Src/stm32f4xx_hal_tim.o
LOAD ./Drivers/STM32F4xx_HAL_Driver/Src/stm32f4xx_hal_tim_ex.o
LOAD ./Drivers/STM32F4xx_HAL_Driver/Src/stm32f4xx_hal_uart.o
LOAD ./Drivers/STM32F4xx_HAL_Driver/Src/stm32f4xx_ll_fmc.o
LOAD ./Drivers/STM32F4xx_HAL_Driver/Src/stm32f4xx_ll_usb.o
LOAD ../Drivers/CMSIS/Lib/GCC/libarm_cortexM4lf_math.a
START GROUP
LOAD /Applications/STM32CubeIDE.app/Contents/Eclipse/plugins/com.st.stm32cube.ide.mcu.externaltools.gnu-tools-for-stm32.10.3-2021.10.macos64_1.0.200.202301161003/tools/bin/../lib/gcc/arm-none-eabi/10.3.1/../../../../arm-none-eabi/lib/thumb/v7e-m+fp/hard/libc_nano.a
LOAD /Applications/STM32CubeIDE.app/Contents/Eclipse/plugins/com.st.stm32cube.ide.mcu.externaltools.gnu-tools-for-stm32.10.3-2021.10.macos64_1.0.200.202301161003/tools/bin/../lib/gcc/arm-none-eabi/10.3.1/../../../../arm-none-eabi/lib/thumb/v7e-m+fp/hard/libm.a
END GROUP
START GROUP
LOAD /Applications/STM32CubeIDE.app/Contents/Eclipse/plugins/com.st.stm32cube.ide.mcu.externaltools.gnu-tools-for-stm32.10.3-2021.10.macos64_1.0.200.202301161003/tools/bin/../lib/gcc/arm-none-eabi/10.3.1/thumb/v7e-m+fp/hard/libgcc.a
LOAD /Applications/STM32CubeIDE.app/Contents/Eclipse/plugins/com.st.stm32cube.ide.mcu.externaltools.gnu-tools-for-stm32.10.3-2021.10.macos64_1.0.200.202301161003/tools/bin/../lib/gcc/arm-none-eabi/10.3.1/../../../../arm-none-eabi/lib/thumb/v7e-m+fp/hard/libc_nano.a
END GROUP
START GROUP
LOAD /Applications/STM32CubeIDE.app/Contents/Eclipse/plugins/com.st.stm32cube.ide.mcu.externaltools.gnu-tools-for-stm32.10.3-2021.10.macos64_1.0.200.202301161003/tools/bin/../lib/gcc/arm-none-eabi/10.3.1/thumb/v7e-m+fp/hard/libgcc.a
LOAD /Applications/STM32CubeIDE.app/Contents/Eclipse/plugins/com.st.stm32cube.ide.mcu.externaltools.gnu-tools-for-stm32.10.3-2021.10.macos64_1.0.200.202301161003/tools/bin/../lib/gcc/arm-none-eabi/10.3.1/../../../../arm-none-eabi/lib/thumb/v7e-m+fp/hard/libc_nano.a
LOAD /Applications/STM32CubeIDE.app/Contents/Eclipse/plugins/com.st.stm32cube.ide.mcu.externaltools.gnu-tools-for-stm32.10.3-2021.10.macos64_1.0.200.202301161003/tools/bin/../lib/gcc/arm-none-eabi/10.3.1/../../../../arm-none-eabi/lib/thumb/v7e-m+fp/hard/libnosys.a
END GROUP
START GROUP
LOAD /Applications/STM32CubeIDE.app/Contents/Eclipse/plugins/com.st.stm32cube.ide.mcu.externaltools.gnu-tools-for-stm32.10.3-2021.10.macos64_1.0.200.202301161003/tools/bin/../lib/gcc/arm-none-eabi/10.3.1/thumb/v7e-m+fp/hard/libgcc.a
LOAD /Applications/STM32CubeIDE.app/Contents/Eclipse/plugins/com.st.stm32cube.ide.mcu.externaltools.gnu-tools-for-stm32.10.3-2021.10.macos64_1.0.200.202301161003/tools/bin/../lib/gcc/arm-none-eabi/10.3.1/../../../../arm-none-eabi/lib/thumb/v7e-m+fp/hard/libc_nano.a
LOAD /Applications/STM32CubeIDE.app/Contents/Eclipse/plugins/com.st.stm32cube.ide.mcu.externaltools.gnu-tools-for-stm32.10.3-2021.10.macos64_1.0.200.202301161003/tools/bin/../lib/gcc/arm-none-eabi/10.3.1/../../../../arm-none-eabi/lib/thumb/v7e-m+fp/hard/libnosys.a
END GROUP
LOAD /Applications/STM32CubeIDE.app/Contents/Eclipse/plugins/com.st.stm32cube.ide.mcu.externaltools.gnu-tools-for-stm32.10.3-2021.10.macos64_1.0.200.202301161003/tools/bin/../lib/gcc/arm-none-eabi/10.3.1/thumb/v7e-m+fp/hard/crtend.o
LOAD /Applications/STM32CubeIDE.app/Contents/Eclipse/plugins/com.st.stm32cube.ide.mcu.externaltools.gnu-tools-for-stm32.10.3-2021.10.macos64_1.0.200.202301161003/tools/bin/../lib/gcc/arm-none-eabi/10.3.1/thumb/v7e-m+fp/hard/crtn.o
                0x0000000020030000                _estack = (ORIGIN (RAM) + LENGTH (RAM))
                0x0000000000000200                _Min_Heap_Size = 0x200
                0x0000000000000400                _Min_Stack_Size = 0x400

.isr_vector     0x0000000008000000      0x1ac
                0x0000000008000000                . = ALIGN (0x4)
 *(.isr_vector)
 .isr_vector    0x0000000008000000      0x1ac ./Core/Startup/startup_stm32f429zitx.o
                0x0000000008000000                g_pfnVectors
                0x00000000080001ac                . = ALIGN (0x4)

.text           0x00000000080001b0     0xc1f8
                0x00000000080001b0                . = ALIGN (0x4)
 *(.text)
 .text          0x00000000080001b0       0x40 /Applications/STM32CubeIDE.app/Contents/Eclipse/plugins/com.st.stm32cube.ide.mcu.externaltools.gnu-tools-for-stm32.10.3-2021.10.macos64_1.0.200.202301161003/tools/bin/../lib/gcc/arm-none-eabi/10.3.1/thumb/v7e-m+fp/hard/crtbegin.o
 .text          0x00000000080001f0       0xc0 ../Drivers/CMSIS/Lib/GCC/libarm_cortexM4lf_math.a(arm_bitreversal2.o)
                0x00000000080001f0                arm_bitreversal_32
                0x000000000800025a                arm_bitreversal_16
 .text          0x00000000080002b0       0x10 /Applications/STM32CubeIDE.app/Contents/Eclipse/plugins/com.st.stm32cube.ide.mcu.externaltools.gnu-tools-for-stm32.10.3-2021.10.macos64_1.0.200.202301161003/tools/bin/../lib/gcc/arm-none-eabi/10.3.1/../../../../arm-none-eabi/lib/thumb/v7e-m+fp/hard/libc_nano.a(lib_a-strlen.o)
                0x00000000080002b0                strlen
 .text          0x00000000080002c0       0xa0 /Applications/STM32CubeIDE.app/Contents/Eclipse/plugins/com.st.stm32cube.ide.mcu.externaltools.gnu-tools-for-stm32.10.3-2021.10.macos64_1.0.200.202301161003/tools/bin/../lib/gcc/arm-none-eabi/10.3.1/../../../../arm-none-eabi/lib/thumb/v7e-m+fp/hard/libc_nano.a(lib_a-memchr.o)
                0x00000000080002c0                memchr
 .text          0x0000000008000360      0x378 /Applications/STM32CubeIDE.app/Contents/Eclipse/plugins/com.st.stm32cube.ide.mcu.externaltools.gnu-tools-for-stm32.10.3-2021.10.macos64_1.0.200.202301161003/tools/bin/../lib/gcc/arm-none-eabi/10.3.1/thumb/v7e-m+fp/hard/libgcc.a(_arm_addsubdf3.o)
                0x0000000008000360                __aeabi_drsub
                0x0000000008000368                __subdf3
                0x0000000008000368                __aeabi_dsub
                0x000000000800036c                __aeabi_dadd
                0x000000000800036c                __adddf3
                0x00000000080005e4                __aeabi_ui2d
                0x00000000080005e4                __floatunsidf
                0x0000000008000604                __floatsidf
                0x0000000008000604                __aeabi_i2d
                0x0000000008000628                __extendsfdf2
                0x0000000008000628                __aeabi_f2d
                0x000000000800066c                __aeabi_ul2d
                0x000000000800066c                __floatundidf
                0x000000000800067c                __aeabi_l2d
                0x000000000800067c                __floatdidf
 .text          0x00000000080006d8      0x424 /Applications/STM32CubeIDE.app/Contents/Eclipse/plugins/com.st.stm32cube.ide.mcu.externaltools.gnu-tools-for-stm32.10.3-2021.10.macos64_1.0.200.202301161003/tools/bin/../lib/gcc/arm-none-eabi/10.3.1/thumb/v7e-m+fp/hard/libgcc.a(_arm_muldivdf3.o)
                0x00000000080006d8                __aeabi_dmul
                0x00000000080006d8                __muldf3
                0x000000000800092c                __aeabi_ddiv
                0x000000000800092c                __divdf3
 .text          0x0000000008000afc      0x110 /Applications/STM32CubeIDE.app/Contents/Eclipse/plugins/com.st.stm32cube.ide.mcu.externaltools.gnu-tools-for-stm32.10.3-2021.10.macos64_1.0.200.202301161003/tools/bin/../lib/gcc/arm-none-eabi/10.3.1/thumb/v7e-m+fp/hard/libgcc.a(_arm_cmpdf2.o)
                0x0000000008000afc                __gedf2
                0x0000000008000afc                __gtdf2
                0x0000000008000b04                __ledf2
                0x0000000008000b04                __ltdf2
                0x0000000008000b0c                __cmpdf2
                0x0000000008000b0c                __eqdf2
                0x0000000008000b0c                __nedf2
                0x0000000008000b88                __aeabi_cdrcmple
                0x0000000008000b98                __aeabi_cdcmple
                0x0000000008000b98                __aeabi_cdcmpeq
                0x0000000008000ba8                __aeabi_dcmpeq
                0x0000000008000bbc                __aeabi_dcmplt
                0x0000000008000bd0                __aeabi_dcmple
                0x0000000008000be4                __aeabi_dcmpge
                0x0000000008000bf8                __aeabi_dcmpgt
 .text          0x0000000008000c0c       0x2c /Applications/STM32CubeIDE.app/Contents/Eclipse/plugins/com.st.stm32cube.ide.mcu.externaltools.gnu-tools-for-stm32.10.3-2021.10.macos64_1.0.200.202301161003/tools/bin/../lib/gcc/arm-none-eabi/10.3.1/thumb/v7e-m+fp/hard/libgcc.a(_arm_unorddf2.o)
                0x0000000008000c0c                __aeabi_dcmpun
                0x0000000008000c0c                __unorddf2
 .text          0x0000000008000c38       0x50 /Applications/STM32CubeIDE.app/Contents/Eclipse/plugins/com.st.stm32cube.ide.mcu.externaltools.gnu-tools-for-stm32.10.3-2021.10.macos64_1.0.200.202301161003/tools/bin/../lib/gcc/arm-none-eabi/10.3.1/thumb/v7e-m+fp/hard/libgcc.a(_arm_fixdfsi.o)
                0x0000000008000c38                __fixdfsi
                0x0000000008000c38                __aeabi_d2iz
 .text          0x0000000008000c88       0xa0 /Applications/STM32CubeIDE.app/Contents/Eclipse/plugins/com.st.stm32cube.ide.mcu.externaltools.gnu-tools-for-stm32.10.3-2021.10.macos64_1.0.200.202301161003/tools/bin/../lib/gcc/arm-none-eabi/10.3.1/thumb/v7e-m+fp/hard/libgcc.a(_arm_truncdfsf2.o)
                0x0000000008000c88                __aeabi_d2f
                0x0000000008000c88                __truncdfsf2
 .text          0x0000000008000d28       0x30 /Applications/STM32CubeIDE.app/Contents/Eclipse/plugins/com.st.stm32cube.ide.mcu.externaltools.gnu-tools-for-stm32.10.3-2021.10.macos64_1.0.200.202301161003/tools/bin/../lib/gcc/arm-none-eabi/10.3.1/thumb/v7e-m+fp/hard/libgcc.a(_aeabi_uldivmod.o)
                0x0000000008000d28                __aeabi_uldivmod
 .text          0x0000000008000d58      0x2d0 /Applications/STM32CubeIDE.app/Contents/Eclipse/plugins/com.st.stm32cube.ide.mcu.externaltools.gnu-tools-for-stm32.10.3-2021.10.macos64_1.0.200.202301161003/tools/bin/../lib/gcc/arm-none-eabi/10.3.1/thumb/v7e-m+fp/hard/libgcc.a(_udivmoddi4.o)
                0x0000000008000d58                __udivmoddi4
 .text          0x0000000008001028        0x4 /Applications/STM32CubeIDE.app/Contents/Eclipse/plugins/com.st.stm32cube.ide.mcu.externaltools.gnu-tools-for-stm32.10.3-2021.10.macos64_1.0.200.202301161003/tools/bin/../lib/gcc/arm-none-eabi/10.3.1/thumb/v7e-m+fp/hard/libgcc.a(_dvmd_tls.o)
                0x0000000008001028                __aeabi_ldiv0
                0x0000000008001028                __aeabi_idiv0
 *(.text*)
 .text.arm_cfft_init_f32
                0x000000000800102c      0x1a4 ./Core/Src/arm_cfft_init_f32.o
                0x000000000800102c                arm_cfft_init_f32
 .text.main     0x00000000080011d0      0x230 ./Core/Src/main.o
                0x00000000080011d0                main
 .text.SystemClock_Config
                0x0000000008001400       0xfc ./Core/Src/main.o
 .text.gyro_disable
                0x00000000080014fc       0xc0 ./Core/Src/main.o
 .text.__NVIC_EnableIRQ
                0x00000000080015bc       0x3c ./Core/Src/measuring.o
 .text.__NVIC_DisableIRQ
                0x00000000080015f8       0x48 ./Core/Src/measuring.o
 .text.__NVIC_ClearPendingIRQ
                0x0000000008001640       0x3c ./Core/Src/measuring.o
 .text.roundToAccuracy
                0x000000000800167c       0x38 ./Core/Src/measuring.o
                0x000000000800167c                roundToAccuracy
 .text.MEAS_GPIO_analog_init
                0x00000000080016b4       0x9c ./Core/Src/measuring.o
                0x00000000080016b4                MEAS_GPIO_analog_init
 .text.DAC_reset
                0x0000000008001750       0x2c ./Core/Src/measuring.o
                0x0000000008001750                DAC_reset
 .text.DAC_init
                0x000000000800177c       0x44 ./Core/Src/measuring.o
                0x000000000800177c                DAC_init
 .text.DAC_increment
                0x00000000080017c0       0x38 ./Core/Src/measuring.o
                0x00000000080017c0                DAC_increment
 .text.ADC_reset
                0x00000000080017f8       0x3c ./Core/Src/measuring.o
                0x00000000080017f8                ADC_reset
 .text.MEAS_timer_init
                0x0000000008001834       0x6c ./Core/Src/measuring.o
                0x0000000008001834                MEAS_timer_init
 .text.ADC1_IN13_ADC2_IN11_dual_init
                0x00000000080018a0      0x154 ./Core/Src/measuring.o
                0x00000000080018a0                ADC1_IN13_ADC2_IN11_dual_init
 .text.ADC1_IN13_ADC2_IN11_dual_start
                0x00000000080019f4       0x54 ./Core/Src/measuring.o
                0x00000000080019f4                ADC1_IN13_ADC2_IN11_dual_start
 .text.TIM2_IRQHandler
                0x0000000008001a48       0x28 ./Core/Src/measuring.o
                0x0000000008001a48                TIM2_IRQHandler
 .text.ADC_IRQHandler
                0x0000000008001a70       0x74 ./Core/Src/measuring.o
                0x0000000008001a70                ADC_IRQHandler
 .text.DMA2_Stream4_IRQHandler
                0x0000000008001ae4      0x100 ./Core/Src/measuring.o
                0x0000000008001ae4                DMA2_Stream4_IRQHandler
 .text.MEAS_show_data
                0x0000000008001be4       0xc4 ./Core/Src/measuring.o
                0x0000000008001be4                MEAS_show_data
 .text.MENU_draw
                0x0000000008001ca8      0x114 ./Core/Src/menu.o
                0x0000000008001ca8                MENU_draw
 .text.MENU_hint
                0x0000000008001dbc       0x5c ./Core/Src/menu.o
                0x0000000008001dbc                MENU_hint
 .text.MENU_get_transition
                0x0000000008001e18       0x24 ./Core/Src/menu.o
                0x0000000008001e18                MENU_get_transition
 .text.MENU_check_transition
                0x0000000008001e3c       0xd0 ./Core/Src/menu.o
                0x0000000008001e3c                MENU_check_transition
 .text.EXTI15_10_IRQHandler
                0x0000000008001f0c       0x44 ./Core/Src/menu.o
                0x0000000008001f0c                EXTI15_10_IRQHandler
 .text.__NVIC_EnableIRQ
                0x0000000008001f50       0x3c ./Core/Src/pushbutton.o
 .text.__NVIC_ClearPendingIRQ
                0x0000000008001f8c       0x3c ./Core/Src/pushbutton.o
 .text.PB_init  0x0000000008001fc8       0x40 ./Core/Src/pushbutton.o
                0x0000000008001fc8                PB_init
 .text.PB_enableIRQ
                0x0000000008002008       0x64 ./Core/Src/pushbutton.o
                0x0000000008002008                PB_enableIRQ
 .text.PB_pressed
                0x000000000800206c       0x24 ./Core/Src/pushbutton.o
                0x000000000800206c                PB_pressed
 .text.EXTI0_IRQHandler
                0x0000000008002090       0x34 ./Core/Src/pushbutton.o
                0x0000000008002090                EXTI0_IRQHandler
 .text.NMI_Handler
                0x00000000080020c4        0xe ./Core/Src/stm32f4xx_it.o
                0x00000000080020c4                NMI_Handler
 .text.HardFault_Handler
                0x00000000080020d2        0x6 ./Core/Src/stm32f4xx_it.o
                0x00000000080020d2                HardFault_Handler
 .text.MemManage_Handler
                0x00000000080020d8        0x6 ./Core/Src/stm32f4xx_it.o
                0x00000000080020d8                MemManage_Handler
 .text.BusFault_Handler
                0x00000000080020de        0x6 ./Core/Src/stm32f4xx_it.o
                0x00000000080020de                BusFault_Handler
 .text.UsageFault_Handler
                0x00000000080020e4        0x6 ./Core/Src/stm32f4xx_it.o
                0x00000000080020e4                UsageFault_Handler
 .text.SVC_Handler
                0x00000000080020ea        0xe ./Core/Src/stm32f4xx_it.o
                0x00000000080020ea                SVC_Handler
 .text.DebugMon_Handler
                0x00000000080020f8        0xe ./Core/Src/stm32f4xx_it.o
                0x00000000080020f8                DebugMon_Handler
 .text.PendSV_Handler
                0x0000000008002106        0xe ./Core/Src/stm32f4xx_it.o
                0x0000000008002106                PendSV_Handler
 .text.SysTick_Handler
                0x0000000008002114        0xc ./Core/Src/stm32f4xx_it.o
                0x0000000008002114                SysTick_Handler
 .text.SystemInit
                0x0000000008002120       0x6c ./Core/Src/system_stm32f4xx.o
                0x0000000008002120                SystemInit
 .text.Reset_Handler
                0x000000000800218c       0x50 ./Core/Startup/startup_stm32f429zitx.o
                0x000000000800218c                Reset_Handler
 .text.Default_Handler
                0x00000000080021dc        0x2 ./Core/Startup/startup_stm32f429zitx.o
                0x00000000080021dc                DMA1_Stream3_IRQHandler
                0x00000000080021dc                HASH_RNG_IRQHandler
                0x00000000080021dc                EXTI2_IRQHandler
                0x00000000080021dc                TIM8_CC_IRQHandler
                0x00000000080021dc                UART8_IRQHandler
                0x00000000080021dc                SPI4_IRQHandler
                0x00000000080021dc                TIM1_CC_IRQHandler
                0x00000000080021dc                DMA2_Stream5_IRQHandler
                0x00000000080021dc                DMA1_Stream5_IRQHandler
                0x00000000080021dc                PVD_IRQHandler
                0x00000000080021dc                SDIO_IRQHandler
                0x00000000080021dc                TAMP_STAMP_IRQHandler
                0x00000000080021dc                CAN2_RX1_IRQHandler
                0x00000000080021dc                EXTI3_IRQHandler
                0x00000000080021dc                TIM8_TRG_COM_TIM14_IRQHandler
                0x00000000080021dc                TIM1_UP_TIM10_IRQHandler
                0x00000000080021dc                TIM8_UP_TIM13_IRQHandler
                0x00000000080021dc                I2C3_ER_IRQHandler
                0x00000000080021dc                I2C2_EV_IRQHandler
                0x00000000080021dc                DMA1_Stream2_IRQHandler
                0x00000000080021dc                CAN1_RX0_IRQHandler
                0x00000000080021dc                FPU_IRQHandler
                0x00000000080021dc                OTG_HS_WKUP_IRQHandler
                0x00000000080021dc                LTDC_ER_IRQHandler
                0x00000000080021dc                CAN2_SCE_IRQHandler
                0x00000000080021dc                DMA2_Stream2_IRQHandler
                0x00000000080021dc                SPI1_IRQHandler
                0x00000000080021dc                TIM6_DAC_IRQHandler
                0x00000000080021dc                TIM1_BRK_TIM9_IRQHandler
                0x00000000080021dc                DCMI_IRQHandler
                0x00000000080021dc                CAN2_RX0_IRQHandler
                0x00000000080021dc                DMA2_Stream3_IRQHandler
                0x00000000080021dc                USART6_IRQHandler
                0x00000000080021dc                USART3_IRQHandler
                0x00000000080021dc                CAN1_RX1_IRQHandler
                0x00000000080021dc                UART5_IRQHandler
                0x00000000080021dc                DMA2_Stream0_IRQHandler
                0x00000000080021dc                TIM4_IRQHandler
                0x00000000080021dc                I2C1_EV_IRQHandler
                0x00000000080021dc                DMA1_Stream6_IRQHandler
                0x00000000080021dc                DMA1_Stream1_IRQHandler
                0x00000000080021dc                UART4_IRQHandler
                0x00000000080021dc                TIM3_IRQHandler
                0x00000000080021dc                RCC_IRQHandler
                0x00000000080021dc                TIM8_BRK_TIM12_IRQHandler
                0x00000000080021dc                Default_Handler
                0x00000000080021dc                DMA1_Stream7_IRQHandler
                0x00000000080021dc                SPI5_IRQHandler
                0x00000000080021dc                TIM7_IRQHandler
                0x00000000080021dc                CAN2_TX_IRQHandler
                0x00000000080021dc                TIM5_IRQHandler
                0x00000000080021dc                DMA2_Stream7_IRQHandler
                0x00000000080021dc                I2C3_EV_IRQHandler
                0x00000000080021dc                EXTI9_5_IRQHandler
                0x00000000080021dc                RTC_WKUP_IRQHandler
                0x00000000080021dc                LTDC_IRQHandler
                0x00000000080021dc                ETH_WKUP_IRQHandler
                0x00000000080021dc                SPI2_IRQHandler
                0x00000000080021dc                OTG_HS_EP1_IN_IRQHandler
                0x00000000080021dc                DMA1_Stream0_IRQHandler
                0x00000000080021dc                CAN1_TX_IRQHandler
                0x00000000080021dc                EXTI4_IRQHandler
                0x00000000080021dc                ETH_IRQHandler
                0x00000000080021dc                OTG_HS_EP1_OUT_IRQHandler
                0x00000000080021dc                WWDG_IRQHandler
                0x00000000080021dc                SPI6_IRQHandler
                0x00000000080021dc                OTG_FS_WKUP_IRQHandler
                0x00000000080021dc                TIM1_TRG_COM_TIM11_IRQHandler
                0x00000000080021dc                OTG_HS_IRQHandler
                0x00000000080021dc                DMA2D_IRQHandler
                0x00000000080021dc                EXTI1_IRQHandler
                0x00000000080021dc                UART7_IRQHandler
                0x00000000080021dc                USART2_IRQHandler
                0x00000000080021dc                I2C2_ER_IRQHandler
                0x00000000080021dc                DMA2_Stream1_IRQHandler
                0x00000000080021dc                CAN1_SCE_IRQHandler
                0x00000000080021dc                FLASH_IRQHandler
                0x00000000080021dc                USART1_IRQHandler
                0x00000000080021dc                OTG_FS_IRQHandler
                0x00000000080021dc                SPI3_IRQHandler
                0x00000000080021dc                DMA1_Stream4_IRQHandler
                0x00000000080021dc                I2C1_ER_IRQHandler
                0x00000000080021dc                FMC_IRQHandler
                0x00000000080021dc                DMA2_Stream6_IRQHandler
                0x00000000080021dc                SAI1_IRQHandler
                0x00000000080021dc                RTC_Alarm_IRQHandler
 .text.ili9341_Init
                0x00000000080021de      0x294 ./Drivers/BSP/Components/ili9341/ili9341.o
                0x00000000080021de                ili9341_Init
 .text.ili9341_ReadID
                0x0000000008002472       0x18 ./Drivers/BSP/Components/ili9341/ili9341.o
                0x0000000008002472                ili9341_ReadID
 .text.ili9341_DisplayOn
                0x000000000800248a        0xe ./Drivers/BSP/Components/ili9341/ili9341.o
                0x000000000800248a                ili9341_DisplayOn
 .text.ili9341_DisplayOff
                0x0000000008002498        0xe ./Drivers/BSP/Components/ili9341/ili9341.o
                0x0000000008002498                ili9341_DisplayOff
 .text.ili9341_WriteReg
                0x00000000080024a6       0x1a ./Drivers/BSP/Components/ili9341/ili9341.o
                0x00000000080024a6                ili9341_WriteReg
 .text.ili9341_WriteData
                0x00000000080024c0       0x1a ./Drivers/BSP/Components/ili9341/ili9341.o
                0x00000000080024c0                ili9341_WriteData
 .text.ili9341_ReadData
                0x00000000080024da       0x26 ./Drivers/BSP/Components/ili9341/ili9341.o
                0x00000000080024da                ili9341_ReadData
 .text.ili9341_GetLcdPixelWidth
                0x0000000008002500       0x10 ./Drivers/BSP/Components/ili9341/ili9341.o
                0x0000000008002500                ili9341_GetLcdPixelWidth
 .text.ili9341_GetLcdPixelHeight
                0x0000000008002510       0x12 ./Drivers/BSP/Components/ili9341/ili9341.o
                0x0000000008002510                ili9341_GetLcdPixelHeight
 *fill*         0x0000000008002522        0x2 
 .text.stmpe811_Init
                0x0000000008002524       0x50 ./Drivers/BSP/Components/stmpe811/stmpe811.o
                0x0000000008002524                stmpe811_Init
 .text.stmpe811_Reset
                0x0000000008002574       0x3a ./Drivers/BSP/Components/stmpe811/stmpe811.o
                0x0000000008002574                stmpe811_Reset
 .text.stmpe811_ReadID
                0x00000000080025ae       0x3e ./Drivers/BSP/Components/stmpe811/stmpe811.o
                0x00000000080025ae                stmpe811_ReadID
 .text.stmpe811_EnableGlobalIT
                0x00000000080025ec       0x3c ./Drivers/BSP/Components/stmpe811/stmpe811.o
                0x00000000080025ec                stmpe811_EnableGlobalIT
 .text.stmpe811_DisableGlobalIT
                0x0000000008002628       0x3c ./Drivers/BSP/Components/stmpe811/stmpe811.o
                0x0000000008002628                stmpe811_DisableGlobalIT
 .text.stmpe811_EnableITSource
                0x0000000008002664       0x42 ./Drivers/BSP/Components/stmpe811/stmpe811.o
                0x0000000008002664                stmpe811_EnableITSource
 .text.stmpe811_DisableITSource
                0x00000000080026a6       0x4c ./Drivers/BSP/Components/stmpe811/stmpe811.o
                0x00000000080026a6                stmpe811_DisableITSource
 .text.stmpe811_ReadGITStatus
                0x00000000080026f2       0x2e ./Drivers/BSP/Components/stmpe811/stmpe811.o
                0x00000000080026f2                stmpe811_ReadGITStatus
 .text.stmpe811_ClearGlobalIT
                0x0000000008002720       0x26 ./Drivers/BSP/Components/stmpe811/stmpe811.o
                0x0000000008002720                stmpe811_ClearGlobalIT
 .text.stmpe811_IO_EnableAF
                0x0000000008002746       0x48 ./Drivers/BSP/Components/stmpe811/stmpe811.o
                0x0000000008002746                stmpe811_IO_EnableAF
 .text.stmpe811_TS_Start
                0x000000000800278e       0xf0 ./Drivers/BSP/Components/stmpe811/stmpe811.o
                0x000000000800278e                stmpe811_TS_Start
 .text.stmpe811_TS_DetectTouch
                0x000000000800287e       0x70 ./Drivers/BSP/Components/stmpe811/stmpe811.o
                0x000000000800287e                stmpe811_TS_DetectTouch
 .text.stmpe811_TS_GetXY
                0x00000000080028ee       0x72 ./Drivers/BSP/Components/stmpe811/stmpe811.o
                0x00000000080028ee                stmpe811_TS_GetXY
 .text.stmpe811_TS_EnableIT
                0x0000000008002960       0x28 ./Drivers/BSP/Components/stmpe811/stmpe811.o
                0x0000000008002960                stmpe811_TS_EnableIT
 .text.stmpe811_TS_DisableIT
                0x0000000008002988       0x24 ./Drivers/BSP/Components/stmpe811/stmpe811.o
                0x0000000008002988                stmpe811_TS_DisableIT
 .text.stmpe811_TS_ITStatus
                0x00000000080029ac       0x1e ./Drivers/BSP/Components/stmpe811/stmpe811.o
                0x00000000080029ac                stmpe811_TS_ITStatus
 .text.stmpe811_TS_ClearIT
                0x00000000080029ca       0x1c ./Drivers/BSP/Components/stmpe811/stmpe811.o
                0x00000000080029ca                stmpe811_TS_ClearIT
 *fill*         0x00000000080029e6        0x2 
 .text.stmpe811_GetInstance
                0x00000000080029e8       0x44 ./Drivers/BSP/Components/stmpe811/stmpe811.o
 .text.BSP_LED_Init
                0x0000000008002a2c       0xa8 ./Drivers/BSP/STM32F429I-Discovery/stm32f429i_discovery.o
                0x0000000008002a2c                BSP_LED_Init
 .text.BSP_LED_On
                0x0000000008002ad4       0x34 ./Drivers/BSP/STM32F429I-Discovery/stm32f429i_discovery.o
                0x0000000008002ad4                BSP_LED_On
 .text.BSP_LED_Off
                0x0000000008002b08       0x34 ./Drivers/BSP/STM32F429I-Discovery/stm32f429i_discovery.o
                0x0000000008002b08                BSP_LED_Off
 .text.BSP_LED_Toggle
                0x0000000008002b3c       0x34 ./Drivers/BSP/STM32F429I-Discovery/stm32f429i_discovery.o
                0x0000000008002b3c                BSP_LED_Toggle
 .text.I2Cx_MspInit
                0x0000000008002b70       0xec ./Drivers/BSP/STM32F429I-Discovery/stm32f429i_discovery.o
 .text.I2Cx_Init
                0x0000000008002c5c       0x64 ./Drivers/BSP/STM32F429I-Discovery/stm32f429i_discovery.o
 .text.I2Cx_ITConfig
                0x0000000008002cc0       0x64 ./Drivers/BSP/STM32F429I-Discovery/stm32f429i_discovery.o
 .text.I2Cx_WriteData
                0x0000000008002d24       0x54 ./Drivers/BSP/STM32F429I-Discovery/stm32f429i_discovery.o
 .text.I2Cx_ReadData
                0x0000000008002d78       0x58 ./Drivers/BSP/STM32F429I-Discovery/stm32f429i_discovery.o
 .text.I2Cx_ReadBuffer
                0x0000000008002dd0       0x5c ./Drivers/BSP/STM32F429I-Discovery/stm32f429i_discovery.o
 .text.I2Cx_Error
                0x0000000008002e2c       0x18 ./Drivers/BSP/STM32F429I-Discovery/stm32f429i_discovery.o
 .text.SPIx_Init
                0x0000000008002e44       0x74 ./Drivers/BSP/STM32F429I-Discovery/stm32f429i_discovery.o
 .text.SPIx_Read
                0x0000000008002eb8       0x40 ./Drivers/BSP/STM32F429I-Discovery/stm32f429i_discovery.o
 .text.SPIx_Write
                0x0000000008002ef8       0x3c ./Drivers/BSP/STM32F429I-Discovery/stm32f429i_discovery.o
 .text.SPIx_Error
                0x0000000008002f34       0x18 ./Drivers/BSP/STM32F429I-Discovery/stm32f429i_discovery.o
 .text.SPIx_MspInit
                0x0000000008002f4c       0x74 ./Drivers/BSP/STM32F429I-Discovery/stm32f429i_discovery.o
 .text.LCD_IO_Init
                0x0000000008002fc0       0xf0 ./Drivers/BSP/STM32F429I-Discovery/stm32f429i_discovery.o
                0x0000000008002fc0                LCD_IO_Init
 .text.LCD_IO_WriteData
                0x00000000080030b0       0x44 ./Drivers/BSP/STM32F429I-Discovery/stm32f429i_discovery.o
                0x00000000080030b0                LCD_IO_WriteData
 .text.LCD_IO_WriteReg
                0x00000000080030f4       0x44 ./Drivers/BSP/STM32F429I-Discovery/stm32f429i_discovery.o
                0x00000000080030f4                LCD_IO_WriteReg
 .text.LCD_IO_ReadData
                0x0000000008003138       0x64 ./Drivers/BSP/STM32F429I-Discovery/stm32f429i_discovery.o
                0x0000000008003138                LCD_IO_ReadData
 .text.LCD_Delay
                0x000000000800319c       0x16 ./Drivers/BSP/STM32F429I-Discovery/stm32f429i_discovery.o
                0x000000000800319c                LCD_Delay
 .text.IOE_Init
                0x00000000080031b2        0xc ./Drivers/BSP/STM32F429I-Discovery/stm32f429i_discovery.o
                0x00000000080031b2                IOE_Init
 .text.IOE_ITConfig
                0x00000000080031be        0xc ./Drivers/BSP/STM32F429I-Discovery/stm32f429i_discovery.o
                0x00000000080031be                IOE_ITConfig
 .text.IOE_Write
                0x00000000080031ca       0x26 ./Drivers/BSP/STM32F429I-Discovery/stm32f429i_discovery.o
                0x00000000080031ca                IOE_Write
 .text.IOE_Read
                0x00000000080031f0       0x26 ./Drivers/BSP/STM32F429I-Discovery/stm32f429i_discovery.o
                0x00000000080031f0                IOE_Read
 .text.IOE_ReadMultiple
                0x0000000008003216       0x2e ./Drivers/BSP/STM32F429I-Discovery/stm32f429i_discovery.o
                0x0000000008003216                IOE_ReadMultiple
 .text.IOE_Delay
                0x0000000008003244       0x16 ./Drivers/BSP/STM32F429I-Discovery/stm32f429i_discovery.o
                0x0000000008003244                IOE_Delay
 *fill*         0x000000000800325a        0x2 
 .text.BSP_LCD_Init_Flipped
                0x000000000800325c       0x18 ./Drivers/BSP/STM32F429I-Discovery/stm32f429i_discovery_lcd.o
                0x000000000800325c                BSP_LCD_Init_Flipped
 .text.BSP_LCD_Init
                0x0000000008003274       0xd4 ./Drivers/BSP/STM32F429I-Discovery/stm32f429i_discovery_lcd.o
                0x0000000008003274                BSP_LCD_Init
 .text.BSP_LCD_GetXSize
                0x0000000008003348       0x18 ./Drivers/BSP/STM32F429I-Discovery/stm32f429i_discovery_lcd.o
                0x0000000008003348                BSP_LCD_GetXSize
 .text.BSP_LCD_GetYSize
                0x0000000008003360       0x18 ./Drivers/BSP/STM32F429I-Discovery/stm32f429i_discovery_lcd.o
                0x0000000008003360                BSP_LCD_GetYSize
 .text.BSP_LCD_LayerDefaultInit
                0x0000000008003378       0xc8 ./Drivers/BSP/STM32F429I-Discovery/stm32f429i_discovery_lcd.o
                0x0000000008003378                BSP_LCD_LayerDefaultInit
 .text.BSP_LCD_SelectLayer
                0x0000000008003440       0x20 ./Drivers/BSP/STM32F429I-Discovery/stm32f429i_discovery_lcd.o
                0x0000000008003440                BSP_LCD_SelectLayer
 .text.BSP_LCD_SetTextColor
                0x0000000008003460       0x30 ./Drivers/BSP/STM32F429I-Discovery/stm32f429i_discovery_lcd.o
                0x0000000008003460                BSP_LCD_SetTextColor
 .text.BSP_LCD_SetBackColor
                0x0000000008003490       0x34 ./Drivers/BSP/STM32F429I-Discovery/stm32f429i_discovery_lcd.o
                0x0000000008003490                BSP_LCD_SetBackColor
 .text.BSP_LCD_SetFont
                0x00000000080034c4       0x34 ./Drivers/BSP/STM32F429I-Discovery/stm32f429i_discovery_lcd.o
                0x00000000080034c4                BSP_LCD_SetFont
 .text.BSP_LCD_Clear
                0x00000000080034f8       0x50 ./Drivers/BSP/STM32F429I-Discovery/stm32f429i_discovery_lcd.o
                0x00000000080034f8                BSP_LCD_Clear
 .text.BSP_LCD_DisplayChar
                0x0000000008003548       0x88 ./Drivers/BSP/STM32F429I-Discovery/stm32f429i_discovery_lcd.o
                0x0000000008003548                BSP_LCD_DisplayChar
 .text.BSP_LCD_DisplayStringAt
                0x00000000080035d0      0x17c ./Drivers/BSP/STM32F429I-Discovery/stm32f429i_discovery_lcd.o
                0x00000000080035d0                BSP_LCD_DisplayStringAt
 .text.BSP_LCD_FillRect
                0x000000000800374c       0xf8 ./Drivers/BSP/STM32F429I-Discovery/stm32f429i_discovery_lcd.o
                0x000000000800374c                BSP_LCD_FillRect
 .text.BSP_LCD_DisplayOn
                0x0000000008003844       0x20 ./Drivers/BSP/STM32F429I-Discovery/stm32f429i_discovery_lcd.o
                0x0000000008003844                BSP_LCD_DisplayOn
 .text.BSP_LCD_MspInit
                0x0000000008003864      0x1ac ./Drivers/BSP/STM32F429I-Discovery/stm32f429i_discovery_lcd.o
                0x0000000008003864                BSP_LCD_MspInit
 .text.BSP_LCD_DrawPixel
                0x0000000008003a10       0x8c ./Drivers/BSP/STM32F429I-Discovery/stm32f429i_discovery_lcd.o
                0x0000000008003a10                BSP_LCD_DrawPixel
 .text.DrawChar
                0x0000000008003a9c      0x174 ./Drivers/BSP/STM32F429I-Discovery/stm32f429i_discovery_lcd.o
 .text.FillBuffer
                0x0000000008003c10       0x70 ./Drivers/BSP/STM32F429I-Discovery/stm32f429i_discovery_lcd.o
 .text.BSP_SDRAM_Init
                0x0000000008003c80       0xbc ./Drivers/BSP/STM32F429I-Discovery/stm32f429i_discovery_sdram.o
                0x0000000008003c80                BSP_SDRAM_Init
 .text.BSP_SDRAM_Initialization_sequence
                0x0000000008003d3c       0xc0 ./Drivers/BSP/STM32F429I-Discovery/stm32f429i_discovery_sdram.o
                0x0000000008003d3c                BSP_SDRAM_Initialization_sequence
 .text.BSP_SDRAM_MspInit
                0x0000000008003dfc      0x218 ./Drivers/BSP/STM32F429I-Discovery/stm32f429i_discovery_sdram.o
                0x0000000008003dfc                BSP_SDRAM_MspInit
 .text.BSP_TS_Init
                0x0000000008004014       0x74 ./Drivers/BSP/STM32F429I-Discovery/stm32f429i_discovery_ts.o
                0x0000000008004014                BSP_TS_Init
 .text.BSP_TS_ITGetStatus
                0x0000000008004088       0x18 ./Drivers/BSP/STM32F429I-Discovery/stm32f429i_discovery_ts.o
                0x0000000008004088                BSP_TS_ITGetStatus
 .text.BSP_TS_GetState
                0x00000000080040a0      0x164 ./Drivers/BSP/STM32F429I-Discovery/stm32f429i_discovery_ts.o
                0x00000000080040a0                BSP_TS_GetState
 .text.BSP_TS_ITClear
                0x0000000008004204       0x18 ./Drivers/BSP/STM32F429I-Discovery/stm32f429i_discovery_ts.o
                0x0000000008004204                BSP_TS_ITClear
 .text.HAL_Init
                0x000000000800421c       0x44 ./Drivers/STM32F4xx_HAL_Driver/Src/stm32f4xx_hal.o
                0x000000000800421c                HAL_Init
 .text.HAL_MspInit
                0x0000000008004260        0xe ./Drivers/STM32F4xx_HAL_Driver/Src/stm32f4xx_hal.o
                0x0000000008004260                HAL_MspInit
 *fill*         0x000000000800426e        0x2 
 .text.HAL_InitTick
                0x0000000008004270       0x60 ./Drivers/STM32F4xx_HAL_Driver/Src/stm32f4xx_hal.o
                0x0000000008004270                HAL_InitTick
 .text.HAL_IncTick
                0x00000000080042d0       0x28 ./Drivers/STM32F4xx_HAL_Driver/Src/stm32f4xx_hal.o
                0x00000000080042d0                HAL_IncTick
 .text.HAL_GetTick
                0x00000000080042f8       0x18 ./Drivers/STM32F4xx_HAL_Driver/Src/stm32f4xx_hal.o
                0x00000000080042f8                HAL_GetTick
 .text.HAL_Delay
                0x0000000008004310       0x48 ./Drivers/STM32F4xx_HAL_Driver/Src/stm32f4xx_hal.o
                0x0000000008004310                HAL_Delay
 .text.__NVIC_SetPriorityGrouping
                0x0000000008004358       0x48 ./Drivers/STM32F4xx_HAL_Driver/Src/stm32f4xx_hal_cortex.o
 .text.__NVIC_GetPriorityGrouping
                0x00000000080043a0       0x1c ./Drivers/STM32F4xx_HAL_Driver/Src/stm32f4xx_hal_cortex.o
 .text.__NVIC_EnableIRQ
                0x00000000080043bc       0x3c ./Drivers/STM32F4xx_HAL_Driver/Src/stm32f4xx_hal_cortex.o
 .text.__NVIC_SetPriority
                0x00000000080043f8       0x54 ./Drivers/STM32F4xx_HAL_Driver/Src/stm32f4xx_hal_cortex.o
 .text.NVIC_EncodePriority
                0x000000000800444c       0x66 ./Drivers/STM32F4xx_HAL_Driver/Src/stm32f4xx_hal_cortex.o
 *fill*         0x00000000080044b2        0x2 
 .text.SysTick_Config
                0x00000000080044b4       0x44 ./Drivers/STM32F4xx_HAL_Driver/Src/stm32f4xx_hal_cortex.o
 .text.HAL_NVIC_SetPriorityGrouping
                0x00000000080044f8       0x16 ./Drivers/STM32F4xx_HAL_Driver/Src/stm32f4xx_hal_cortex.o
                0x00000000080044f8                HAL_NVIC_SetPriorityGrouping
 .text.HAL_NVIC_SetPriority
                0x000000000800450e       0x38 ./Drivers/STM32F4xx_HAL_Driver/Src/stm32f4xx_hal_cortex.o
                0x000000000800450e                HAL_NVIC_SetPriority
 .text.HAL_NVIC_EnableIRQ
                0x0000000008004546       0x1c ./Drivers/STM32F4xx_HAL_Driver/Src/stm32f4xx_hal_cortex.o
                0x0000000008004546                HAL_NVIC_EnableIRQ
 .text.HAL_SYSTICK_Config
                0x0000000008004562       0x18 ./Drivers/STM32F4xx_HAL_Driver/Src/stm32f4xx_hal_cortex.o
                0x0000000008004562                HAL_SYSTICK_Config
 *fill*         0x000000000800457a        0x2 
 .text.HAL_DMA_Init
                0x000000000800457c      0x15c ./Drivers/STM32F4xx_HAL_Driver/Src/stm32f4xx_hal_dma.o
                0x000000000800457c                HAL_DMA_Init
 .text.HAL_DMA_DeInit
                0x00000000080046d8       0xbc ./Drivers/STM32F4xx_HAL_Driver/Src/stm32f4xx_hal_dma.o
                0x00000000080046d8                HAL_DMA_DeInit
 .text.DMA_CalcBaseAndBitshift
                0x0000000008004794       0x6c ./Drivers/STM32F4xx_HAL_Driver/Src/stm32f4xx_hal_dma.o
 .text.DMA_CheckFifoParam
                0x0000000008004800       0xf8 ./Drivers/STM32F4xx_HAL_Driver/Src/stm32f4xx_hal_dma.o
 .text.HAL_DMA2D_Init
                0x00000000080048f8       0x92 ./Drivers/STM32F4xx_HAL_Driver/Src/stm32f4xx_hal_dma2d.o
                0x00000000080048f8                HAL_DMA2D_Init
 .text.HAL_DMA2D_MspInit
                0x000000000800498a       0x14 ./Drivers/STM32F4xx_HAL_Driver/Src/stm32f4xx_hal_dma2d.o
                0x000000000800498a                HAL_DMA2D_MspInit
 .text.HAL_DMA2D_Start
                0x000000000800499e       0x56 ./Drivers/STM32F4xx_HAL_Driver/Src/stm32f4xx_hal_dma2d.o
                0x000000000800499e                HAL_DMA2D_Start
 .text.HAL_DMA2D_PollForTransfer
                0x00000000080049f4      0x1d2 ./Drivers/STM32F4xx_HAL_Driver/Src/stm32f4xx_hal_dma2d.o
                0x00000000080049f4                HAL_DMA2D_PollForTransfer
 *fill*         0x0000000008004bc6        0x2 
 .text.HAL_DMA2D_ConfigLayer
                0x0000000008004bc8      0x124 ./Drivers/STM32F4xx_HAL_Driver/Src/stm32f4xx_hal_dma2d.o
                0x0000000008004bc8                HAL_DMA2D_ConfigLayer
 .text.DMA2D_SetConfig
                0x0000000008004cec      0x138 ./Drivers/STM32F4xx_HAL_Driver/Src/stm32f4xx_hal_dma2d.o
 .text.HAL_GPIO_Init
                0x0000000008004e24      0x358 ./Drivers/STM32F4xx_HAL_Driver/Src/stm32f4xx_hal_gpio.o
                0x0000000008004e24                HAL_GPIO_Init
 .text.HAL_GPIO_WritePin
                0x000000000800517c       0x32 ./Drivers/STM32F4xx_HAL_Driver/Src/stm32f4xx_hal_gpio.o
                0x000000000800517c                HAL_GPIO_WritePin
 .text.HAL_GPIO_TogglePin
                0x00000000080051ae       0x36 ./Drivers/STM32F4xx_HAL_Driver/Src/stm32f4xx_hal_gpio.o
                0x00000000080051ae                HAL_GPIO_TogglePin
 .text.HAL_I2C_Init
                0x00000000080051e4      0x288 ./Drivers/STM32F4xx_HAL_Driver/Src/stm32f4xx_hal_i2c.o
                0x00000000080051e4                HAL_I2C_Init
 .text.HAL_I2C_DeInit
                0x000000000800546c       0x5e ./Drivers/STM32F4xx_HAL_Driver/Src/stm32f4xx_hal_i2c.o
                0x000000000800546c                HAL_I2C_DeInit
 .text.HAL_I2C_MspInit
                0x00000000080054ca       0x14 ./Drivers/STM32F4xx_HAL_Driver/Src/stm32f4xx_hal_i2c.o
                0x00000000080054ca                HAL_I2C_MspInit
 .text.HAL_I2C_MspDeInit
                0x00000000080054de       0x14 ./Drivers/STM32F4xx_HAL_Driver/Src/stm32f4xx_hal_i2c.o
                0x00000000080054de                HAL_I2C_MspDeInit
 *fill*         0x00000000080054f2        0x2 
 .text.HAL_I2C_Mem_Write
                0x00000000080054f4      0x1f4 ./Drivers/STM32F4xx_HAL_Driver/Src/stm32f4xx_hal_i2c.o
                0x00000000080054f4                HAL_I2C_Mem_Write
 .text.HAL_I2C_Mem_Read
                0x00000000080056e8      0x44c ./Drivers/STM32F4xx_HAL_Driver/Src/stm32f4xx_hal_i2c.o
                0x00000000080056e8                HAL_I2C_Mem_Read
 .text.HAL_I2C_GetState
                0x0000000008005b34       0x1c ./Drivers/STM32F4xx_HAL_Driver/Src/stm32f4xx_hal_i2c.o
                0x0000000008005b34                HAL_I2C_GetState
 .text.I2C_RequestMemoryWrite
                0x0000000008005b50      0x128 ./Drivers/STM32F4xx_HAL_Driver/Src/stm32f4xx_hal_i2c.o
 .text.I2C_RequestMemoryRead
                0x0000000008005c78      0x1cc ./Drivers/STM32F4xx_HAL_Driver/Src/stm32f4xx_hal_i2c.o
 .text.I2C_WaitOnFlagUntilTimeout
                0x0000000008005e44       0xae ./Drivers/STM32F4xx_HAL_Driver/Src/stm32f4xx_hal_i2c.o
 .text.I2C_WaitOnMasterAddressFlagUntilTimeout
                0x0000000008005ef2       0xfe ./Drivers/STM32F4xx_HAL_Driver/Src/stm32f4xx_hal_i2c.o
 .text.I2C_WaitOnTXEFlagUntilTimeout
                0x0000000008005ff0       0x82 ./Drivers/STM32F4xx_HAL_Driver/Src/stm32f4xx_hal_i2c.o
 .text.I2C_WaitOnBTFFlagUntilTimeout
                0x0000000008006072       0x82 ./Drivers/STM32F4xx_HAL_Driver/Src/stm32f4xx_hal_i2c.o
 .text.I2C_WaitOnRXNEFlagUntilTimeout
                0x00000000080060f4       0xac ./Drivers/STM32F4xx_HAL_Driver/Src/stm32f4xx_hal_i2c.o
 .text.I2C_IsAcknowledgeFailed
                0x00000000080061a0       0x5e ./Drivers/STM32F4xx_HAL_Driver/Src/stm32f4xx_hal_i2c.o
 *fill*         0x00000000080061fe        0x2 
 .text.HAL_LTDC_Init
                0x0000000008006200      0x1a0 ./Drivers/STM32F4xx_HAL_Driver/Src/stm32f4xx_hal_ltdc.o
                0x0000000008006200                HAL_LTDC_Init
 .text.HAL_LTDC_MspInit
                0x00000000080063a0       0x14 ./Drivers/STM32F4xx_HAL_Driver/Src/stm32f4xx_hal_ltdc.o
                0x00000000080063a0                HAL_LTDC_MspInit
 .text.HAL_LTDC_ConfigLayer
                0x00000000080063b4       0x7c ./Drivers/STM32F4xx_HAL_Driver/Src/stm32f4xx_hal_ltdc.o
                0x00000000080063b4                HAL_LTDC_ConfigLayer
 .text.HAL_LTDC_EnableDither
                0x0000000008006430       0x54 ./Drivers/STM32F4xx_HAL_Driver/Src/stm32f4xx_hal_ltdc.o
                0x0000000008006430                HAL_LTDC_EnableDither
 .text.LTDC_SetConfig
                0x0000000008006484      0x32e ./Drivers/STM32F4xx_HAL_Driver/Src/stm32f4xx_hal_ltdc.o
 *fill*         0x00000000080067b2        0x2 
 .text.HAL_RCC_OscConfig
                0x00000000080067b4      0x4dc ./Drivers/STM32F4xx_HAL_Driver/Src/stm32f4xx_hal_rcc.o
                0x00000000080067b4                HAL_RCC_OscConfig
 .text.HAL_RCC_ClockConfig
                0x0000000008006c90      0x1cc ./Drivers/STM32F4xx_HAL_Driver/Src/stm32f4xx_hal_rcc.o
                0x0000000008006c90                HAL_RCC_ClockConfig
 .text.HAL_RCC_GetSysClockFreq
                0x0000000008006e5c      0x20c ./Drivers/STM32F4xx_HAL_Driver/Src/stm32f4xx_hal_rcc.o
                0x0000000008006e5c                HAL_RCC_GetSysClockFreq
 .text.HAL_RCC_GetHCLKFreq
                0x0000000008007068       0x18 ./Drivers/STM32F4xx_HAL_Driver/Src/stm32f4xx_hal_rcc.o
                0x0000000008007068                HAL_RCC_GetHCLKFreq
 .text.HAL_RCC_GetPCLK1Freq
                0x0000000008007080       0x28 ./Drivers/STM32F4xx_HAL_Driver/Src/stm32f4xx_hal_rcc.o
                0x0000000008007080                HAL_RCC_GetPCLK1Freq
 .text.HAL_RCCEx_PeriphCLKConfig
                0x00000000080070a8      0x380 ./Drivers/STM32F4xx_HAL_Driver/Src/stm32f4xx_hal_rcc_ex.o
                0x00000000080070a8                HAL_RCCEx_PeriphCLKConfig
 .text.HAL_SDRAM_Init
                0x0000000008007428       0x68 ./Drivers/STM32F4xx_HAL_Driver/Src/stm32f4xx_hal_sdram.o
                0x0000000008007428                HAL_SDRAM_Init
 .text.HAL_SDRAM_MspInit
                0x0000000008007490       0x14 ./Drivers/STM32F4xx_HAL_Driver/Src/stm32f4xx_hal_sdram.o
                0x0000000008007490                HAL_SDRAM_MspInit
 .text.HAL_SDRAM_SendCommand
                0x00000000080074a4       0x56 ./Drivers/STM32F4xx_HAL_Driver/Src/stm32f4xx_hal_sdram.o
                0x00000000080074a4                HAL_SDRAM_SendCommand
 .text.HAL_SDRAM_ProgramRefreshRate
                0x00000000080074fa       0x40 ./Drivers/STM32F4xx_HAL_Driver/Src/stm32f4xx_hal_sdram.o
                0x00000000080074fa                HAL_SDRAM_ProgramRefreshRate
 .text.HAL_SPI_Init
                0x000000000800753a       0xd6 ./Drivers/STM32F4xx_HAL_Driver/Src/stm32f4xx_hal_spi.o
                0x000000000800753a                HAL_SPI_Init
 .text.HAL_SPI_DeInit
                0x0000000008007610       0x50 ./Drivers/STM32F4xx_HAL_Driver/Src/stm32f4xx_hal_spi.o
                0x0000000008007610                HAL_SPI_DeInit
 .text.HAL_SPI_MspInit
                0x0000000008007660       0x14 ./Drivers/STM32F4xx_HAL_Driver/Src/stm32f4xx_hal_spi.o
                0x0000000008007660                HAL_SPI_MspInit
 .text.HAL_SPI_MspDeInit
                0x0000000008007674       0x14 ./Drivers/STM32F4xx_HAL_Driver/Src/stm32f4xx_hal_spi.o
                0x0000000008007674                HAL_SPI_MspDeInit
 .text.HAL_SPI_Transmit
                0x0000000008007688      0x2ac ./Drivers/STM32F4xx_HAL_Driver/Src/stm32f4xx_hal_spi.o
                0x0000000008007688                HAL_SPI_Transmit
 .text.HAL_SPI_Receive
                0x0000000008007934      0x2fe ./Drivers/STM32F4xx_HAL_Driver/Src/stm32f4xx_hal_spi.o
                0x0000000008007934                HAL_SPI_Receive
 .text.HAL_SPI_TransmitReceive
                0x0000000008007c32      0x41c ./Drivers/STM32F4xx_HAL_Driver/Src/stm32f4xx_hal_spi.o
                0x0000000008007c32                HAL_SPI_TransmitReceive
 .text.HAL_SPI_GetState
                0x000000000800804e       0x1c ./Drivers/STM32F4xx_HAL_Driver/Src/stm32f4xx_hal_spi.o
                0x000000000800804e                HAL_SPI_GetState
 .text.SPI_WaitFlagStateUntilTimeout
                0x000000000800806a       0xd4 ./Drivers/STM32F4xx_HAL_Driver/Src/stm32f4xx_hal_spi.o
 .text.SPI_EndRxTransaction
                0x000000000800813e       0xca ./Drivers/STM32F4xx_HAL_Driver/Src/stm32f4xx_hal_spi.o
 .text.SPI_EndRxTxTransaction
                0x0000000008008208       0x84 ./Drivers/STM32F4xx_HAL_Driver/Src/stm32f4xx_hal_spi.o
 .text.FMC_SDRAM_Init
                0x000000000800828c       0xe6 ./Drivers/STM32F4xx_HAL_Driver/Src/stm32f4xx_ll_fmc.o
                0x000000000800828c                FMC_SDRAM_Init
 .text.FMC_SDRAM_Timing_Init
                0x0000000008008372       0xfe ./Drivers/STM32F4xx_HAL_Driver/Src/stm32f4xx_ll_fmc.o
                0x0000000008008372                FMC_SDRAM_Timing_Init
 .text.FMC_SDRAM_SendCommand
                0x0000000008008470       0x78 ./Drivers/STM32F4xx_HAL_Driver/Src/stm32f4xx_ll_fmc.o
                0x0000000008008470                FMC_SDRAM_SendCommand
 .text.FMC_SDRAM_ProgramRefreshRate
                0x00000000080084e8       0x26 ./Drivers/STM32F4xx_HAL_Driver/Src/stm32f4xx_ll_fmc.o
                0x00000000080084e8                FMC_SDRAM_ProgramRefreshRate
 *fill*         0x000000000800850e        0x2 
 .text.arm_cfft_radix8by2_f32
                0x0000000008008510      0x1a0 ../Drivers/CMSIS/Lib/GCC/libarm_cortexM4lf_math.a(arm_cfft_f32.o)
                0x0000000008008510                arm_cfft_radix8by2_f32
 .text.arm_cfft_radix8by4_f32
                0x00000000080086b0      0x4bc ../Drivers/CMSIS/Lib/GCC/libarm_cortexM4lf_math.a(arm_cfft_f32.o)
                0x00000000080086b0                arm_cfft_radix8by4_f32
 .text.arm_cfft_f32
                0x0000000008008b6c       0xf4 ../Drivers/CMSIS/Lib/GCC/libarm_cortexM4lf_math.a(arm_cfft_f32.o)
                0x0000000008008b6c                arm_cfft_f32
 .text.arm_cmplx_mag_f32
                0x0000000008008c60      0x1d0 ../Drivers/CMSIS/Lib/GCC/libarm_cortexM4lf_math.a(arm_cmplx_mag_f32.o)
                0x0000000008008c60                arm_cmplx_mag_f32
 .text.arm_radix8_butterfly_f32
                0x0000000008008e30      0x5e4 ../Drivers/CMSIS/Lib/GCC/libarm_cortexM4lf_math.a(arm_cfft_radix8_f32.o)
                0x0000000008008e30                arm_radix8_butterfly_f32
 .text.__libc_init_array
                0x0000000008009414       0x48 /Applications/STM32CubeIDE.app/Contents/Eclipse/plugins/com.st.stm32cube.ide.mcu.externaltools.gnu-tools-for-stm32.10.3-2021.10.macos64_1.0.200.202301161003/tools/bin/../lib/gcc/arm-none-eabi/10.3.1/../../../../arm-none-eabi/lib/thumb/v7e-m+fp/hard/libc_nano.a(lib_a-init.o)
                0x0000000008009414                __libc_init_array
 .text.memset   0x000000000800945c       0x10 /Applications/STM32CubeIDE.app/Contents/Eclipse/plugins/com.st.stm32cube.ide.mcu.externaltools.gnu-tools-for-stm32.10.3-2021.10.macos64_1.0.200.202301161003/tools/bin/../lib/gcc/arm-none-eabi/10.3.1/../../../../arm-none-eabi/lib/thumb/v7e-m+fp/hard/libc_nano.a(lib_a-memset.o)
                0x000000000800945c                memset
 .text.__cvt    0x000000000800946c       0xc4 /Applications/STM32CubeIDE.app/Contents/Eclipse/plugins/com.st.stm32cube.ide.mcu.externaltools.gnu-tools-for-stm32.10.3-2021.10.macos64_1.0.200.202301161003/tools/bin/../lib/gcc/arm-none-eabi/10.3.1/../../../../arm-none-eabi/lib/thumb/v7e-m+fp/hard/libc_nano.a(lib_a-nano-vfprintf_float.o)
                0x000000000800946c                __cvt
 .text.__exponent
                0x0000000008009530       0x7c /Applications/STM32CubeIDE.app/Contents/Eclipse/plugins/com.st.stm32cube.ide.mcu.externaltools.gnu-tools-for-stm32.10.3-2021.10.macos64_1.0.200.202301161003/tools/bin/../lib/gcc/arm-none-eabi/10.3.1/../../../../arm-none-eabi/lib/thumb/v7e-m+fp/hard/libc_nano.a(lib_a-nano-vfprintf_float.o)
                0x0000000008009530                __exponent
 .text._printf_float
                0x00000000080095ac      0x46c /Applications/STM32CubeIDE.app/Contents/Eclipse/plugins/com.st.stm32cube.ide.mcu.externaltools.gnu-tools-for-stm32.10.3-2021.10.macos64_1.0.200.202301161003/tools/bin/../lib/gcc/arm-none-eabi/10.3.1/../../../../arm-none-eabi/lib/thumb/v7e-m+fp/hard/libc_nano.a(lib_a-nano-vfprintf_float.o)
                0x00000000080095ac                _printf_float
 .text._printf_common
                0x0000000008009a18       0xda /Applications/STM32CubeIDE.app/Contents/Eclipse/plugins/com.st.stm32cube.ide.mcu.externaltools.gnu-tools-for-stm32.10.3-2021.10.macos64_1.0.200.202301161003/tools/bin/../lib/gcc/arm-none-eabi/10.3.1/../../../../arm-none-eabi/lib/thumb/v7e-m+fp/hard/libc_nano.a(lib_a-nano-vfprintf_i.o)
                0x0000000008009a18                _printf_common
 *fill*         0x0000000008009af2        0x2 
 .text._printf_i
                0x0000000008009af4      0x24c /Applications/STM32CubeIDE.app/Contents/Eclipse/plugins/com.st.stm32cube.ide.mcu.externaltools.gnu-tools-for-stm32.10.3-2021.10.macos64_1.0.200.202301161003/tools/bin/../lib/gcc/arm-none-eabi/10.3.1/../../../../arm-none-eabi/lib/thumb/v7e-m+fp/hard/libc_nano.a(lib_a-nano-vfprintf_i.o)
                0x0000000008009af4                _printf_i
 .text.snprintf
                0x0000000008009d40       0x68 /Applications/STM32CubeIDE.app/Contents/Eclipse/plugins/com.st.stm32cube.ide.mcu.externaltools.gnu-tools-for-stm32.10.3-2021.10.macos64_1.0.200.202301161003/tools/bin/../lib/gcc/arm-none-eabi/10.3.1/../../../../arm-none-eabi/lib/thumb/v7e-m+fp/hard/libc_nano.a(lib_a-snprintf.o)
                0x0000000008009d40                snprintf
                0x0000000008009d40                sniprintf
 .text.quorem   0x0000000008009da8      0x116 /Applications/STM32CubeIDE.app/Contents/Eclipse/plugins/com.st.stm32cube.ide.mcu.externaltools.gnu-tools-for-stm32.10.3-2021.10.macos64_1.0.200.202301161003/tools/bin/../lib/gcc/arm-none-eabi/10.3.1/../../../../arm-none-eabi/lib/thumb/v7e-m+fp/hard/libc_nano.a(lib_a-dtoa.o)
 *fill*         0x0000000008009ebe        0x2 
 .text._dtoa_r  0x0000000008009ec0      0xbdc /Applications/STM32CubeIDE.app/Contents/Eclipse/plugins/com.st.stm32cube.ide.mcu.externaltools.gnu-tools-for-stm32.10.3-2021.10.macos64_1.0.200.202301161003/tools/bin/../lib/gcc/arm-none-eabi/10.3.1/../../../../arm-none-eabi/lib/thumb/v7e-m+fp/hard/libc_nano.a(lib_a-dtoa.o)
                0x0000000008009ec0                _dtoa_r
 .text._localeconv_r
                0x000000000800aa9c        0x8 /Applications/STM32CubeIDE.app/Contents/Eclipse/plugins/com.st.stm32cube.ide.mcu.externaltools.gnu-tools-for-stm32.10.3-2021.10.macos64_1.0.200.202301161003/tools/bin/../lib/gcc/arm-none-eabi/10.3.1/../../../../arm-none-eabi/lib/thumb/v7e-m+fp/hard/libc_nano.a(lib_a-localeconv.o)
                0x000000000800aa9c                _localeconv_r
 .text.malloc   0x000000000800aaa4       0x10 /Applications/STM32CubeIDE.app/Contents/Eclipse/plugins/com.st.stm32cube.ide.mcu.externaltools.gnu-tools-for-stm32.10.3-2021.10.macos64_1.0.200.202301161003/tools/bin/../lib/gcc/arm-none-eabi/10.3.1/../../../../arm-none-eabi/lib/thumb/v7e-m+fp/hard/libc_nano.a(lib_a-malloc.o)
                0x000000000800aaa4                malloc
 .text.memcpy   0x000000000800aab4       0x1c /Applications/STM32CubeIDE.app/Contents/Eclipse/plugins/com.st.stm32cube.ide.mcu.externaltools.gnu-tools-for-stm32.10.3-2021.10.macos64_1.0.200.202301161003/tools/bin/../lib/gcc/arm-none-eabi/10.3.1/../../../../arm-none-eabi/lib/thumb/v7e-m+fp/hard/libc_nano.a(lib_a-memcpy-stub.o)
                0x000000000800aab4                memcpy
 .text._Balloc  0x000000000800aad0       0x80 /Applications/STM32CubeIDE.app/Contents/Eclipse/plugins/com.st.stm32cube.ide.mcu.externaltools.gnu-tools-for-stm32.10.3-2021.10.macos64_1.0.200.202301161003/tools/bin/../lib/gcc/arm-none-eabi/10.3.1/../../../../arm-none-eabi/lib/thumb/v7e-m+fp/hard/libc_nano.a(lib_a-mprec.o)
                0x000000000800aad0                _Balloc
 .text._Bfree   0x000000000800ab50       0x44 /Applications/STM32CubeIDE.app/Contents/Eclipse/plugins/com.st.stm32cube.ide.mcu.externaltools.gnu-tools-for-stm32.10.3-2021.10.macos64_1.0.200.202301161003/tools/bin/../lib/gcc/arm-none-eabi/10.3.1/../../../../arm-none-eabi/lib/thumb/v7e-m+fp/hard/libc_nano.a(lib_a-mprec.o)
                0x000000000800ab50                _Bfree
 .text.__multadd
                0x000000000800ab94       0x8c /Applications/STM32CubeIDE.app/Contents/Eclipse/plugins/com.st.stm32cube.ide.mcu.externaltools.gnu-tools-for-stm32.10.3-2021.10.macos64_1.0.200.202301161003/tools/bin/../lib/gcc/arm-none-eabi/10.3.1/../../../../arm-none-eabi/lib/thumb/v7e-m+fp/hard/libc_nano.a(lib_a-mprec.o)
                0x000000000800ab94                __multadd
 .text.__hi0bits
                0x000000000800ac20       0x40 /Applications/STM32CubeIDE.app/Contents/Eclipse/plugins/com.st.stm32cube.ide.mcu.externaltools.gnu-tools-for-stm32.10.3-2021.10.macos64_1.0.200.202301161003/tools/bin/../lib/gcc/arm-none-eabi/10.3.1/../../../../arm-none-eabi/lib/thumb/v7e-m+fp/hard/libc_nano.a(lib_a-mprec.o)
                0x000000000800ac20                __hi0bits
 .text.__lo0bits
                0x000000000800ac60       0x5e /Applications/STM32CubeIDE.app/Contents/Eclipse/plugins/com.st.stm32cube.ide.mcu.externaltools.gnu-tools-for-stm32.10.3-2021.10.macos64_1.0.200.202301161003/tools/bin/../lib/gcc/arm-none-eabi/10.3.1/../../../../arm-none-eabi/lib/thumb/v7e-m+fp/hard/libc_nano.a(lib_a-mprec.o)
                0x000000000800ac60                __lo0bits
 *fill*         0x000000000800acbe        0x2 
 .text.__i2b    0x000000000800acc0       0x2c /Applications/STM32CubeIDE.app/Contents/Eclipse/plugins/com.st.stm32cube.ide.mcu.externaltools.gnu-tools-for-stm32.10.3-2021.10.macos64_1.0.200.202301161003/tools/bin/../lib/gcc/arm-none-eabi/10.3.1/../../../../arm-none-eabi/lib/thumb/v7e-m+fp/hard/libc_nano.a(lib_a-mprec.o)
                0x000000000800acc0                __i2b
 .text.__multiply
                0x000000000800acec      0x154 /Applications/STM32CubeIDE.app/Contents/Eclipse/plugins/com.st.stm32cube.ide.mcu.externaltools.gnu-tools-for-stm32.10.3-2021.10.macos64_1.0.200.202301161003/tools/bin/../lib/gcc/arm-none-eabi/10.3.1/../../../../arm-none-eabi/lib/thumb/v7e-m+fp/hard/libc_nano.a(lib_a-mprec.o)
                0x000000000800acec                __multiply
 .text.__pow5mult
                0x000000000800ae40       0xb4 /Applications/STM32CubeIDE.app/Contents/Eclipse/plugins/com.st.stm32cube.ide.mcu.externaltools.gnu-tools-for-stm32.10.3-2021.10.macos64_1.0.200.202301161003/tools/bin/../lib/gcc/arm-none-eabi/10.3.1/../../../../arm-none-eabi/lib/thumb/v7e-m+fp/hard/libc_nano.a(lib_a-mprec.o)
                0x000000000800ae40                __pow5mult
 .text.__lshift
                0x000000000800aef4       0xe0 /Applications/STM32CubeIDE.app/Contents/Eclipse/plugins/com.st.stm32cube.ide.mcu.externaltools.gnu-tools-for-stm32.10.3-2021.10.macos64_1.0.200.202301161003/tools/bin/../lib/gcc/arm-none-eabi/10.3.1/../../../../arm-none-eabi/lib/thumb/v7e-m+fp/hard/libc_nano.a(lib_a-mprec.o)
                0x000000000800aef4                __lshift
 .text.__mcmp   0x000000000800afd4       0x38 /Applications/STM32CubeIDE.app/Contents/Eclipse/plugins/com.st.stm32cube.ide.mcu.externaltools.gnu-tools-for-stm32.10.3-2021.10.macos64_1.0.200.202301161003/tools/bin/../lib/gcc/arm-none-eabi/10.3.1/../../../../arm-none-eabi/lib/thumb/v7e-m+fp/hard/libc_nano.a(lib_a-mprec.o)
                0x000000000800afd4                __mcmp
 .text.__mdiff  0x000000000800b00c      0x114 /Applications/STM32CubeIDE.app/Contents/Eclipse/plugins/com.st.stm32cube.ide.mcu.externaltools.gnu-tools-for-stm32.10.3-2021.10.macos64_1.0.200.202301161003/tools/bin/../lib/gcc/arm-none-eabi/10.3.1/../../../../arm-none-eabi/lib/thumb/v7e-m+fp/hard/libc_nano.a(lib_a-mprec.o)
                0x000000000800b00c                __mdiff
 .text.__d2b    0x000000000800b120       0xb8 /Applications/STM32CubeIDE.app/Contents/Eclipse/plugins/com.st.stm32cube.ide.mcu.externaltools.gnu-tools-for-stm32.10.3-2021.10.macos64_1.0.200.202301161003/tools/bin/../lib/gcc/arm-none-eabi/10.3.1/../../../../arm-none-eabi/lib/thumb/v7e-m+fp/hard/libc_nano.a(lib_a-mprec.o)
                0x000000000800b120                __d2b
 .text._calloc_r
                0x000000000800b1d8       0x2c /Applications/STM32CubeIDE.app/Contents/Eclipse/plugins/com.st.stm32cube.ide.mcu.externaltools.gnu-tools-for-stm32.10.3-2021.10.macos64_1.0.200.202301161003/tools/bin/../lib/gcc/arm-none-eabi/10.3.1/../../../../arm-none-eabi/lib/thumb/v7e-m+fp/hard/libc_nano.a(lib_a-nano-callocr.o)
                0x000000000800b1d8                _calloc_r
 .text._free_r  0x000000000800b204       0x98 /Applications/STM32CubeIDE.app/Contents/Eclipse/plugins/com.st.stm32cube.ide.mcu.externaltools.gnu-tools-for-stm32.10.3-2021.10.macos64_1.0.200.202301161003/tools/bin/../lib/gcc/arm-none-eabi/10.3.1/../../../../arm-none-eabi/lib/thumb/v7e-m+fp/hard/libc_nano.a(lib_a-nano-freer.o)
                0x000000000800b204                _free_r
 .text.sbrk_aligned
                0x000000000800b29c       0x40 /Applications/STM32CubeIDE.app/Contents/Eclipse/plugins/com.st.stm32cube.ide.mcu.externaltools.gnu-tools-for-stm32.10.3-2021.10.macos64_1.0.200.202301161003/tools/bin/../lib/gcc/arm-none-eabi/10.3.1/../../../../arm-none-eabi/lib/thumb/v7e-m+fp/hard/libc_nano.a(lib_a-nano-mallocr.o)
 .text._malloc_r
                0x000000000800b2dc       0xe8 /Applications/STM32CubeIDE.app/Contents/Eclipse/plugins/com.st.stm32cube.ide.mcu.externaltools.gnu-tools-for-stm32.10.3-2021.10.macos64_1.0.200.202301161003/tools/bin/../lib/gcc/arm-none-eabi/10.3.1/../../../../arm-none-eabi/lib/thumb/v7e-m+fp/hard/libc_nano.a(lib_a-nano-mallocr.o)
                0x000000000800b2dc                _malloc_r
 .text.__ssputs_r
                0x000000000800b3c4       0xb6 /Applications/STM32CubeIDE.app/Contents/Eclipse/plugins/com.st.stm32cube.ide.mcu.externaltools.gnu-tools-for-stm32.10.3-2021.10.macos64_1.0.200.202301161003/tools/bin/../lib/gcc/arm-none-eabi/10.3.1/../../../../arm-none-eabi/lib/thumb/v7e-m+fp/hard/libc_nano.a(lib_a-nano-svfprintf.o)
                0x000000000800b3c4                __ssputs_r
 *fill*         0x000000000800b47a        0x2 
 .text._svfprintf_r
                0x000000000800b47c      0x200 /Applications/STM32CubeIDE.app/Contents/Eclipse/plugins/com.st.stm32cube.ide.mcu.externaltools.gnu-tools-for-stm32.10.3-2021.10.macos64_1.0.200.202301161003/tools/bin/../lib/gcc/arm-none-eabi/10.3.1/../../../../arm-none-eabi/lib/thumb/v7e-m+fp/hard/libc_nano.a(lib_a-nano-svfprintf.o)
                0x000000000800b47c                _svfprintf_r
                0x000000000800b47c                _svfiprintf_r
 .text._sbrk_r  0x000000000800b67c       0x20 /Applications/STM32CubeIDE.app/Contents/Eclipse/plugins/com.st.stm32cube.ide.mcu.externaltools.gnu-tools-for-stm32.10.3-2021.10.macos64_1.0.200.202301161003/tools/bin/../lib/gcc/arm-none-eabi/10.3.1/../../../../arm-none-eabi/lib/thumb/v7e-m+fp/hard/libc_nano.a(lib_a-sbrkr.o)
                0x000000000800b67c                _sbrk_r
 .text.__assert_func
                0x000000000800b69c       0x3c /Applications/STM32CubeIDE.app/Contents/Eclipse/plugins/com.st.stm32cube.ide.mcu.externaltools.gnu-tools-for-stm32.10.3-2021.10.macos64_1.0.200.202301161003/tools/bin/../lib/gcc/arm-none-eabi/10.3.1/../../../../arm-none-eabi/lib/thumb/v7e-m+fp/hard/libc_nano.a(lib_a-assert.o)
                0x000000000800b69c                __assert_func
 .text.fprintf  0x000000000800b6d8       0x24 /Applications/STM32CubeIDE.app/Contents/Eclipse/plugins/com.st.stm32cube.ide.mcu.externaltools.gnu-tools-for-stm32.10.3-2021.10.macos64_1.0.200.202301161003/tools/bin/../lib/gcc/arm-none-eabi/10.3.1/../../../../arm-none-eabi/lib/thumb/v7e-m+fp/hard/libc_nano.a(lib_a-fprintf.o)
                0x000000000800b6d8                fprintf
                0x000000000800b6d8                fiprintf
 .text.__ascii_mbtowc
                0x000000000800b6fc       0x24 /Applications/STM32CubeIDE.app/Contents/Eclipse/plugins/com.st.stm32cube.ide.mcu.externaltools.gnu-tools-for-stm32.10.3-2021.10.macos64_1.0.200.202301161003/tools/bin/../lib/gcc/arm-none-eabi/10.3.1/../../../../arm-none-eabi/lib/thumb/v7e-m+fp/hard/libc_nano.a(lib_a-mbtowc_r.o)
                0x000000000800b6fc                __ascii_mbtowc
 .text.memmove  0x000000000800b720       0x34 /Applications/STM32CubeIDE.app/Contents/Eclipse/plugins/com.st.stm32cube.ide.mcu.externaltools.gnu-tools-for-stm32.10.3-2021.10.macos64_1.0.200.202301161003/tools/bin/../lib/gcc/arm-none-eabi/10.3.1/../../../../arm-none-eabi/lib/thumb/v7e-m+fp/hard/libc_nano.a(lib_a-memmove.o)
                0x000000000800b720                memmove
 .text.__malloc_lock
                0x000000000800b754        0xc /Applications/STM32CubeIDE.app/Contents/Eclipse/plugins/com.st.stm32cube.ide.mcu.externaltools.gnu-tools-for-stm32.10.3-2021.10.macos64_1.0.200.202301161003/tools/bin/../lib/gcc/arm-none-eabi/10.3.1/../../../../arm-none-eabi/lib/thumb/v7e-m+fp/hard/libc_nano.a(lib_a-mlock.o)
                0x000000000800b754                __malloc_lock
 .text.__malloc_unlock
                0x000000000800b760        0xc /Applications/STM32CubeIDE.app/Contents/Eclipse/plugins/com.st.stm32cube.ide.mcu.externaltools.gnu-tools-for-stm32.10.3-2021.10.macos64_1.0.200.202301161003/tools/bin/../lib/gcc/arm-none-eabi/10.3.1/../../../../arm-none-eabi/lib/thumb/v7e-m+fp/hard/libc_nano.a(lib_a-mlock.o)
                0x000000000800b760                __malloc_unlock
 .text._realloc_r
                0x000000000800b76c       0x5e /Applications/STM32CubeIDE.app/Contents/Eclipse/plugins/com.st.stm32cube.ide.mcu.externaltools.gnu-tools-for-stm32.10.3-2021.10.macos64_1.0.200.202301161003/tools/bin/../lib/gcc/arm-none-eabi/10.3.1/../../../../arm-none-eabi/lib/thumb/v7e-m+fp/hard/libc_nano.a(lib_a-nano-reallocr.o)
                0x000000000800b76c                _realloc_r
 .text.__sfputc_r
                0x000000000800b7ca       0x2e /Applications/STM32CubeIDE.app/Contents/Eclipse/plugins/com.st.stm32cube.ide.mcu.externaltools.gnu-tools-for-stm32.10.3-2021.10.macos64_1.0.200.202301161003/tools/bin/../lib/gcc/arm-none-eabi/10.3.1/../../../../arm-none-eabi/lib/thumb/v7e-m+fp/hard/libc_nano.a(lib_a-nano-vfprintf.o)
 .text.__sfputs_r
                0x000000000800b7f8       0x24 /Applications/STM32CubeIDE.app/Contents/Eclipse/plugins/com.st.stm32cube.ide.mcu.externaltools.gnu-tools-for-stm32.10.3-2021.10.macos64_1.0.200.202301161003/tools/bin/../lib/gcc/arm-none-eabi/10.3.1/../../../../arm-none-eabi/lib/thumb/v7e-m+fp/hard/libc_nano.a(lib_a-nano-vfprintf.o)
                0x000000000800b7f8                __sfputs_r
 .text._vfprintf_r
                0x000000000800b81c      0x260 /Applications/STM32CubeIDE.app/Contents/Eclipse/plugins/com.st.stm32cube.ide.mcu.externaltools.gnu-tools-for-stm32.10.3-2021.10.macos64_1.0.200.202301161003/tools/bin/../lib/gcc/arm-none-eabi/10.3.1/../../../../arm-none-eabi/lib/thumb/v7e-m+fp/hard/libc_nano.a(lib_a-nano-vfprintf.o)
                0x000000000800b81c                _vfiprintf_r
                0x000000000800b81c                _vfprintf_r
 .text.__swbuf_r
                0x000000000800ba7c       0xa4 /Applications/STM32CubeIDE.app/Contents/Eclipse/plugins/com.st.stm32cube.ide.mcu.externaltools.gnu-tools-for-stm32.10.3-2021.10.macos64_1.0.200.202301161003/tools/bin/../lib/gcc/arm-none-eabi/10.3.1/../../../../arm-none-eabi/lib/thumb/v7e-m+fp/hard/libc_nano.a(lib_a-wbuf.o)
                0x000000000800ba7c                __swbuf_r
 .text.__ascii_wctomb
                0x000000000800bb20       0x1a /Applications/STM32CubeIDE.app/Contents/Eclipse/plugins/com.st.stm32cube.ide.mcu.externaltools.gnu-tools-for-stm32.10.3-2021.10.macos64_1.0.200.202301161003/tools/bin/../lib/gcc/arm-none-eabi/10.3.1/../../../../arm-none-eabi/lib/thumb/v7e-m+fp/hard/libc_nano.a(lib_a-wctomb_r.o)
                0x000000000800bb20                __ascii_wctomb
 *fill*         0x000000000800bb3a        0x2 
 .text.__swsetup_r
                0x000000000800bb3c       0xdc /Applications/STM32CubeIDE.app/Contents/Eclipse/plugins/com.st.stm32cube.ide.mcu.externaltools.gnu-tools-for-stm32.10.3-2021.10.macos64_1.0.200.202301161003/tools/bin/../lib/gcc/arm-none-eabi/10.3.1/../../../../arm-none-eabi/lib/thumb/v7e-m+fp/hard/libc_nano.a(lib_a-wsetup.o)
                0x000000000800bb3c                __swsetup_r
 .text.abort    0x000000000800bc18        0xe /Applications/STM32CubeIDE.app/Contents/Eclipse/plugins/com.st.stm32cube.ide.mcu.externaltools.gnu-tools-for-stm32.10.3-2021.10.macos64_1.0.200.202301161003/tools/bin/../lib/gcc/arm-none-eabi/10.3.1/../../../../arm-none-eabi/lib/thumb/v7e-m+fp/hard/libc_nano.a(lib_a-abort.o)
                0x000000000800bc18                abort
 *fill*         0x000000000800bc26        0x2 
 .text.__sflush_r
                0x000000000800bc28      0x10c /Applications/STM32CubeIDE.app/Contents/Eclipse/plugins/com.st.stm32cube.ide.mcu.externaltools.gnu-tools-for-stm32.10.3-2021.10.macos64_1.0.200.202301161003/tools/bin/../lib/gcc/arm-none-eabi/10.3.1/../../../../arm-none-eabi/lib/thumb/v7e-m+fp/hard/libc_nano.a(lib_a-fflush.o)
                0x000000000800bc28                __sflush_r
 .text._fflush_r
                0x000000000800bd34       0x78 /Applications/STM32CubeIDE.app/Contents/Eclipse/plugins/com.st.stm32cube.ide.mcu.externaltools.gnu-tools-for-stm32.10.3-2021.10.macos64_1.0.200.202301161003/tools/bin/../lib/gcc/arm-none-eabi/10.3.1/../../../../arm-none-eabi/lib/thumb/v7e-m+fp/hard/libc_nano.a(lib_a-fflush.o)
                0x000000000800bd34                _fflush_r
 .text.std      0x000000000800bdac       0x48 /Applications/STM32CubeIDE.app/Contents/Eclipse/plugins/com.st.stm32cube.ide.mcu.externaltools.gnu-tools-for-stm32.10.3-2021.10.macos64_1.0.200.202301161003/tools/bin/../lib/gcc/arm-none-eabi/10.3.1/../../../../arm-none-eabi/lib/thumb/v7e-m+fp/hard/libc_nano.a(lib_a-findfp.o)
 .text._cleanup_r
                0x000000000800bdf4        0xc /Applications/STM32CubeIDE.app/Contents/Eclipse/plugins/com.st.stm32cube.ide.mcu.externaltools.gnu-tools-for-stm32.10.3-2021.10.macos64_1.0.200.202301161003/tools/bin/../lib/gcc/arm-none-eabi/10.3.1/../../../../arm-none-eabi/lib/thumb/v7e-m+fp/hard/libc_nano.a(lib_a-findfp.o)
                0x000000000800bdf4                _cleanup_r
 .text.__sfmoreglue
                0x000000000800be00       0x2c /Applications/STM32CubeIDE.app/Contents/Eclipse/plugins/com.st.stm32cube.ide.mcu.externaltools.gnu-tools-for-stm32.10.3-2021.10.macos64_1.0.200.202301161003/tools/bin/../lib/gcc/arm-none-eabi/10.3.1/../../../../arm-none-eabi/lib/thumb/v7e-m+fp/hard/libc_nano.a(lib_a-findfp.o)
                0x000000000800be00                __sfmoreglue
 .text.__sfp_lock_acquire
                0x000000000800be2c        0xc /Applications/STM32CubeIDE.app/Contents/Eclipse/plugins/com.st.stm32cube.ide.mcu.externaltools.gnu-tools-for-stm32.10.3-2021.10.macos64_1.0.200.202301161003/tools/bin/../lib/gcc/arm-none-eabi/10.3.1/../../../../arm-none-eabi/lib/thumb/v7e-m+fp/hard/libc_nano.a(lib_a-findfp.o)
                0x000000000800be2c                __sfp_lock_acquire
 .text.__sfp_lock_release
                0x000000000800be38        0xc /Applications/STM32CubeIDE.app/Contents/Eclipse/plugins/com.st.stm32cube.ide.mcu.externaltools.gnu-tools-for-stm32.10.3-2021.10.macos64_1.0.200.202301161003/tools/bin/../lib/gcc/arm-none-eabi/10.3.1/../../../../arm-none-eabi/lib/thumb/v7e-m+fp/hard/libc_nano.a(lib_a-findfp.o)
                0x000000000800be38                __sfp_lock_release
 .text.__sinit_lock_acquire
                0x000000000800be44        0xc /Applications/STM32CubeIDE.app/Contents/Eclipse/plugins/com.st.stm32cube.ide.mcu.externaltools.gnu-tools-for-stm32.10.3-2021.10.macos64_1.0.200.202301161003/tools/bin/../lib/gcc/arm-none-eabi/10.3.1/../../../../arm-none-eabi/lib/thumb/v7e-m+fp/hard/libc_nano.a(lib_a-findfp.o)
                0x000000000800be44                __sinit_lock_acquire
 .text.__sinit_lock_release
                0x000000000800be50        0xc /Applications/STM32CubeIDE.app/Contents/Eclipse/plugins/com.st.stm32cube.ide.mcu.externaltools.gnu-tools-for-stm32.10.3-2021.10.macos64_1.0.200.202301161003/tools/bin/../lib/gcc/arm-none-eabi/10.3.1/../../../../arm-none-eabi/lib/thumb/v7e-m+fp/hard/libc_nano.a(lib_a-findfp.o)
                0x000000000800be50                __sinit_lock_release
 .text.__sinit  0x000000000800be5c       0x70 /Applications/STM32CubeIDE.app/Contents/Eclipse/plugins/com.st.stm32cube.ide.mcu.externaltools.gnu-tools-for-stm32.10.3-2021.10.macos64_1.0.200.202301161003/tools/bin/../lib/gcc/arm-none-eabi/10.3.1/../../../../arm-none-eabi/lib/thumb/v7e-m+fp/hard/libc_nano.a(lib_a-findfp.o)
                0x000000000800be5c                __sinit
 .text.__sfp    0x000000000800becc       0x8c /Applications/STM32CubeIDE.app/Contents/Eclipse/plugins/com.st.stm32cube.ide.mcu.externaltools.gnu-tools-for-stm32.10.3-2021.10.macos64_1.0.200.202301161003/tools/bin/../lib/gcc/arm-none-eabi/10.3.1/../../../../arm-none-eabi/lib/thumb/v7e-m+fp/hard/libc_nano.a(lib_a-findfp.o)
                0x000000000800becc                __sfp
 .text._fwalk_reent
                0x000000000800bf58       0x3e /Applications/STM32CubeIDE.app/Contents/Eclipse/plugins/com.st.stm32cube.ide.mcu.externaltools.gnu-tools-for-stm32.10.3-2021.10.macos64_1.0.200.202301161003/tools/bin/../lib/gcc/arm-none-eabi/10.3.1/../../../../arm-none-eabi/lib/thumb/v7e-m+fp/hard/libc_nano.a(lib_a-fwalk.o)
                0x000000000800bf58                _fwalk_reent
 .text.__retarget_lock_init_recursive
                0x000000000800bf96        0x2 /Applications/STM32CubeIDE.app/Contents/Eclipse/plugins/com.st.stm32cube.ide.mcu.externaltools.gnu-tools-for-stm32.10.3-2021.10.macos64_1.0.200.202301161003/tools/bin/../lib/gcc/arm-none-eabi/10.3.1/../../../../arm-none-eabi/lib/thumb/v7e-m+fp/hard/libc_nano.a(lib_a-lock.o)
                0x000000000800bf96                __retarget_lock_init_recursive
 .text.__retarget_lock_acquire_recursive
                0x000000000800bf98        0x2 /Applications/STM32CubeIDE.app/Contents/Eclipse/plugins/com.st.stm32cube.ide.mcu.externaltools.gnu-tools-for-stm32.10.3-2021.10.macos64_1.0.200.202301161003/tools/bin/../lib/gcc/arm-none-eabi/10.3.1/../../../../arm-none-eabi/lib/thumb/v7e-m+fp/hard/libc_nano.a(lib_a-lock.o)
                0x000000000800bf98                __retarget_lock_acquire_recursive
 .text.__retarget_lock_release_recursive
                0x000000000800bf9a        0x2 /Applications/STM32CubeIDE.app/Contents/Eclipse/plugins/com.st.stm32cube.ide.mcu.externaltools.gnu-tools-for-stm32.10.3-2021.10.macos64_1.0.200.202301161003/tools/bin/../lib/gcc/arm-none-eabi/10.3.1/../../../../arm-none-eabi/lib/thumb/v7e-m+fp/hard/libc_nano.a(lib_a-lock.o)
                0x000000000800bf9a                __retarget_lock_release_recursive
 .text.__swhatbuf_r
                0x000000000800bf9c       0x4a /Applications/STM32CubeIDE.app/Contents/Eclipse/plugins/com.st.stm32cube.ide.mcu.externaltools.gnu-tools-for-stm32.10.3-2021.10.macos64_1.0.200.202301161003/tools/bin/../lib/gcc/arm-none-eabi/10.3.1/../../../../arm-none-eabi/lib/thumb/v7e-m+fp/hard/libc_nano.a(lib_a-makebuf.o)
                0x000000000800bf9c                __swhatbuf_r
 *fill*         0x000000000800bfe6        0x2 
 .text.__smakebuf_r
                0x000000000800bfe8       0x80 /Applications/STM32CubeIDE.app/Contents/Eclipse/plugins/com.st.stm32cube.ide.mcu.externaltools.gnu-tools-for-stm32.10.3-2021.10.macos64_1.0.200.202301161003/tools/bin/../lib/gcc/arm-none-eabi/10.3.1/../../../../arm-none-eabi/lib/thumb/v7e-m+fp/hard/libc_nano.a(lib_a-makebuf.o)
                0x000000000800bfe8                __smakebuf_r
 .text._malloc_usable_size_r
                0x000000000800c068       0x10 /Applications/STM32CubeIDE.app/Contents/Eclipse/plugins/com.st.stm32cube.ide.mcu.externaltools.gnu-tools-for-stm32.10.3-2021.10.macos64_1.0.200.202301161003/tools/bin/../lib/gcc/arm-none-eabi/10.3.1/../../../../arm-none-eabi/lib/thumb/v7e-m+fp/hard/libc_nano.a(lib_a-nano-msizer.o)
                0x000000000800c068                _malloc_usable_size_r
 .text._raise_r
                0x000000000800c078       0x50 /Applications/STM32CubeIDE.app/Contents/Eclipse/plugins/com.st.stm32cube.ide.mcu.externaltools.gnu-tools-for-stm32.10.3-2021.10.macos64_1.0.200.202301161003/tools/bin/../lib/gcc/arm-none-eabi/10.3.1/../../../../arm-none-eabi/lib/thumb/v7e-m+fp/hard/libc_nano.a(lib_a-signal.o)
                0x000000000800c078                _raise_r
 .text.raise    0x000000000800c0c8       0x10 /Applications/STM32CubeIDE.app/Contents/Eclipse/plugins/com.st.stm32cube.ide.mcu.externaltools.gnu-tools-for-stm32.10.3-2021.10.macos64_1.0.200.202301161003/tools/bin/../lib/gcc/arm-none-eabi/10.3.1/../../../../arm-none-eabi/lib/thumb/v7e-m+fp/hard/libc_nano.a(lib_a-signal.o)
                0x000000000800c0c8                raise
 .text._kill_r  0x000000000800c0d8       0x24 /Applications/STM32CubeIDE.app/Contents/Eclipse/plugins/com.st.stm32cube.ide.mcu.externaltools.gnu-tools-for-stm32.10.3-2021.10.macos64_1.0.200.202301161003/tools/bin/../lib/gcc/arm-none-eabi/10.3.1/../../../../arm-none-eabi/lib/thumb/v7e-m+fp/hard/libc_nano.a(lib_a-signalr.o)
                0x000000000800c0d8                _kill_r
 .text._getpid_r
                0x000000000800c0fc        0x4 /Applications/STM32CubeIDE.app/Contents/Eclipse/plugins/com.st.stm32cube.ide.mcu.externaltools.gnu-tools-for-stm32.10.3-2021.10.macos64_1.0.200.202301161003/tools/bin/../lib/gcc/arm-none-eabi/10.3.1/../../../../arm-none-eabi/lib/thumb/v7e-m+fp/hard/libc_nano.a(lib_a-signalr.o)
                0x000000000800c0fc                _getpid_r
 .text.__sread  0x000000000800c100       0x22 /Applications/STM32CubeIDE.app/Contents/Eclipse/plugins/com.st.stm32cube.ide.mcu.externaltools.gnu-tools-for-stm32.10.3-2021.10.macos64_1.0.200.202301161003/tools/bin/../lib/gcc/arm-none-eabi/10.3.1/../../../../arm-none-eabi/lib/thumb/v7e-m+fp/hard/libc_nano.a(lib_a-stdio.o)
                0x000000000800c100                __sread
 .text.__swrite
                0x000000000800c122       0x38 /Applications/STM32CubeIDE.app/Contents/Eclipse/plugins/com.st.stm32cube.ide.mcu.externaltools.gnu-tools-for-stm32.10.3-2021.10.macos64_1.0.200.202301161003/tools/bin/../lib/gcc/arm-none-eabi/10.3.1/../../../../arm-none-eabi/lib/thumb/v7e-m+fp/hard/libc_nano.a(lib_a-stdio.o)
                0x000000000800c122                __swrite
 .text.__sseek  0x000000000800c15a       0x24 /Applications/STM32CubeIDE.app/Contents/Eclipse/plugins/com.st.stm32cube.ide.mcu.externaltools.gnu-tools-for-stm32.10.3-2021.10.macos64_1.0.200.202301161003/tools/bin/../lib/gcc/arm-none-eabi/10.3.1/../../../../arm-none-eabi/lib/thumb/v7e-m+fp/hard/libc_nano.a(lib_a-stdio.o)
                0x000000000800c15a                __sseek
 .text.__sclose
                0x000000000800c17e        0x8 /Applications/STM32CubeIDE.app/Contents/Eclipse/plugins/com.st.stm32cube.ide.mcu.externaltools.gnu-tools-for-stm32.10.3-2021.10.macos64_1.0.200.202301161003/tools/bin/../lib/gcc/arm-none-eabi/10.3.1/../../../../arm-none-eabi/lib/thumb/v7e-m+fp/hard/libc_nano.a(lib_a-stdio.o)
                0x000000000800c17e                __sclose
 *fill*         0x000000000800c186        0x2 
 .text._write_r
                0x000000000800c188       0x24 /Applications/STM32CubeIDE.app/Contents/Eclipse/plugins/com.st.stm32cube.ide.mcu.externaltools.gnu-tools-for-stm32.10.3-2021.10.macos64_1.0.200.202301161003/tools/bin/../lib/gcc/arm-none-eabi/10.3.1/../../../../arm-none-eabi/lib/thumb/v7e-m+fp/hard/libc_nano.a(lib_a-writer.o)
                0x000000000800c188                _write_r
 .text._close_r
                0x000000000800c1ac       0x20 /Applications/STM32CubeIDE.app/Contents/Eclipse/plugins/com.st.stm32cube.ide.mcu.externaltools.gnu-tools-for-stm32.10.3-2021.10.macos64_1.0.200.202301161003/tools/bin/../lib/gcc/arm-none-eabi/10.3.1/../../../../arm-none-eabi/lib/thumb/v7e-m+fp/hard/libc_nano.a(lib_a-closer.o)
                0x000000000800c1ac                _close_r
 .text._fstat_r
                0x000000000800c1cc       0x24 /Applications/STM32CubeIDE.app/Contents/Eclipse/plugins/com.st.stm32cube.ide.mcu.externaltools.gnu-tools-for-stm32.10.3-2021.10.macos64_1.0.200.202301161003/tools/bin/../lib/gcc/arm-none-eabi/10.3.1/../../../../arm-none-eabi/lib/thumb/v7e-m+fp/hard/libc_nano.a(lib_a-fstatr.o)
                0x000000000800c1cc                _fstat_r
 .text._isatty_r
                0x000000000800c1f0       0x20 /Applications/STM32CubeIDE.app/Contents/Eclipse/plugins/com.st.stm32cube.ide.mcu.externaltools.gnu-tools-for-stm32.10.3-2021.10.macos64_1.0.200.202301161003/tools/bin/../lib/gcc/arm-none-eabi/10.3.1/../../../../arm-none-eabi/lib/thumb/v7e-m+fp/hard/libc_nano.a(lib_a-isattyr.o)
                0x000000000800c1f0                _isatty_r
 .text._lseek_r
                0x000000000800c210       0x24 /Applications/STM32CubeIDE.app/Contents/Eclipse/plugins/com.st.stm32cube.ide.mcu.externaltools.gnu-tools-for-stm32.10.3-2021.10.macos64_1.0.200.202301161003/tools/bin/../lib/gcc/arm-none-eabi/10.3.1/../../../../arm-none-eabi/lib/thumb/v7e-m+fp/hard/libc_nano.a(lib_a-lseekr.o)
                0x000000000800c210                _lseek_r
 .text._read_r  0x000000000800c234       0x24 /Applications/STM32CubeIDE.app/Contents/Eclipse/plugins/com.st.stm32cube.ide.mcu.externaltools.gnu-tools-for-stm32.10.3-2021.10.macos64_1.0.200.202301161003/tools/bin/../lib/gcc/arm-none-eabi/10.3.1/../../../../arm-none-eabi/lib/thumb/v7e-m+fp/hard/libc_nano.a(lib_a-readr.o)
                0x000000000800c234                _read_r
 .text.roundf   0x000000000800c258       0x48 /Applications/STM32CubeIDE.app/Contents/Eclipse/plugins/com.st.stm32cube.ide.mcu.externaltools.gnu-tools-for-stm32.10.3-2021.10.macos64_1.0.200.202301161003/tools/bin/../lib/gcc/arm-none-eabi/10.3.1/../../../../arm-none-eabi/lib/thumb/v7e-m+fp/hard/libm.a(lib_a-sf_round.o)
                0x000000000800c258                roundf
 .text.sqrtf    0x000000000800c2a0       0x3c /Applications/STM32CubeIDE.app/Contents/Eclipse/plugins/com.st.stm32cube.ide.mcu.externaltools.gnu-tools-for-stm32.10.3-2021.10.macos64_1.0.200.202301161003/tools/bin/../lib/gcc/arm-none-eabi/10.3.1/../../../../arm-none-eabi/lib/thumb/v7e-m+fp/hard/libm.a(lib_a-wf_sqrt.o)
                0x000000000800c2a0                sqrtf
 .text.__ieee754_sqrtf
                0x000000000800c2dc        0x6 /Applications/STM32CubeIDE.app/Contents/Eclipse/plugins/com.st.stm32cube.ide.mcu.externaltools.gnu-tools-for-stm32.10.3-2021.10.macos64_1.0.200.202301161003/tools/bin/../lib/gcc/arm-none-eabi/10.3.1/../../../../arm-none-eabi/lib/thumb/v7e-m+fp/hard/libm.a(lib_a-ef_sqrt.o)
                0x000000000800c2dc                __ieee754_sqrtf
 *fill*         0x000000000800c2e2        0x2 
 .text.__errno  0x000000000800c2e4        0xc /Applications/STM32CubeIDE.app/Contents/Eclipse/plugins/com.st.stm32cube.ide.mcu.externaltools.gnu-tools-for-stm32.10.3-2021.10.macos64_1.0.200.202301161003/tools/bin/../lib/gcc/arm-none-eabi/10.3.1/../../../../arm-none-eabi/lib/thumb/v7e-m+fp/hard/libc_nano.a(lib_a-errno.o)
                0x000000000800c2e4                __errno
 .text._close   0x000000000800c2f0       0x10 /Applications/STM32CubeIDE.app/Contents/Eclipse/plugins/com.st.stm32cube.ide.mcu.externaltools.gnu-tools-for-stm32.10.3-2021.10.macos64_1.0.200.202301161003/tools/bin/../lib/gcc/arm-none-eabi/10.3.1/../../../../arm-none-eabi/lib/thumb/v7e-m+fp/hard/libnosys.a(close.o)
                0x000000000800c2f0                _close
 .text._fstat   0x000000000800c300       0x10 /Applications/STM32CubeIDE.app/Contents/Eclipse/plugins/com.st.stm32cube.ide.mcu.externaltools.gnu-tools-for-stm32.10.3-2021.10.macos64_1.0.200.202301161003/tools/bin/../lib/gcc/arm-none-eabi/10.3.1/../../../../arm-none-eabi/lib/thumb/v7e-m+fp/hard/libnosys.a(fstat.o)
                0x000000000800c300                _fstat
 .text._getpid  0x000000000800c310       0x10 /Applications/STM32CubeIDE.app/Contents/Eclipse/plugins/com.st.stm32cube.ide.mcu.externaltools.gnu-tools-for-stm32.10.3-2021.10.macos64_1.0.200.202301161003/tools/bin/../lib/gcc/arm-none-eabi/10.3.1/../../../../arm-none-eabi/lib/thumb/v7e-m+fp/hard/libnosys.a(getpid.o)
                0x000000000800c310                _getpid
 .text._isatty  0x000000000800c320       0x10 /Applications/STM32CubeIDE.app/Contents/Eclipse/plugins/com.st.stm32cube.ide.mcu.externaltools.gnu-tools-for-stm32.10.3-2021.10.macos64_1.0.200.202301161003/tools/bin/../lib/gcc/arm-none-eabi/10.3.1/../../../../arm-none-eabi/lib/thumb/v7e-m+fp/hard/libnosys.a(isatty.o)
                0x000000000800c320                _isatty
 .text._kill    0x000000000800c330       0x10 /Applications/STM32CubeIDE.app/Contents/Eclipse/plugins/com.st.stm32cube.ide.mcu.externaltools.gnu-tools-for-stm32.10.3-2021.10.macos64_1.0.200.202301161003/tools/bin/../lib/gcc/arm-none-eabi/10.3.1/../../../../arm-none-eabi/lib/thumb/v7e-m+fp/hard/libnosys.a(kill.o)
                0x000000000800c330                _kill
 .text._lseek   0x000000000800c340       0x10 /Applications/STM32CubeIDE.app/Contents/Eclipse/plugins/com.st.stm32cube.ide.mcu.externaltools.gnu-tools-for-stm32.10.3-2021.10.macos64_1.0.200.202301161003/tools/bin/../lib/gcc/arm-none-eabi/10.3.1/../../../../arm-none-eabi/lib/thumb/v7e-m+fp/hard/libnosys.a(lseek.o)
                0x000000000800c340                _lseek
 .text._read    0x000000000800c350       0x10 /Applications/STM32CubeIDE.app/Contents/Eclipse/plugins/com.st.stm32cube.ide.mcu.externaltools.gnu-tools-for-stm32.10.3-2021.10.macos64_1.0.200.202301161003/tools/bin/../lib/gcc/arm-none-eabi/10.3.1/../../../../arm-none-eabi/lib/thumb/v7e-m+fp/hard/libnosys.a(read.o)
                0x000000000800c350                _read
 .text._sbrk    0x000000000800c360       0x1c /Applications/STM32CubeIDE.app/Contents/Eclipse/plugins/com.st.stm32cube.ide.mcu.externaltools.gnu-tools-for-stm32.10.3-2021.10.macos64_1.0.200.202301161003/tools/bin/../lib/gcc/arm-none-eabi/10.3.1/../../../../arm-none-eabi/lib/thumb/v7e-m+fp/hard/libnosys.a(sbrk.o)
                0x000000000800c360                _sbrk
 .text._write   0x000000000800c37c       0x10 /Applications/STM32CubeIDE.app/Contents/Eclipse/plugins/com.st.stm32cube.ide.mcu.externaltools.gnu-tools-for-stm32.10.3-2021.10.macos64_1.0.200.202301161003/tools/bin/../lib/gcc/arm-none-eabi/10.3.1/../../../../arm-none-eabi/lib/thumb/v7e-m+fp/hard/libnosys.a(write.o)
                0x000000000800c37c                _write
 .text._exit    0x000000000800c38c        0x2 /Applications/STM32CubeIDE.app/Contents/Eclipse/plugins/com.st.stm32cube.ide.mcu.externaltools.gnu-tools-for-stm32.10.3-2021.10.macos64_1.0.200.202301161003/tools/bin/../lib/gcc/arm-none-eabi/10.3.1/../../../../arm-none-eabi/lib/thumb/v7e-m+fp/hard/libnosys.a(_exit.o)
                0x000000000800c38c                _exit
 *(.glue_7)
 .glue_7        0x000000000800c38e        0x0 linker stubs
 *(.glue_7t)
 .glue_7t       0x000000000800c38e        0x0 linker stubs
 *(.eh_frame)
 *fill*         0x000000000800c38e        0x2 
 .eh_frame      0x000000000800c390        0x0 /Applications/STM32CubeIDE.app/Contents/Eclipse/plugins/com.st.stm32cube.ide.mcu.externaltools.gnu-tools-for-stm32.10.3-2021.10.macos64_1.0.200.202301161003/tools/bin/../lib/gcc/arm-none-eabi/10.3.1/thumb/v7e-m+fp/hard/crtbegin.o
 *(.init)
 .init          0x000000000800c390        0x4 /Applications/STM32CubeIDE.app/Contents/Eclipse/plugins/com.st.stm32cube.ide.mcu.externaltools.gnu-tools-for-stm32.10.3-2021.10.macos64_1.0.200.202301161003/tools/bin/../lib/gcc/arm-none-eabi/10.3.1/thumb/v7e-m+fp/hard/crti.o
                0x000000000800c390                _init
 .init          0x000000000800c394        0x8 /Applications/STM32CubeIDE.app/Contents/Eclipse/plugins/com.st.stm32cube.ide.mcu.externaltools.gnu-tools-for-stm32.10.3-2021.10.macos64_1.0.200.202301161003/tools/bin/../lib/gcc/arm-none-eabi/10.3.1/thumb/v7e-m+fp/hard/crtn.o
 *(.fini)
 .fini          0x000000000800c39c        0x4 /Applications/STM32CubeIDE.app/Contents/Eclipse/plugins/com.st.stm32cube.ide.mcu.externaltools.gnu-tools-for-stm32.10.3-2021.10.macos64_1.0.200.202301161003/tools/bin/../lib/gcc/arm-none-eabi/10.3.1/thumb/v7e-m+fp/hard/crti.o
                0x000000000800c39c                _fini
 .fini          0x000000000800c3a0        0x8 /Applications/STM32CubeIDE.app/Contents/Eclipse/plugins/com.st.stm32cube.ide.mcu.externaltools.gnu-tools-for-stm32.10.3-2021.10.macos64_1.0.200.202301161003/tools/bin/../lib/gcc/arm-none-eabi/10.3.1/thumb/v7e-m+fp/hard/crtn.o
                0x000000000800c3a8                . = ALIGN (0x4)
                0x000000000800c3a8                _etext = .

.vfp11_veneer   0x000000000800c3a8        0x0