../Drivers/BSP/Components/mfxstm32l152/mfxstm32l152.c:168:6:mfxstm32l152_Init	24	static
../Drivers/BSP/Components/mfxstm32l152/mfxstm32l152.c:201:6:mfxstm32l152_DeInit	24	static
../Drivers/BSP/Components/mfxstm32l152/mfxstm32l152.c:221:6:mfxstm32l152_Reset	16	static
../Drivers/BSP/Components/mfxstm32l152/mfxstm32l152.c:235:7:mfxstm32l152_LowPower	16	static
../Drivers/BSP/Components/mfxstm32l152/mfxstm32l152.c:249:7:mfxstm32l152_WakeUp	24	static
../Drivers/BSP/Components/mfxstm32l152/mfxstm32l152.c:272:10:mfxstm32l152_ReadID	24	static
../Drivers/BSP/Components/mfxstm32l152/mfxstm32l152.c:293:10:mfxstm32l152_ReadFwVersion	24	static
../Drivers/BSP/Components/mfxstm32l152/mfxstm32l152.c:317:6:mfxstm32l152_EnableITSource	24	static
../Drivers/BSP/Components/mfxstm32l152/mfxstm32l152.c:345:6:mfxstm32l152_DisableITSource	24	static
../Drivers/BSP/Components/mfxstm32l152/mfxstm32l152.c:374:9:mfxstm32l152_GlobalITStatus	16	static
../Drivers/BSP/Components/mfxstm32l152/mfxstm32l152.c:396:6:mfxstm32l152_ClearGlobalIT	16	static
../Drivers/BSP/Components/mfxstm32l152/mfxstm32l152.c:410:6:mfxstm32l152_SetIrqOutPinPolarity	24	static
../Drivers/BSP/Components/mfxstm32l152/mfxstm32l152.c:439:6:mfxstm32l152_SetIrqOutPinType	24	static
../Drivers/BSP/Components/mfxstm32l152/mfxstm32l152.c:472:6:mfxstm32l152_IO_Start	24	static
../Drivers/BSP/Components/mfxstm32l152/mfxstm32l152.c:535:9:mfxstm32l152_IO_Config	24	static
../Drivers/BSP/Components/mfxstm32l152/mfxstm32l152.c:737:6:mfxstm32l152_IO_InitPin	16	static
../Drivers/BSP/Components/mfxstm32l152/mfxstm32l152.c:753:6:mfxstm32l152_IO_SetIrqEvtMode	16	static
../Drivers/BSP/Components/mfxstm32l152/mfxstm32l152.c:771:6:mfxstm32l152_IO_SetIrqTypeMode	16	static
../Drivers/BSP/Components/mfxstm32l152/mfxstm32l152.c:786:6:mfxstm32l152_IO_WritePin	16	static
../Drivers/BSP/Components/mfxstm32l152/mfxstm32l152.c:809:10:mfxstm32l152_IO_ReadPin	24	static
../Drivers/BSP/Components/mfxstm32l152/mfxstm32l152.c:828:6:mfxstm32l152_IO_EnableIT	16	static
../Drivers/BSP/Components/mfxstm32l152/mfxstm32l152.c:841:6:mfxstm32l152_IO_DisableIT	16	static
../Drivers/BSP/Components/mfxstm32l152/mfxstm32l152.c:855:6:mfxstm32l152_IO_EnablePinIT	16	static
../Drivers/BSP/Components/mfxstm32l152/mfxstm32l152.c:868:6:mfxstm32l152_IO_DisablePinIT	16	static
../Drivers/BSP/Components/mfxstm32l152/mfxstm32l152.c:881:10:mfxstm32l152_IO_ITStatus	24	static
../Drivers/BSP/Components/mfxstm32l152/mfxstm32l152.c:903:6:mfxstm32l152_IO_ClearIT	24	static
../Drivers/BSP/Components/mfxstm32l152/mfxstm32l152.c:935:6:mfxstm32l152_IO_EnableAF	24	static
../Drivers/BSP/Components/mfxstm32l152/mfxstm32l152.c:961:7:mfxstm32l152_IO_DisableAF	24	static
../Drivers/BSP/Components/mfxstm32l152/mfxstm32l152.c:993:6:mfxstm32l152_TS_Start	24	static
../Drivers/BSP/Components/mfxstm32l152/mfxstm32l152.c:1043:9:mfxstm32l152_TS_DetectTouch	24	static
../Drivers/BSP/Components/mfxstm32l152/mfxstm32l152.c:1069:6:mfxstm32l152_TS_GetXY	32	static
../Drivers/BSP/Components/mfxstm32l152/mfxstm32l152.c:1088:6:mfxstm32l152_TS_EnableIT	16	static
../Drivers/BSP/Components/mfxstm32l152/mfxstm32l152.c:1101:6:mfxstm32l152_TS_DisableIT	16	static
../Drivers/BSP/Components/mfxstm32l152/mfxstm32l152.c:1112:9:mfxstm32l152_TS_ITStatus	16	static
../Drivers/BSP/Components/mfxstm32l152/mfxstm32l152.c:1123:6:mfxstm32l152_TS_ClearIT	16	static
../Drivers/BSP/Components/mfxstm32l152/mfxstm32l152.c:1138:6:mfxstm32l152_IDD_Start	24	static
../Drivers/BSP/Components/mfxstm32l152/mfxstm32l152.c:1158:6:mfxstm32l152_IDD_Config	32	static
../Drivers/BSP/Components/mfxstm32l152/mfxstm32l152.c:1267:6:mfxstm32l152_IDD_ConfigShuntNbLimit	24	static
../Drivers/BSP/Components/mfxstm32l152/mfxstm32l152.c:1290:6:mfxstm32l152_IDD_GetValue	24	static
../Drivers/BSP/Components/mfxstm32l152/mfxstm32l152.c:1306:10:mfxstm32l152_IDD_GetShuntUsed	16	static
../Drivers/BSP/Components/mfxstm32l152/mfxstm32l152.c:1316:6:mfxstm32l152_IDD_EnableIT	16	static
../Drivers/BSP/Components/mfxstm32l152/mfxstm32l152.c:1329:6:mfxstm32l152_IDD_ClearIT	16	static
../Drivers/BSP/Components/mfxstm32l152/mfxstm32l152.c:1340:9:mfxstm32l152_IDD_GetITStatus	16	static
../Drivers/BSP/Components/mfxstm32l152/mfxstm32l152.c:1351:6:mfxstm32l152_IDD_DisableIT	16	static
../Drivers/BSP/Components/mfxstm32l152/mfxstm32l152.c:1367:9:mfxstm32l152_Error_ReadSrc	16	static
../Drivers/BSP/Components/mfxstm32l152/mfxstm32l152.c:1378:9:mfxstm32l152_Error_ReadMsg	16	static
../Drivers/BSP/Components/mfxstm32l152/mfxstm32l152.c:1390:6:mfxstm32l152_Error_EnableIT	16	static
../Drivers/BSP/Components/mfxstm32l152/mfxstm32l152.c:1403:6:mfxstm32l152_Error_ClearIT	16	static
../Drivers/BSP/Components/mfxstm32l152/mfxstm32l152.c:1414:9:mfxstm32l152_Error_GetITStatus	16	static
../Drivers/BSP/Components/mfxstm32l152/mfxstm32l152.c:1425:6:mfxstm32l152_Error_DisableIT	16	static
../Drivers/BSP/Components/mfxstm32l152/mfxstm32l152.c:1434:9:mfxstm32l152_ReadReg	16	static
../Drivers/BSP/Components/mfxstm32l152/mfxstm32l152.c:1440:6:mfxstm32l152_WriteReg	16	static
../Drivers/BSP/Components/mfxstm32l152/mfxstm32l152.c:1455:16:mfxstm32l152_GetInstance	24	static
../Drivers/BSP/Components/mfxstm32l152/mfxstm32l152.c:1476:16:mfxstm32l152_ReleaseInstance	24	static
../Drivers/BSP/Components/mfxstm32l152/mfxstm32l152.c:1500:6:mfxstm32l152_reg24_setPinValue	24	static
