../Drivers/BSP/Components/stmpe1600/stmpe1600.c:118:6:stmpe1600_Init	24	static
../Drivers/BSP/Components/stmpe1600/stmpe1600.c:150:6:stmpe1600_Start	16	static
../Drivers/BSP/Components/stmpe1600/stmpe1600.c:160:6:stmpe1600_Reset	16	static
../Drivers/BSP/Components/stmpe1600/stmpe1600.c:180:10:stmpe1600_ReadID	24	static
../Drivers/BSP/Components/stmpe1600/stmpe1600.c:202:6:stmpe1600_SetITPolarity	24	static
../Drivers/BSP/Components/stmpe1600/stmpe1600.c:224:6:stmpe1600_EnableGlobalIT	24	static
../Drivers/BSP/Components/stmpe1600/stmpe1600.c:248:6:stmpe1600_DisableGlobalIT	24	static
../Drivers/BSP/Components/stmpe1600/stmpe1600.c:273:6:stmpe1600_IO_InitPin	24	static
../Drivers/BSP/Components/stmpe1600/stmpe1600.c:309:9:stmpe1600_IO_Config	24	static
../Drivers/BSP/Components/stmpe1600/stmpe1600.c:365:6:stmpe1600_IO_PolarityInv_Enable	24	static
../Drivers/BSP/Components/stmpe1600/stmpe1600.c:389:6:stmpe1600_IO_PolarityInv_Disable	24	static
../Drivers/BSP/Components/stmpe1600/stmpe1600.c:414:6:stmpe1600_IO_WritePin	24	static
../Drivers/BSP/Components/stmpe1600/stmpe1600.c:445:10:stmpe1600_IO_ReadPin	24	static
../Drivers/BSP/Components/stmpe1600/stmpe1600.c:466:6:stmpe1600_IO_EnablePinIT	24	static
../Drivers/BSP/Components/stmpe1600/stmpe1600.c:493:6:stmpe1600_IO_DisablePinIT	24	static
../Drivers/BSP/Components/stmpe1600/stmpe1600.c:518:10:stmpe1600_IO_ITStatus	24	static
../Drivers/BSP/Components/stmpe1600/stmpe1600.c:540:9:stmpe1600_IO_ReadIT	24	static
../Drivers/BSP/Components/stmpe1600/stmpe1600.c:558:6:stmpe1600_IO_ClearIT	24	static
../Drivers/BSP/Components/stmpe1600/stmpe1600.c:572:16:stmpe1600_GetInstance	24	static
