../Drivers/CMSIS/Include/core_cm4.h:1688:22:__NVIC_EnableIRQ	16	static
../Drivers/CMSIS/Include/core_cm4.h:1724:22:__NVIC_DisableIRQ	16	static,ignoring_inline_asm
../Drivers/CMSIS/Include/core_cm4.h:1777:22:__NVIC_ClearPendingIRQ	16	static
../Core/Src/measuring.c:118:6:orderSamples	16	static
../Core/Src/measuring.c:136:9:rootMeanSquare	56	static
../Core/Src/measuring.c:167:9:averageOfTwoArrays	24	static
../Core/Src/measuring.c:181:9:findDistance	24	static
../Core/Src/measuring.c:200:6:MEAS_GPIO_analog_init	16	static
../Core/Src/measuring.c:217:6:DAC_reset	4	static
../Core/Src/measuring.c:230:6:DAC_init	16	static
../Core/Src/measuring.c:241:6:DAC_increment	4	static
../Core/Src/measuring.c:253:6:ADC_reset	4	static
../Core/Src/measuring.c:265:6:ADC3_IN4_single_init	16	static
../Core/Src/measuring.c:278:6:ADC3_IN4_single_read	8	static
../Core/Src/measuring.c:299:6:MEAS_timer_init	16	static
../Core/Src/measuring.c:320:6:ADC3_IN4_timer_init	16	static
../Core/Src/measuring.c:338:6:ADC3_IN4_timer_start	8	static
../Core/Src/measuring.c:358:6:ADC3_IN4_DMA_init	16	static
../Core/Src/measuring.c:386:6:ADC3_IN4_DMA_start	8	static
../Core/Src/measuring.c:411:6:ADC1_IN13_ADC2_IN5_dual_init	24	static
../Core/Src/measuring.c:442:6:ADC1_IN13_ADC2_IN5_dual_start	8	static
../Core/Src/measuring.c:464:6:ADC2_IN13_IN5_scan_init	16	static
../Core/Src/measuring.c:495:6:ADC2_IN13_IN5_scan_start	8	static
../Core/Src/measuring.c:516:6:ADC3_IN13_IN4_scan_init	16	static
../Core/Src/measuring.c:551:6:ADC3_IN13_IN4_scan_start	8	static
../Core/Src/measuring.c:567:6:TIM2_IRQHandler	8	static
../Core/Src/measuring.c:582:6:ADC_IRQHandler	8	static
../Core/Src/measuring.c:603:6:DMA2_Stream1_IRQHandler	8	static
../Core/Src/measuring.c:626:6:DMA2_Stream3_IRQHandler	8	static
../Core/Src/measuring.c:654:6:DMA2_Stream4_IRQHandler	8	static
../Core/Src/measuring.c:684:6:MEAS_show_data	96	static
